Archive member included because of file (symbol)

c:/program files (x86)/atmel/studio/7.0/toolchain/arm/arm-gnu-toolchain/bin/../lib/gcc/arm-none-eabi/4.9.3/armv6-m\libgcc.a(_udivsi3.o)
                              src/ASF/sam0/drivers/nvm/nvm.o (__aeabi_uidiv)
c:/program files (x86)/atmel/studio/7.0/toolchain/arm/arm-gnu-toolchain/bin/../lib/gcc/arm-none-eabi/4.9.3/armv6-m\libgcc.a(_divsi3.o)
                              src/ADXL375.o (__aeabi_idiv)
c:/program files (x86)/atmel/studio/7.0/toolchain/arm/arm-gnu-toolchain/bin/../lib/gcc/arm-none-eabi/4.9.3/armv6-m\libgcc.a(_dvmd_tls.o)
                              c:/program files (x86)/atmel/studio/7.0/toolchain/arm/arm-gnu-toolchain/bin/../lib/gcc/arm-none-eabi/4.9.3/armv6-m\libgcc.a(_udivsi3.o) (__aeabi_idiv0)
c:/program files (x86)/atmel/studio/7.0/toolchain/arm/arm-gnu-toolchain/bin/../lib/gcc/arm-none-eabi/4.9.3/armv6-m\libgcc.a(_clzsi2.o)
                              src/ASF/sam0/drivers/usb/usb_sam_l/usb.o (__clzsi2)
c:/program files (x86)/atmel/studio/7.0/toolchain/arm/arm-gnu-toolchain/bin/../lib/gcc/arm-none-eabi/4.9.3/armv6-m\libgcc.a(_ctzsi2.o)
                              src/ASF/sam0/drivers/usb/usb_sam_l/usb.o (__ctzsi2)
c:/program files (x86)/atmel/studio/7.0/toolchain/arm/arm-gnu-toolchain/bin/../lib/gcc/arm-none-eabi/4.9.3/armv6-m\libgcc.a(_muldi3.o)
                              src/ASF/sam0/drivers/sercom/sercom.o (__aeabi_lmul)
c:/program files (x86)/atmel/studio/7.0/toolchain/arm/arm-gnu-toolchain/bin/../lib/gcc/arm-none-eabi/4.9.3/../../../../arm-none-eabi/lib/armv6-m\libc_nano.a(lib_a-exit.o)
                              c:/program files (x86)/atmel/studio/7.0/toolchain/arm/arm-gnu-toolchain/bin/../lib/gcc/arm-none-eabi/4.9.3/../../../../arm-none-eabi/lib/armv6-m/crt0.o (exit)
c:/program files (x86)/atmel/studio/7.0/toolchain/arm/arm-gnu-toolchain/bin/../lib/gcc/arm-none-eabi/4.9.3/../../../../arm-none-eabi/lib/armv6-m\libc_nano.a(lib_a-impure.o)
                              c:/program files (x86)/atmel/studio/7.0/toolchain/arm/arm-gnu-toolchain/bin/../lib/gcc/arm-none-eabi/4.9.3/../../../../arm-none-eabi/lib/armv6-m\libc_nano.a(lib_a-exit.o) (_global_impure_ptr)
c:/program files (x86)/atmel/studio/7.0/toolchain/arm/arm-gnu-toolchain/bin/../lib/gcc/arm-none-eabi/4.9.3/../../../../arm-none-eabi/lib/armv6-m\libc_nano.a(lib_a-init.o)
                              c:/program files (x86)/atmel/studio/7.0/toolchain/arm/arm-gnu-toolchain/bin/../lib/gcc/arm-none-eabi/4.9.3/../../../../arm-none-eabi/lib/armv6-m/crt0.o (__libc_init_array)
c:/program files (x86)/atmel/studio/7.0/toolchain/arm/arm-gnu-toolchain/bin/../lib/gcc/arm-none-eabi/4.9.3/../../../../arm-none-eabi/lib/armv6-m\libc_nano.a(lib_a-memcpy.o)
                              src/ADT7420.o (memcpy)
c:/program files (x86)/atmel/studio/7.0/toolchain/arm/arm-gnu-toolchain/bin/../lib/gcc/arm-none-eabi/4.9.3/../../../../arm-none-eabi/lib/armv6-m\libc_nano.a(lib_a-memset.o)
                              c:/program files (x86)/atmel/studio/7.0/toolchain/arm/arm-gnu-toolchain/bin/../lib/gcc/arm-none-eabi/4.9.3/../../../../arm-none-eabi/lib/armv6-m/crt0.o (memset)
c:/program files (x86)/atmel/studio/7.0/toolchain/arm/arm-gnu-toolchain/bin/../lib/gcc/arm-none-eabi/4.9.3/../../../../arm-none-eabi/lib/armv6-m\libc_nano.a(lib_a-printf.o)
                              src/ASF/sam0/utils/syscalls/gcc/syscalls.o (printf)
c:/program files (x86)/atmel/studio/7.0/toolchain/arm/arm-gnu-toolchain/bin/../lib/gcc/arm-none-eabi/4.9.3/../../../../arm-none-eabi/lib/armv6-m\libc_nano.a(lib_a-sprintf.o)
                              src/SP1ML.o (sprintf)
c:/program files (x86)/atmel/studio/7.0/toolchain/arm/arm-gnu-toolchain/bin/../lib/gcc/arm-none-eabi/4.9.3/../../../../arm-none-eabi/lib/armv6-m\libc_nano.a(lib_a-findfp.o)
                              c:/program files (x86)/atmel/studio/7.0/toolchain/arm/arm-gnu-toolchain/bin/../lib/gcc/arm-none-eabi/4.9.3/../../../../arm-none-eabi/lib/armv6-m\libc_nano.a(lib_a-printf.o) (__sinit)
c:/program files (x86)/atmel/studio/7.0/toolchain/arm/arm-gnu-toolchain/bin/../lib/gcc/arm-none-eabi/4.9.3/../../../../arm-none-eabi/lib/armv6-m\libc_nano.a(lib_a-fwalk.o)
                              c:/program files (x86)/atmel/studio/7.0/toolchain/arm/arm-gnu-toolchain/bin/../lib/gcc/arm-none-eabi/4.9.3/../../../../arm-none-eabi/lib/armv6-m\libc_nano.a(lib_a-findfp.o) (_fwalk)
c:/program files (x86)/atmel/studio/7.0/toolchain/arm/arm-gnu-toolchain/bin/../lib/gcc/arm-none-eabi/4.9.3/../../../../arm-none-eabi/lib/armv6-m\libc_nano.a(lib_a-nano-mallocr.o)
                              c:/program files (x86)/atmel/studio/7.0/toolchain/arm/arm-gnu-toolchain/bin/../lib/gcc/arm-none-eabi/4.9.3/../../../../arm-none-eabi/lib/armv6-m\libc_nano.a(lib_a-findfp.o) (_malloc_r)
[...]
Memory Configuration

Name             Origin             Length             Attributes
rom              0x00000000         0x00040000         xr
ram              0x20000000         0x00008000         xrw
lpram            0x30000000         0x00002000         xrw
*default*        0x00000000         0xffffffff

Linker script and memory map

LOAD c:/program files (x86)/atmel/studio/7.0/toolchain/arm/arm-gnu-toolchain/bin/../lib/gcc/arm-none-eabi/4.9.3/armv6-m/crti.o
LOAD c:/program files (x86)/atmel/studio/7.0/toolchain/arm/arm-gnu-toolchain/bin/../lib/gcc/arm-none-eabi/4.9.3/armv6-m/crtbegin.o
LOAD c:/program files (x86)/atmel/studio/7.0/toolchain/arm/arm-gnu-toolchain/bin/../lib/gcc/arm-none-eabi/4.9.3/../../../../arm-none-eabi/lib/armv6-m/crt0.o
LOAD src/ADT7420.o
LOAD src/ADXL375.o
LOAD src/ASF/common/services/sleepmgr/saml/sleepmgr.o
LOAD src/ASF/common/services/usb/class/cdc/device/udi_cdc.o
LOAD src/ASF/common/services/usb/class/cdc/device/udi_cdc_desc.o
LOAD src/ASF/common/services/usb/udc/udc.o
LOAD src/ASF/sam0/drivers/events/events_hooks.o
LOAD src/ASF/sam0/drivers/events/events_sam_l_c/events.o
LOAD src/ASF/sam0/drivers/extint/extint_sam_l_c/extint.o
LOAD src/ASF/sam0/drivers/nvm/nvm.o
LOAD src/ASF/sam0/drivers/rtc/rtc_sam_l_c/rtc_calendar.o
LOAD src/ASF/sam0/drivers/rtc/rtc_sam_l_c/rtc_calendar_interrupt.o
LOAD src/ASF/sam0/drivers/sercom/i2c/i2c_sam0/i2c_master.o
LOAD src/ASF/sam0/drivers/tc/tc_interrupt.o
LOAD src/ASF/sam0/drivers/tc/tc_sam_l_c/tc.o
LOAD src/ASF/sam0/drivers/usb/stack_interface/usb_device_udd.o
LOAD src/ASF/sam0/drivers/usb/stack_interface/usb_dual.o
LOAD src/ASF/sam0/drivers/usb/usb_sam_l/usb.o
LOAD src/HAL.o
LOAD src/S70FL01.o
LOAD src/SP1ML.o
LOAD src/ASF/sam0/drivers/sercom/usart/usart.o
LOAD src/ASF/sam0/drivers/sercom/spi/spi.o
LOAD src/ASF/sam0/drivers/sercom/sercom.o
LOAD src/ASF/sam0/drivers/extint/extint_callback.o
LOAD src/ASF/sam0/drivers/port/port.o
LOAD src/ASF/common2/boards/user_board/init.o
LOAD src/ASF/common/utils/interrupt/interrupt_sam_nvic.o
LOAD src/ASF/sam0/drivers/system/clock/clock_saml21/clock.o
LOAD src/ASF/sam0/drivers/system/clock/clock_saml21/gclk.o
LOAD src/ASF/sam0/drivers/system/interrupt/system_interrupt.o
LOAD src/ASF/sam0/drivers/system/pinmux/pinmux.o
LOAD src/ASF/sam0/drivers/system/system.o
LOAD src/ASF/sam0/utils/cmsis/saml21/source/gcc/startup_saml21.o
LOAD src/ASF/sam0/utils/cmsis/saml21/source/system_saml21.o
LOAD src/ASF/sam0/utils/syscalls/gcc/syscalls.o
LOAD src/main.o
START GROUP
LOAD ../src/ASF/thirdparty/CMSIS/Lib/GCC\libarm_cortexM0l_math.a
LOAD c:/program files (x86)/atmel/studio/7.0/toolchain/arm/arm-gnu-toolchain/bin/../lib/gcc/arm-none-eabi/4.9.3/../../../../arm-none-eabi/lib/armv6-m\libm.a
END GROUP
START GROUP
LOAD c:/program files (x86)/atmel/studio/7.0/toolchain/arm/arm-gnu-toolchain/bin/../lib/gcc/arm-none-eabi/4.9.3/armv6-m\libgcc.a
LOAD c:/program files (x86)/atmel/studio/7.0/toolchain/arm/arm-gnu-toolchain/bin/../lib/gcc/arm-none-eabi/4.9.3/../../../../arm-none-eabi/lib/armv6-m\libc_nano.a
END GROUP
START GROUP
LOAD c:/program files (x86)/atmel/studio/7.0/toolchain/arm/arm-gnu-toolchain/bin/../lib/gcc/arm-none-eabi/4.9.3/armv6-m\libgcc.a
LOAD c:/program files (x86)/atmel/studio/7.0/toolchain/arm/arm-gnu-toolchain/bin/../lib/gcc/arm-none-eabi/4.9.3/../../../../arm-none-eabi/lib/armv6-m\libc_nano.a
END GROUP
LOAD c:/program files (x86)/atmel/studio/7.0/toolchain/arm/arm-gnu-toolchain/bin/../lib/gcc/arm-none-eabi/4.9.3/armv6-m/crtend.o
LOAD c:/program files (x86)/atmel/studio/7.0/toolchain/arm/arm-gnu-toolchain/bin/../lib/gcc/arm-none-eabi/4.9.3/armv6-m/crtn.o
                0x00002000                STACK_SIZE = DEFINED (STACK_SIZE)?STACK_SIZE:DEFINED (__stack_size__)?__stack_size__:0x2000

.text           0x00000000     0x4af8
                0x00000000                . = ALIGN (0x4)
                0x00000000                _sfixed = .
 *(.vectors .vectors.*)
 .vectors       0x00000000       0xb4 src/ASF/sam0/utils/cmsis/saml21/source/gcc/startup_saml21.o
                0x00000000                exception_table
 *(.text .text.* .gnu.linkonce.t.*)
 .text          0x000000b4       0x60 c:/program files (x86)/atmel/studio/7.0/toolchain/arm/arm-gnu-toolchain/bin/../lib/gcc/arm-none-eabi/4.9.3/armv6-m/crtbegin.o
 .text.configure_ADT7420
                0x00000114       0x98 src/ADT7420.o
                0x00000114                configure_ADT7420
 .text.ADT7420_read_temp
                0x000001ac      0x20c src/ADT7420.o
                0x000001ac                ADT7420_read_temp
 .text.ADXL375_disable_interrupt
                0x000003b8       0xc0 src/ADXL375.o
                0x000003b8                ADXL375_disable_interrupt
 .text.ADXL375_enable_interrupt
                0x00000478       0xc4 src/ADXL375.o
                0x00000478                ADXL375_enable_interrupt
 .text.ADXL375_set_activity_thresh
                0x0000053c      0x10c src/ADXL375.o
                0x0000053c                ADXL375_set_activity_thresh
 .text.ADXL375_set_inactivity_thresh
                0x00000648      0x13c src/ADXL375.o
                0x00000648                ADXL375_set_inactivity_thresh
 .text.ADXL375_begin_sampling
                0x00000784       0x94 src/ADXL375.o
                0x00000784                ADXL375_begin_sampling
 .text.ADXL375_end_sampling
                0x00000818       0x60 src/ADXL375.o
                0x00000818                ADXL375_end_sampling
 .text.ADXL375_calibrate
                0x00000878      0x25c src/ADXL375.o
                0x00000878                ADXL375_calibrate
 .text.configure_ADXL375
                0x00000ad4      0x21c src/ADXL375.o
                0x00000ad4                configure_ADXL375
 .text.ADXL375_read_samples
                0x00000cf0       0xd0 src/ADXL375.o
                0x00000cf0                ADXL375_read_samples
 .text.ADXL375_ISR_Handler
                0x00000dc0      0x190 src/ADXL375.o
                0x00000dc0                ADXL375_ISR_Handler
 .text.EVSYS_Handler
                0x00000f50       0x3c src/ASF/sam0/drivers/events/events_hooks.o
                0x00000f50                EVSYS_Handler
 .text._system_events_init
                0x00000f8c       0x20 src/ASF/sam0/drivers/events/events_sam_l_c/events.o
                0x00000f8c                _system_events_init
 .text._extint_enable
                0x00000fac       0x20 src/ASF/sam0/drivers/extint/extint_sam_l_c/extint.o
 .text._system_extint_init
                0x00000fcc       0x84 src/ASF/sam0/drivers/extint/extint_sam_l_c/extint.o
                0x00000fcc                _system_extint_init
 .text.rtc_calendar_enable
                0x00001050       0x28 src/ASF/sam0/drivers/rtc/rtc_sam_l_c/rtc_calendar.o
                0x00001050                rtc_calendar_enable
 .text.rtc_calendar_disable
                0x00001078       0x2c src/ASF/sam0/drivers/rtc/rtc_sam_l_c/rtc_calendar.o
                0x00001078                rtc_calendar_disable
 .text.rtc_calendar_reset
                0x000010a4       0x30 src/ASF/sam0/drivers/rtc/rtc_sam_l_c/rtc_calendar.o
                0x000010a4                rtc_calendar_reset
 .text.rtc_calendar_time_to_register_value
                0x000010d4       0x3c src/ASF/sam0/drivers/rtc/rtc_sam_l_c/rtc_calendar.o
                0x000010d4                rtc_calendar_time_to_register_value
 .text.rtc_calendar_register_value_to_time
                0x00001110       0x40 src/ASF/sam0/drivers/rtc/rtc_sam_l_c/rtc_calendar.o
                0x00001110                rtc_calendar_register_value_to_time
 .text.rtc_calendar_set_time
                0x00001150       0x20 src/ASF/sam0/drivers/rtc/rtc_sam_l_c/rtc_calendar.o
                0x00001150                rtc_calendar_set_time
 .text.rtc_calendar_get_time
                0x00001170       0x18 src/ASF/sam0/drivers/rtc/rtc_sam_l_c/rtc_calendar.o
                0x00001170                rtc_calendar_get_time
 .text.rtc_calendar_set_alarm
                0x00001188       0x40 src/ASF/sam0/drivers/rtc/rtc_sam_l_c/rtc_calendar.o
                0x00001188                rtc_calendar_set_alarm
 .text.rtc_calendar_init
                0x000011c8       0x6c src/ASF/sam0/drivers/rtc/rtc_sam_l_c/rtc_calendar.o
                0x000011c8                rtc_calendar_init
 .text.rtc_calendar_register_callback
                0x00001234       0x20 src/ASF/sam0/drivers/rtc/rtc_sam_l_c/rtc_calendar_interrupt.o
                0x00001234                rtc_calendar_register_callback
 .text.rtc_calendar_enable_callback
                0x00001254       0x48 src/ASF/sam0/drivers/rtc/rtc_sam_l_c/rtc_calendar_interrupt.o
                0x00001254                rtc_calendar_enable_callback
 .text.RTC_Handler
                0x0000129c       0xa4 src/ASF/sam0/drivers/rtc/rtc_sam_l_c/rtc_calendar_interrupt.o
                0x0000129c                RTC_Handler
 .text._i2c_master_wait_for_sync
                0x00001340        0xc src/ASF/sam0/drivers/sercom/i2c/i2c_sam0/i2c_master.o
 .text.i2c_master_init
                0x0000134c      0x1f4 src/ASF/sam0/drivers/sercom/i2c/i2c_sam0/i2c_master.o
                0x0000134c                i2c_master_init
 .text._i2c_master_address_response
                0x00001540       0x30 src/ASF/sam0/drivers/sercom/i2c/i2c_sam0/i2c_master.o
                0x00001540                _i2c_master_address_response
 .text._i2c_master_wait_for_bus
                0x00001570       0x30 src/ASF/sam0/drivers/sercom/i2c/i2c_sam0/i2c_master.o
                0x00001570                _i2c_master_wait_for_bus
 .text._i2c_master_send_hs_master_code
                0x000015a0       0x20 src/ASF/sam0/drivers/sercom/i2c/i2c_sam0/i2c_master.o
                0x000015a0                _i2c_master_send_hs_master_code
 .text._i2c_master_read_packet
                0x000015c0      0x17c src/ASF/sam0/drivers/sercom/i2c/i2c_sam0/i2c_master.o
 .text._i2c_master_write_packet
                0x0000173c       0xf0 src/ASF/sam0/drivers/sercom/i2c/i2c_sam0/i2c_master.o
 .text.i2c_master_read_packet_wait
                0x0000182c       0x14 src/ASF/sam0/drivers/sercom/i2c/i2c_sam0/i2c_master.o
                0x0000182c                i2c_master_read_packet_wait
 .text.i2c_master_write_packet_wait
                0x00001840       0x14 src/ASF/sam0/drivers/sercom/i2c/i2c_sam0/i2c_master.o
                0x00001840                i2c_master_write_packet_wait
 .text.i2c_master_write_packet_wait_no_stop
                0x00001854       0x14 src/ASF/sam0/drivers/sercom/i2c/i2c_sam0/i2c_master.o
                0x00001854                i2c_master_write_packet_wait_no_stop
 .text._tc_interrupt_handler
                0x00001868       0x5c src/ASF/sam0/drivers/tc/tc_interrupt.o
                0x00001868                _tc_interrupt_handler
 .text.TC0_Handler
                0x000018c4       0x10 src/ASF/sam0/drivers/tc/tc_interrupt.o
                0x000018c4                TC0_Handler
 .text.TC1_Handler
                0x000018d4       0x10 src/ASF/sam0/drivers/tc/tc_interrupt.o
                0x000018d4                TC1_Handler
 .text.TC4_Handler
                0x000018e4       0x10 src/ASF/sam0/drivers/tc/tc_interrupt.o
                0x000018e4                TC4_Handler
 .text.USB_Handler
                0x000018f4      0x5a0 src/ASF/sam0/drivers/usb/usb_sam_l/usb.o
                0x000018f4                USB_Handler
 .text.rtc_match_callback
                0x00001e94       0x74 src/HAL.o
                0x00001e94                rtc_match_callback
 .text.sleep    0x00001f08       0x44 src/HAL.o
                0x00001f08                sleep
 .text.configure_sleepmode
                0x00001f4c       0x54 src/HAL.o
                0x00001f4c                configure_sleepmode
 .text.configure_rtc
                0x00001fa0       0xd0 src/HAL.o
                0x00001fa0                configure_rtc
 .text.configure_i2c
                0x00002070       0x98 src/HAL.o
                0x00002070                configure_i2c
 .text.configure_mag_sw_int
                0x00002108       0xb8 src/HAL.o
                0x00002108                configure_mag_sw_int
 .text.configure_databuffers
                0x000021c0       0x64 src/HAL.o
                0x000021c0                configure_databuffers
 .text.get_timestamp
                0x00002224       0x38 src/HAL.o
                0x00002224                get_timestamp
 .text.offload_data
                0x0000225c      0x474 src/HAL.o
                0x0000225c                offload_data
 .text.configure_S70FL01
                0x000026d0      0x2fc src/S70FL01.o
                0x000026d0                configure_S70FL01
 .text.S70FL01_verified_write
                0x000029cc      0x31c src/S70FL01.o
                0x000029cc                S70FL01_verified_write
 .text.configure_SP1ML
                0x00002ce8      0x124 src/SP1ML.o
                0x00002ce8                configure_SP1ML
 .text.usart_init
                0x00002e0c      0x314 src/ASF/sam0/drivers/sercom/usart/usart.o
                0x00002e0c                usart_init
 .text.spi_init
                0x00003120      0x354 src/ASF/sam0/drivers/sercom/spi/spi.o
                0x00003120                spi_init
 .text.spi_read_buffer_wait
                0x00003474      0x10c src/ASF/sam0/drivers/sercom/spi/spi.o
                0x00003474                spi_read_buffer_wait
 .text.spi_write_buffer_wait
                0x00003580      0x20c src/ASF/sam0/drivers/sercom/spi/spi.o
                0x00003580                spi_write_buffer_wait
 .text._sercom_get_sync_baud_val
                0x0000378c       0x28 src/ASF/sam0/drivers/sercom/sercom.o
                0x0000378c                _sercom_get_sync_baud_val
 .text._sercom_get_async_baud_val
                0x000037b4      0x1c8 src/ASF/sam0/drivers/sercom/sercom.o
                0x000037b4                _sercom_get_async_baud_val
 .text.sercom_set_gclk_generator
                0x0000397c       0x4c src/ASF/sam0/drivers/sercom/sercom.o
                0x0000397c                sercom_set_gclk_generator
 .text._sercom_get_default_pad
                0x000039c8      0x16c src/ASF/sam0/drivers/sercom/sercom.o
                0x000039c8                _sercom_get_default_pad
 .text._sercom_get_sercom_inst_index
                0x00003b34       0x3c src/ASF/sam0/drivers/sercom/sercom.o
                0x00003b34                _sercom_get_sercom_inst_index
 .text.extint_register_callback
                0x00003b70       0x2c src/ASF/sam0/drivers/extint/extint_callback.o
                0x00003b70                extint_register_callback
 .text.EIC_Handler
                0x00003b9c       0x68 src/ASF/sam0/drivers/extint/extint_callback.o
                0x00003b9c                EIC_Handler
 .text.port_pin_set_config
                0x00003c04       0x24 src/ASF/sam0/drivers/port/port.o
                0x00003c04                port_pin_set_config
 .text.system_board_init
                0x00003c28        0x4 src/ASF/common2/boards/user_board/init.o
                0x00003c28                board_init
                0x00003c28                system_board_init
 .text.cpu_irq_enter_critical
                0x00003c2c       0x40 src/ASF/common/utils/interrupt/interrupt_sam_nvic.o
                0x00003c2c                cpu_irq_enter_critical
 .text.cpu_irq_leave_critical
                0x00003c6c       0x30 src/ASF/common/utils/interrupt/interrupt_sam_nvic.o
                0x00003c6c                cpu_irq_leave_critical
 .text.system_clock_source_get_hz
                0x00003c9c       0x94 src/ASF/sam0/drivers/system/clock/clock_saml21/clock.o
                0x00003c9c                system_clock_source_get_hz
 .text.system_clock_source_osc32k_set_config
                0x00003d30       0x88 src/ASF/sam0/drivers/system/clock/clock_saml21/clock.o
                0x00003d30                system_clock_source_osc32k_set_config
 .text.system_clock_source_xosc32k_set_config
                0x00003db8       0xb4 src/ASF/sam0/drivers/system/clock/clock_saml21/clock.o
                0x00003db8                system_clock_source_xosc32k_set_config
 .text.system_clock_source_enable
                0x00003e6c       0xbc src/ASF/sam0/drivers/system/clock/clock_saml21/clock.o
                0x00003e6c                system_clock_source_enable
 .text.system_clock_source_disable
                0x00003f28       0x80 src/ASF/sam0/drivers/system/clock/clock_saml21/clock.o
                0x00003f28                system_clock_source_disable
 .text.system_clock_init
                0x00003fa8      0x17c src/ASF/sam0/drivers/system/clock/clock_saml21/clock.o
                0x00003fa8                system_clock_init
 .text.system_gclk_init
                0x00004124       0x24 src/ASF/sam0/drivers/system/clock/clock_saml21/gclk.o
                0x00004124                system_gclk_init
 .text.system_gclk_gen_set_config
                0x00004148       0xac src/ASF/sam0/drivers/system/clock/clock_saml21/gclk.o
                0x00004148                system_gclk_gen_set_config
 .text.system_gclk_gen_enable
                0x000041f4       0x40 src/ASF/sam0/drivers/system/clock/clock_saml21/gclk.o
                0x000041f4                system_gclk_gen_enable
 .text.system_gclk_gen_get_hz
                0x00004234       0x6c src/ASF/sam0/drivers/system/clock/clock_saml21/gclk.o
                0x00004234                system_gclk_gen_get_hz
 .text.system_gclk_chan_enable
                0x000042a0       0x34 src/ASF/sam0/drivers/system/clock/clock_saml21/gclk.o
                0x000042a0                system_gclk_chan_enable
 .text.system_gclk_chan_disable
                0x000042d4       0x34 src/ASF/sam0/drivers/system/clock/clock_saml21/gclk.o
                0x000042d4                system_gclk_chan_disable
 .text.system_gclk_chan_set_config
                0x00004308       0x24 src/ASF/sam0/drivers/system/clock/clock_saml21/gclk.o
                0x00004308                system_gclk_chan_set_config
 .text.system_gclk_chan_get_hz
                0x0000432c       0x30 src/ASF/sam0/drivers/system/clock/clock_saml21/gclk.o
                0x0000432c                system_gclk_chan_get_hz
 .text._system_pinmux_config
                0x0000435c       0xa8 src/ASF/sam0/drivers/system/pinmux/pinmux.o
 .text.system_pinmux_pin_set_config
                0x00004404       0x30 src/ASF/sam0/drivers/system/pinmux/pinmux.o
                0x00004404                system_pinmux_pin_set_config
 .text._system_dummy_init
                0x00004434        0x4 src/ASF/sam0/drivers/system/system.o
                0x00004434                _system_dummy_init
                0x00004434                _system_divas_init
 .text.system_init
                0x00004438       0x2c src/ASF/sam0/drivers/system/system.o
                0x00004438                system_init
 .text.Dummy_Handler
                0x00004464        0x4 src/ASF/sam0/utils/cmsis/saml21/source/gcc/startup_saml21.o
                0x00004464                DMAC_Handler
                0x00004464                TRNG_Handler
                0x00004464                HardFault_Handler
                0x00004464                AC_Handler
                0x00004464                SysTick_Handler
                0x00004464                PendSV_Handler
                0x00004464                NMI_Handler
                0x00004464                SERCOM1_Handler
                0x00004464                ADC_Handler
                0x00004464                TCC1_Handler
                0x00004464                SERCOM2_Handler
                0x00004464                TCC0_Handler
                0x00004464                WDT_Handler
                0x00004464                Dummy_Handler
                0x00004464                SERCOM5_Handler
                0x00004464                SVC_Handler
                0x00004464                TCC2_Handler
                0x00004464                SERCOM3_Handler
                0x00004464                SERCOM4_Handler
                0x00004464                NVMCTRL_Handler
                0x00004464                SYSTEM_Handler
                0x00004464                SERCOM0_Handler
                0x00004464                DAC_Handler
                0x00004464                PTC_Handler
                0x00004464                AES_Handler
 .text.Reset_Handler
                0x00004468       0xa8 src/ASF/sam0/utils/cmsis/saml21/source/gcc/startup_saml21.o
                0x00004468                Reset_Handler
 .text.extint_callback
                0x00004510        0x4 src/main.o
                0x00004510                extint_callback
 .text.main     0x00004514      0x108 src/main.o
                0x00004514                main
 .text          0x0000461c      0x120 c:/program files (x86)/atmel/studio/7.0/toolchain/arm/arm-gnu-toolchain/bin/../lib/gcc/arm-none-eabi/4.9.3/armv6-m\libgcc.a(_udivsi3.o)
                0x0000461c                __aeabi_uidiv
                0x0000461c                __udivsi3
                0x00004728                __aeabi_uidivmod
 .text          0x0000473c      0x1e0 c:/program files (x86)/atmel/studio/7.0/toolchain/arm/arm-gnu-toolchain/bin/../lib/gcc/arm-none-eabi/4.9.3/armv6-m\libgcc.a(_divsi3.o)
                0x0000473c                __divsi3
                0x0000473c                __aeabi_idiv
                0x00004908                __aeabi_idivmod
 .text          0x0000491c        0x4 c:/program files (x86)/atmel/studio/7.0/toolchain/arm/arm-gnu-toolchain/bin/../lib/gcc/arm-none-eabi/4.9.3/armv6-m\libgcc.a(_dvmd_tls.o)
                0x0000491c                __aeabi_idiv0
                0x0000491c                __aeabi_ldiv0
 .text          0x00004920       0x40 c:/program files (x86)/atmel/studio/7.0/toolchain/arm/arm-gnu-toolchain/bin/../lib/gcc/arm-none-eabi/4.9.3/armv6-m\libgcc.a(_ctzsi2.o)
                0x00004920                __ctzsi2
 .text          0x00004960       0x54 c:/program files (x86)/atmel/studio/7.0/toolchain/arm/arm-gnu-toolchain/bin/../lib/gcc/arm-none-eabi/4.9.3/armv6-m\libgcc.a(_muldi3.o)
                0x00004960                __muldi3
                0x00004960                __aeabi_lmul
 .text.__libc_init_array
                0x000049b4       0x4c c:/program files (x86)/atmel/studio/7.0/toolchain/arm/arm-gnu-toolchain/bin/../lib/gcc/arm-none-eabi/4.9.3/../../../../arm-none-eabi/lib/armv6-m\libc_nano.a(lib_a-init.o)
                0x000049b4                __libc_init_array
 .text.memcpy   0x00004a00       0x12 c:/program files (x86)/atmel/studio/7.0/toolchain/arm/arm-gnu-toolchain/bin/../lib/gcc/arm-none-eabi/4.9.3/../../../../arm-none-eabi/lib/armv6-m\libc_nano.a(lib_a-memcpy.o)
                0x00004a00                memcpy
 *(.glue_7t)
 .glue_7t       0x00000000        0x0 linker stubs
 *(.glue_7)
 .glue_7        0x00000000        0x0 linker stubs
 *(.rodata .rodata* .gnu.linkonce.r.*)
 *fill*         0x00004a12        0x2 
 .rodata        0x00004a14        0x2 src/ADT7420.o
 *fill*         0x00004a16        0x2 
 .rodata        0x00004a18       0x2a src/ADXL375.o
 *fill*         0x00004a42        0x2 
 .rodata._usb_device_irq_bits
                0x00004a44        0xe src/ASF/sam0/drivers/usb/usb_sam_l/usb.o
 *fill*         0x00004a52        0x2 
 .rodata        0x00004a54       0x18 src/ASF/sam0/drivers/sercom/sercom.o
 .rodata.system_clock_source_get_hz
                0x00004a6c       0x24 src/ASF/sam0/drivers/system/clock/clock_saml21/clock.o
 .rodata.system_clock_source_enable
                0x00004a90       0x24 src/ASF/sam0/drivers/system/clock/clock_saml21/clock.o
 .rodata.system_clock_source_disable
                0x00004ab4       0x24 src/ASF/sam0/drivers/system/clock/clock_saml21/clock.o
 *(.ARM.extab* .gnu.linkonce.armextab.*)
                0x00004ad8                . = ALIGN (0x4)
 *(.init)
 .init          0x00004ad8        0x4 c:/program files (x86)/atmel/studio/7.0/toolchain/arm/arm-gnu-toolchain/bin/../lib/gcc/arm-none-eabi/4.9.3/armv6-m/crti.o
                0x00004ad8                _init
 .init          0x00004adc        0x8 c:/program files (x86)/atmel/studio/7.0/toolchain/arm/arm-gnu-toolchain/bin/../lib/gcc/arm-none-eabi/4.9.3/armv6-m/crtn.o
                0x00004ae4                . = ALIGN (0x4)
                0x00004ae4                __preinit_array_start = .
 *(.preinit_array)
                0x00004ae4                __preinit_array_end = .
                0x00004ae4                . = ALIGN (0x4)
                0x00004ae4                __init_array_start = .
 *(SORT(.init_array.*))
 *(.init_array)
 .init_array    0x00004ae4        0x4 c:/program files (x86)/atmel/studio/7.0/toolchain/arm/arm-gnu-toolchain/bin/../lib/gcc/arm-none-eabi/4.9.3/armv6-m/crtbegin.o
                0x00004ae8                __init_array_end = .
                0x00004ae8                . = ALIGN (0x4)
 *crtbegin.o(.ctors)
 *(EXCLUDE_FILE(*crtend.o) .ctors)
 *(SORT(.ctors.*))
 *crtend.o(.ctors)
                0x00004ae8                . = ALIGN (0x4)
 *(.fini)
 .fini          0x00004ae8        0x4 c:/program files (x86)/atmel/studio/7.0/toolchain/arm/arm-gnu-toolchain/bin/../lib/gcc/arm-none-eabi/4.9.3/armv6-m/crti.o
                0x00004ae8                _fini
 .fini          0x00004aec        0x8 c:/program files (x86)/atmel/studio/7.0/toolchain/arm/arm-gnu-toolchain/bin/../lib/gcc/arm-none-eabi/4.9.3/armv6-m/crtn.o
                0x00004af4                . = ALIGN (0x4)
                0x00004af4                __fini_array_start = .
 *(.fini_array)
 .fini_array    0x00004af4        0x4 c:/program files (x86)/atmel/studio/7.0/toolchain/arm/arm-gnu-toolchain/bin/../lib/gcc/arm-none-eabi/4.9.3/armv6-m/crtbegin.o
 *(SORT(.fini_array.*))
                0x00004af8                __fini_array_end = .
 *crtbegin.o(.dtors)
 *(EXCLUDE_FILE(*crtend.o) .dtors)
 *(SORT(.dtors.*))
 *crtend.o(.dtors)
                0x00004af8                . = ALIGN (0x4)
                0x00004af8                _efixed = .
                0x00004af8                PROVIDE (__exidx_start, .)

.vfp11_veneer   0x00004af8        0x0
 .vfp11_veneer  0x00000000        0x0 linker stubs

.v4_bx          0x00004af8        0x0
 .v4_bx         0x00000000        0x0 linker stubs

.iplt           0x00004af8        0x0
 .iplt          0x00000000        0x0 c:/program files (x86)/atmel/studio/7.0/toolchain/arm/arm-gnu-toolchain/bin/../lib/gcc/arm-none-eabi/4.9.3/armv6-m/crtbegin.o

.eh_frame       0x00004af8        0x0
 .eh_frame      0x00004af8        0x0 c:/program files (x86)/atmel/studio/7.0/toolchain/arm/arm-gnu-toolchain/bin/../lib/gcc/arm-none-eabi/4.9.3/armv6-m/crtbegin.o

.rel.dyn        0x00004af8        0x0
 .rel.iplt      0x00000000        0x0 c:/program files (x86)/atmel/studio/7.0/toolchain/arm/arm-gnu-toolchain/bin/../lib/gcc/arm-none-eabi/4.9.3/armv6-m/crtbegin.o

.jcr            0x00004af8        0x0
 .jcr           0x00004af8        0x0 c:/program files (x86)/atmel/studio/7.0/toolchain/arm/arm-gnu-toolchain/bin/../lib/gcc/arm-none-eabi/4.9.3/armv6-m/crtbegin.o

.igot.plt       0x00004af8        0x0
 .igot.plt      0x00000000        0x0 c:/program files (x86)/atmel/studio/7.0/toolchain/arm/arm-gnu-toolchain/bin/../lib/gcc/arm-none-eabi/4.9.3/armv6-m/crtbegin.o

.ARM.exidx
 *(.ARM.exidx* .gnu.linkonce.armexidx.*)
                0x00004af8                PROVIDE (__exidx_end, .)
                0x00004af8                . = ALIGN (0x4)
                0x00004af8                _etext = .

.relocate       0x20000000       0x18 load address 0x00004af8
                0x20000000                . = ALIGN (0x4)
                0x20000000                _srelocate = .
 *(.ramfunc .ramfunc.*)
 *(.data .data.*)
 .data._events_inst
                0x20000000       0x14 src/ASF/sam0/drivers/events/events_sam_l_c/events.o
                0x20000000                _events_inst
 .data.g_interrupt_enabled
                0x20000014        0x1 src/ASF/common/utils/interrupt/interrupt_sam_nvic.o
                0x20000014                g_interrupt_enabled
                0x20000018                . = ALIGN (0x4)
 *fill*         0x20000015        0x3 
                0x20000018                _erelocate = .

.lpram          0x30000000        0x0
                0x30000000                . = ALIGN (0x8)
                0x30000000                _slpram = .
 *(.lpram .lpram.*)
                0x30000000                . = ALIGN (0x8)
                0x30000000                _elpram = .

.bss            0x20000018     0x206c load address 0x00004b10
                0x20000018                . = ALIGN (0x4)
                0x20000018                _sbss = .
                0x20000018                _szero = .
 *(.bss .bss.*)
 .bss           0x20000018       0x1c c:/program files (x86)/atmel/studio/7.0/toolchain/arm/arm-gnu-toolchain/bin/../lib/gcc/arm-none-eabi/4.9.3/armv6-m/crtbegin.o
 .bss.device_callback_lpm_wakeup_enable
                0x20000034        0x4 src/ASF/sam0/drivers/usb/usb_sam_l/usb.o
 .bss.pipe_callback_para
                0x20000038        0x6 src/ASF/sam0/drivers/usb/usb_sam_l/usb.o
 *fill*         0x2000003e        0x2 
 .bss.host_pipe_job_busy_status
                0x20000040        0x4 src/ASF/sam0/drivers/usb/usb_sam_l/usb.o
                0x20000040                host_pipe_job_busy_status
 .bss.ep_callback_para
                0x20000044        0x8 src/ASF/sam0/drivers/usb/usb_sam_l/usb.o
 .bss._usb_instances
                0x2000004c        0x4 src/ASF/sam0/drivers/usb/usb_sam_l/usb.o
 .bss.rxBuffer.15852
                0x20000050       0x14 src/S70FL01.o
 .bss._sercom_config
                0x20000064        0x2 src/ASF/sam0/drivers/sercom/sercom.o
 *fill*         0x20000066        0x2 
 .bss.cpu_irq_critical_section_counter
                0x20000068        0x4 src/ASF/common/utils/interrupt/interrupt_sam_nvic.o
 .bss.cpu_irq_prev_interrupt_state
                0x2000006c        0x1 src/ASF/common/utils/interrupt/interrupt_sam_nvic.o
 *fill*         0x2000006d        0x3 
 .bss._system_clock_inst
                0x20000070       0x18 src/ASF/sam0/drivers/system/clock/clock_saml21/clock.o
 *(COMMON)
 COMMON         0x20000088     0x1ea8 src/ADT7420.o
                0x20000088                rtc_instance
                0x200000bc                ucTemperatureDataSets
                0x200000c0                usart_instance
                0x200000cc                spi_enabled
                0x200000d0                ucAccelerometerMatrix
                0x200004b8                ucAccelTimestamps
                0x20001454                uiAccelerometerMatrixPtr
                0x20001458                alarm
                0x20001462                ucActivityTemperatureThreshold
                0x20001464                iAccelerometerDataSetPtr
                0x20001c32                ucInactivityTemperatureThreshold
                0x20001c33                ucTemperatureArrayPtr
                0x20001c34                usart_enabled
                0x20001c35                ADXL375_buffer_full_count
                0x20001c36                S70FL01_active_die
                0x20001c37                ADXL375_inactive_interrupts
                0x20001c38                config_usart
                0x20001c78                config_tc
                0x20001cb0                i2c_enabled
                0x20001cb4                i2c_master_instance
                0x20001cc0                uiAccelerometerDataSets
                0x20001cc4                config_i2c_master
                0x20001cf8                tc_instance_cap
                0x20001d14                ucTemperatureTimestamps
                0x20001e34                spi_master_instance
                0x20001e40                slave
                0x20001e44                S70FL01_address
                0x20001e48                spi_slave_inst
                0x20001e54                cTemperatureDataSetPtr
                0x20001e9c                ucMotion_State
                0x20001e9d                ucActiveInactive_Mode
                0x20001e9e                status
                0x20001ea0                uiTemperatureArray
 COMMON         0x20001f30       0x40 src/ASF/sam0/drivers/extint/extint_sam_l_c/extint.o
                0x20001f30                _extint_dev
 COMMON         0x20001f70        0x4 src/ASF/sam0/drivers/rtc/rtc_sam_l_c/rtc_calendar.o
                0x20001f70                _rtc_instance
 COMMON         0x20001f74        0xc src/ASF/sam0/drivers/tc/tc_interrupt.o
                0x20001f74                _tc_instances
 COMMON         0x20001f80      0x100 src/ASF/sam0/drivers/usb/usb_sam_l/usb.o
                0x20001f80                usb_descriptor_table
 COMMON         0x20002080        0x1 src/ASF/sam0/drivers/extint/extint_callback.o
                0x20002080                _current_channel
                0x20002084                . = ALIGN (0x4)
 *fill*         0x20002081        0x3 
                0x20002084                _ebss = .
                0x20002084                _ezero = .

.stack          0x20002084     0x2004 load address 0x00006b7c
                0x20002088                . = ALIGN (0x8)
 *fill*         0x20002084        0x4 
                0x20002088                _sstack = .
                0x20004088                . = (. + STACK_SIZE)
 *fill*         0x20002088     0x2000 
                0x20004088                . = ALIGN (0x8)
                0x20004088                _estack = .
                0x20004088                . = ALIGN (0x4)
                0x20004088                _end = .
OUTPUT(Datalogger.elf elf32-littlearm)

.ARM.attributes
                0x00000000       0x28
 .ARM.attributes
                0x00000000       0x1e c:/program files (x86)/atmel/studio/7.0/toolchain/arm/arm-gnu-toolchain/bin/../lib/gcc/arm-none-eabi/4.9.3/armv6-m/crti.o
 .ARM.attributes
                0x0000001e       0x2c c:/program files (x86)/atmel/studio/7.0/toolchain/arm/arm-gnu-toolchain/bin/../lib/gcc/arm-none-eabi/4.9.3/armv6-m/crtbegin.o
 .ARM.attributes
                0x0000004a       0x32 src/ADT7420.o
 .ARM.attributes
                0x0000007c       0x32 src/ADXL375.o
 .ARM.attributes
                0x000000ae       0x32 src/ASF/sam0/drivers/events/events_hooks.o
 .ARM.attributes
                0x000000e0       0x32 src/ASF/sam0/drivers/events/events_sam_l_c/events.o
 .ARM.attributes
                0x00000112       0x32 src/ASF/sam0/drivers/extint/extint_sam_l_c/extint.o
 .ARM.attributes
                0x00000144       0x32 src/ASF/sam0/drivers/rtc/rtc_sam_l_c/rtc_calendar.o
 .ARM.attributes
                0x00000176       0x32 src/ASF/sam0/drivers/rtc/rtc_sam_l_c/rtc_calendar_interrupt.o
 .ARM.attributes
                0x000001a8       0x32 src/ASF/sam0/drivers/sercom/i2c/i2c_sam0/i2c_master.o
 .ARM.attributes
                0x000001da       0x32 src/ASF/sam0/drivers/tc/tc_interrupt.o
 .ARM.attributes
                0x0000020c       0x32 src/ASF/sam0/drivers/usb/usb_sam_l/usb.o
 .ARM.attributes
                0x0000023e       0x32 src/HAL.o
 .ARM.attributes
                0x00000270       0x32 src/S70FL01.o
 .ARM.attributes
                0x000002a2       0x32 src/SP1ML.o
 .ARM.attributes
                0x000002d4       0x32 src/ASF/sam0/drivers/sercom/usart/usart.o
 .ARM.attributes
                0x00000306       0x32 src/ASF/sam0/drivers/sercom/spi/spi.o
 .ARM.attributes
                0x00000338       0x32 src/ASF/sam0/drivers/sercom/sercom.o
 .ARM.attributes
                0x0000036a       0x32 src/ASF/sam0/drivers/extint/extint_callback.o
 .ARM.attributes
                0x0000039c       0x32 src/ASF/sam0/drivers/port/port.o
 .ARM.attributes
                0x000003ce       0x32 src/ASF/common2/boards/user_board/init.o
 .ARM.attributes
                0x00000400       0x32 src/ASF/common/utils/interrupt/interrupt_sam_nvic.o
 .ARM.attributes
                0x00000432       0x32 src/ASF/sam0/drivers/system/clock/clock_saml21/clock.o
 .ARM.attributes
                0x00000464       0x32 src/ASF/sam0/drivers/system/clock/clock_saml21/gclk.o
 .ARM.attributes
                0x00000496       0x32 src/ASF/sam0/drivers/system/pinmux/pinmux.o
 .ARM.attributes
                0x000004c8       0x32 src/ASF/sam0/drivers/system/system.o
 .ARM.attributes
                0x000004fa       0x32 src/ASF/sam0/utils/cmsis/saml21/source/gcc/startup_saml21.o
 .ARM.attributes
                0x0000052c       0x32 src/main.o
 .ARM.attributes
                0x0000055e       0x1e c:/program files (x86)/atmel/studio/7.0/toolchain/arm/arm-gnu-toolchain/bin/../lib/gcc/arm-none-eabi/4.9.3/armv6-m\libgcc.a(_udivsi3.o)
 .ARM.attributes
                0x0000057c       0x1e c:/program files (x86)/atmel/studio/7.0/toolchain/arm/arm-gnu-toolchain/bin/../lib/gcc/arm-none-eabi/4.9.3/armv6-m\libgcc.a(_divsi3.o)
 .ARM.attributes
                0x0000059a       0x1e c:/program files (x86)/atmel/studio/7.0/toolchain/arm/arm-gnu-toolchain/bin/../lib/gcc/arm-none-eabi/4.9.3/armv6-m\libgcc.a(_dvmd_tls.o)
 .ARM.attributes
                0x000005b8       0x1e c:/program files (x86)/atmel/studio/7.0/toolchain/arm/arm-gnu-toolchain/bin/../lib/gcc/arm-none-eabi/4.9.3/armv6-m\libgcc.a(_ctzsi2.o)
 .ARM.attributes
                0x000005d6       0x2c c:/program files (x86)/atmel/studio/7.0/toolchain/arm/arm-gnu-toolchain/bin/../lib/gcc/arm-none-eabi/4.9.3/armv6-m\libgcc.a(_muldi3.o)
 .ARM.attributes
                0x00000602       0x2c c:/program files (x86)/atmel/studio/7.0/toolchain/arm/arm-gnu-toolchain/bin/../lib/gcc/arm-none-eabi/4.9.3/../../../../arm-none-eabi/lib/armv6-m\libc_nano.a(lib_a-init.o)
 .ARM.attributes
                0x0000062e       0x2c c:/program files (x86)/atmel/studio/7.0/toolchain/arm/arm-gnu-toolchain/bin/../lib/gcc/arm-none-eabi/4.9.3/../../../../arm-none-eabi/lib/armv6-m\libc_nano.a(lib_a-memcpy.o)
 .ARM.attributes
                0x0000065a       0x1e c:/program files (x86)/atmel/studio/7.0/toolchain/arm/arm-gnu-toolchain/bin/../lib/gcc/arm-none-eabi/4.9.3/armv6-m/crtn.o

.comment        0x00000000       0x5b
 .comment       0x00000000       0x5b src/ADT7420.o
                                 0x5c (size before relaxing)
 .comment       0x00000000       0x5c src/ADXL375.o
 .comment       0x00000000       0x5c src/ASF/sam0/drivers/events/events_hooks.o
 .comment       0x00000000       0x5c src/ASF/sam0/drivers/events/events_sam_l_c/events.o
 .comment       0x00000000       0x5c src/ASF/sam0/drivers/extint/extint_sam_l_c/extint.o
 .comment       0x00000000       0x5c src/ASF/sam0/drivers/rtc/rtc_sam_l_c/rtc_calendar.o
 .comment       0x00000000       0x5c src/ASF/sam0/drivers/rtc/rtc_sam_l_c/rtc_calendar_interrupt.o
 .comment       0x00000000       0x5c src/ASF/sam0/drivers/sercom/i2c/i2c_sam0/i2c_master.o
 .comment       0x00000000       0x5c src/ASF/sam0/drivers/tc/tc_interrupt.o
 .comment       0x00000000       0x5c src/ASF/sam0/drivers/usb/usb_sam_l/usb.o
 .comment       0x00000000       0x5c src/HAL.o
 .comment       0x00000000       0x5c src/S70FL01.o
 .comment       0x00000000       0x5c src/SP1ML.o
 .comment       0x00000000       0x5c src/ASF/sam0/drivers/sercom/usart/usart.o
 .comment       0x00000000       0x5c src/ASF/sam0/drivers/sercom/spi/spi.o
 .comment       0x00000000       0x5c src/ASF/sam0/drivers/sercom/sercom.o
 .comment       0x00000000       0x5c src/ASF/sam0/drivers/extint/extint_callback.o
 .comment       0x00000000       0x5c src/ASF/sam0/drivers/port/port.o
 .comment       0x00000000       0x5c src/ASF/common2/boards/user_board/init.o
 .comment       0x00000000       0x5c src/ASF/common/utils/interrupt/interrupt_sam_nvic.o
 .comment       0x00000000       0x5c src/ASF/sam0/drivers/system/clock/clock_saml21/clock.o
 .comment       0x00000000       0x5c src/ASF/sam0/drivers/system/clock/clock_saml21/gclk.o
 .comment       0x00000000       0x5c src/ASF/sam0/drivers/system/pinmux/pinmux.o
 .comment       0x00000000       0x5c src/ASF/sam0/drivers/system/system.o
 .comment       0x00000000       0x5c src/ASF/sam0/utils/cmsis/saml21/source/gcc/startup_saml21.o
 .comment       0x00000000       0x5c src/main.o

.debug_info     0x00000000    0x546f0
 .debug_info    0x00000000     0x6809 src/ADT7420.o
 .debug_info    0x00006809     0x702f src/ADXL375.o
 .debug_info    0x0000d838     0x1364 src/ASF/sam0/drivers/events/events_hooks.o
 .debug_info    0x0000eb9c     0x1ea2 src/ASF/sam0/drivers/events/events_sam_l_c/events.o
 .debug_info    0x00010a3e     0x1bc0 src/ASF/sam0/drivers/extint/extint_sam_l_c/extint.o
 .debug_info    0x000125fe     0x3a7c src/ASF/sam0/drivers/rtc/rtc_sam_l_c/rtc_calendar.o
 .debug_info    0x0001607a     0x210a src/ASF/sam0/drivers/rtc/rtc_sam_l_c/rtc_calendar_interrupt.o
 .debug_info    0x00018184     0x430c src/ASF/sam0/drivers/sercom/i2c/i2c_sam0/i2c_master.o
 .debug_info    0x0001c490     0x15ba src/ASF/sam0/drivers/tc/tc_interrupt.o
 .debug_info    0x0001da4a     0x4819 src/ASF/sam0/drivers/usb/usb_sam_l/usb.o
 .debug_info    0x00022263     0x8384 src/HAL.o
 .debug_info    0x0002a5e7     0x854a src/S70FL01.o
 .debug_info    0x00032b31     0x72fa src/SP1ML.o
 .debug_info    0x00039e2b     0x40a9 src/ASF/sam0/drivers/sercom/usart/usart.o
 .debug_info    0x0003ded4     0x5ea5 src/ASF/sam0/drivers/sercom/spi/spi.o
 .debug_info    0x00043d79     0x2551 src/ASF/sam0/drivers/sercom/sercom.o
 .debug_info    0x000462ca      0xaff src/ASF/sam0/drivers/extint/extint_callback.o
 .debug_info    0x00046dc9      0xa61 src/ASF/sam0/drivers/port/port.o
 .debug_info    0x0004782a      0x156 src/ASF/common2/boards/user_board/init.o
 .debug_info    0x00047980      0x1ec src/ASF/common/utils/interrupt/interrupt_sam_nvic.o
 .debug_info    0x00047b6c     0x3a8e src/ASF/sam0/drivers/system/clock/clock_saml21/clock.o
 .debug_info    0x0004b5fa     0x1455 src/ASF/sam0/drivers/system/clock/clock_saml21/gclk.o
 .debug_info    0x0004ca4f      0xbbd src/ASF/sam0/drivers/system/pinmux/pinmux.o
 .debug_info    0x0004d60c      0x17a src/ASF/sam0/drivers/system/system.o
 .debug_info    0x0004d786      0x9f1 src/ASF/sam0/utils/cmsis/saml21/source/gcc/startup_saml21.o
 .debug_info    0x0004e177     0x6579 src/main.o

.debug_abbrev   0x00000000     0x4ebe
 .debug_abbrev  0x00000000      0x301 src/ADT7420.o
 .debug_abbrev  0x00000301      0x39b src/ADXL375.o
 .debug_abbrev  0x0000069c      0x2ac src/ASF/sam0/drivers/events/events_hooks.o
 .debug_abbrev  0x00000948      0x418 src/ASF/sam0/drivers/events/events_sam_l_c/events.o
 .debug_abbrev  0x00000d60      0x3d6 src/ASF/sam0/drivers/extint/extint_sam_l_c/extint.o
 .debug_abbrev  0x00001136      0x400 src/ASF/sam0/drivers/rtc/rtc_sam_l_c/rtc_calendar.o
 .debug_abbrev  0x00001536      0x287 src/ASF/sam0/drivers/rtc/rtc_sam_l_c/rtc_calendar_interrupt.o
 .debug_abbrev  0x000017bd      0x44a src/ASF/sam0/drivers/sercom/i2c/i2c_sam0/i2c_master.o
 .debug_abbrev  0x00001c07      0x259 src/ASF/sam0/drivers/tc/tc_interrupt.o
 .debug_abbrev  0x00001e60      0x44c src/ASF/sam0/drivers/usb/usb_sam_l/usb.o
 .debug_abbrev  0x000022ac      0x444 src/HAL.o
 .debug_abbrev  0x000026f0      0x417 src/S70FL01.o
 .debug_abbrev  0x00002b07      0x383 src/SP1ML.o
 .debug_abbrev  0x00002e8a      0x3b1 src/ASF/sam0/drivers/sercom/usart/usart.o
 .debug_abbrev  0x0000323b      0x45d src/ASF/sam0/drivers/sercom/spi/spi.o
 .debug_abbrev  0x00003698      0x2fd src/ASF/sam0/drivers/sercom/sercom.o
 .debug_abbrev  0x00003995      0x28a src/ASF/sam0/drivers/extint/extint_callback.o
 .debug_abbrev  0x00003c1f      0x1da src/ASF/sam0/drivers/port/port.o
 .debug_abbrev  0x00003df9       0xa1 src/ASF/common2/boards/user_board/init.o
 .debug_abbrev  0x00003e9a       0xf6 src/ASF/common/utils/interrupt/interrupt_sam_nvic.o
 .debug_abbrev  0x00003f90      0x3a1 src/ASF/sam0/drivers/system/clock/clock_saml21/clock.o
 .debug_abbrev  0x00004331      0x338 src/ASF/sam0/drivers/system/clock/clock_saml21/gclk.o
 .debug_abbrev  0x00004669      0x2ce src/ASF/sam0/drivers/system/pinmux/pinmux.o
 .debug_abbrev  0x00004937       0xb9 src/ASF/sam0/drivers/system/system.o
 .debug_abbrev  0x000049f0      0x1c1 src/ASF/sam0/utils/cmsis/saml21/source/gcc/startup_saml21.o
 .debug_abbrev  0x00004bb1      0x30d src/main.o

.debug_loc      0x00000000     0xd3c4
 .debug_loc     0x00000000      0x271 src/ADT7420.o
 .debug_loc     0x00000271      0xb75 src/ADXL375.o
 .debug_loc     0x00000de6      0x4a6 src/ASF/sam0/drivers/events/events_hooks.o
 .debug_loc     0x0000128c      0x4a7 src/ASF/sam0/drivers/events/events_sam_l_c/events.o
 .debug_loc     0x00001733      0x481 src/ASF/sam0/drivers/extint/extint_sam_l_c/extint.o
 .debug_loc     0x00001bb4      0x8fe src/ASF/sam0/drivers/rtc/rtc_sam_l_c/rtc_calendar.o
 .debug_loc     0x000024b2      0x242 src/ASF/sam0/drivers/rtc/rtc_sam_l_c/rtc_calendar_interrupt.o
 .debug_loc     0x000026f4      0xe35 src/ASF/sam0/drivers/sercom/i2c/i2c_sam0/i2c_master.o
 .debug_loc     0x00003529      0x17d src/ASF/sam0/drivers/tc/tc_interrupt.o
 .debug_loc     0x000036a6     0x1757 src/ASF/sam0/drivers/usb/usb_sam_l/usb.o
 .debug_loc     0x00004dfd      0x701 src/HAL.o
 .debug_loc     0x000054fe     0x1886 src/S70FL01.o
 .debug_loc     0x00006d84      0x700 src/SP1ML.o
 .debug_loc     0x00007484      0xd46 src/ASF/sam0/drivers/sercom/usart/usart.o
 .debug_loc     0x000081ca     0x2e17 src/ASF/sam0/drivers/sercom/spi/spi.o
 .debug_loc     0x0000afe1      0x950 src/ASF/sam0/drivers/sercom/sercom.o
 .debug_loc     0x0000b931      0x215 src/ASF/sam0/drivers/extint/extint_callback.o
 .debug_loc     0x0000bb46      0x16d src/ASF/sam0/drivers/port/port.o
 .debug_loc     0x0000bcb3       0x1e src/ASF/common/utils/interrupt/interrupt_sam_nvic.o
 .debug_loc     0x0000bcd1      0xdcf src/ASF/sam0/drivers/system/clock/clock_saml21/clock.o
 .debug_loc     0x0000caa0      0x54a src/ASF/sam0/drivers/system/clock/clock_saml21/gclk.o
 .debug_loc     0x0000cfea      0x37a src/ASF/sam0/drivers/system/pinmux/pinmux.o
 .debug_loc     0x0000d364       0x20 src/ASF/sam0/drivers/system/system.o
 .debug_loc     0x0000d384       0x20 src/ASF/sam0/utils/cmsis/saml21/source/gcc/startup_saml21.o
 .debug_loc     0x0000d3a4       0x20 src/main.o

.debug_aranges  0x00000000      0x8e0
 .debug_aranges
                0x00000000       0x28 src/ADT7420.o
 .debug_aranges
                0x00000028       0x68 src/ADXL375.o
 .debug_aranges
                0x00000090       0x58 src/ASF/sam0/drivers/events/events_hooks.o
 .debug_aranges
                0x000000e8       0x80 src/ASF/sam0/drivers/events/events_sam_l_c/events.o
 .debug_aranges
                0x00000168       0x58 src/ASF/sam0/drivers/extint/extint_sam_l_c/extint.o
 .debug_aranges
                0x000001c0       0x78 src/ASF/sam0/drivers/rtc/rtc_sam_l_c/rtc_calendar.o
 .debug_aranges
                0x00000238       0x40 src/ASF/sam0/drivers/rtc/rtc_sam_l_c/rtc_calendar_interrupt.o
 .debug_aranges
                0x00000278       0xa0 src/ASF/sam0/drivers/sercom/i2c/i2c_sam0/i2c_master.o
 .debug_aranges
                0x00000318       0x48 src/ASF/sam0/drivers/tc/tc_interrupt.o
 .debug_aranges
                0x00000360      0x158 src/ASF/sam0/drivers/usb/usb_sam_l/usb.o
 .debug_aranges
                0x000004b8       0x60 src/HAL.o
 .debug_aranges
                0x00000518       0x30 src/S70FL01.o
 .debug_aranges
                0x00000548       0x50 src/SP1ML.o
 .debug_aranges
                0x00000598       0x40 src/ASF/sam0/drivers/sercom/usart/usart.o
 .debug_aranges
                0x000005d8       0x58 src/ASF/sam0/drivers/sercom/spi/spi.o
 .debug_aranges
                0x00000630       0x40 src/ASF/sam0/drivers/sercom/sercom.o
 .debug_aranges
                0x00000670       0x48 src/ASF/sam0/drivers/extint/extint_callback.o
 .debug_aranges
                0x000006b8       0x28 src/ASF/sam0/drivers/port/port.o
 .debug_aranges
                0x000006e0       0x20 src/ASF/common2/boards/user_board/init.o
 .debug_aranges
                0x00000700       0x28 src/ASF/common/utils/interrupt/interrupt_sam_nvic.o
 .debug_aranges
                0x00000728       0x80 src/ASF/sam0/drivers/system/clock/clock_saml21/clock.o
 .debug_aranges
                0x000007a8       0x80 src/ASF/sam0/drivers/system/clock/clock_saml21/gclk.o
 .debug_aranges
                0x00000828       0x40 src/ASF/sam0/drivers/system/pinmux/pinmux.o
 .debug_aranges
                0x00000868       0x28 src/ASF/sam0/drivers/system/system.o
 .debug_aranges
                0x00000890       0x28 src/ASF/sam0/utils/cmsis/saml21/source/gcc/startup_saml21.o
 .debug_aranges
                0x000008b8       0x28 src/main.o

.debug_ranges   0x00000000      0xe28
 .debug_ranges  0x00000000       0x18 src/ADT7420.o
 .debug_ranges  0x00000018       0x58 src/ADXL375.o
 .debug_ranges  0x00000070       0x48 src/ASF/sam0/drivers/events/events_hooks.o
 .debug_ranges  0x000000b8       0xb0 src/ASF/sam0/drivers/events/events_sam_l_c/events.o
 .debug_ranges  0x00000168       0x60 src/ASF/sam0/drivers/extint/extint_sam_l_c/extint.o
 .debug_ranges  0x000001c8       0xa0 src/ASF/sam0/drivers/rtc/rtc_sam_l_c/rtc_calendar.o
 .debug_ranges  0x00000268       0x30 src/ASF/sam0/drivers/rtc/rtc_sam_l_c/rtc_calendar_interrupt.o
 .debug_ranges  0x00000298       0xc0 src/ASF/sam0/drivers/sercom/i2c/i2c_sam0/i2c_master.o
 .debug_ranges  0x00000358       0x38 src/ASF/sam0/drivers/tc/tc_interrupt.o
 .debug_ranges  0x00000390      0x148 src/ASF/sam0/drivers/usb/usb_sam_l/usb.o
 .debug_ranges  0x000004d8       0xa0 src/HAL.o
 .debug_ranges  0x00000578       0xf8 src/S70FL01.o
 .debug_ranges  0x00000670       0x40 src/SP1ML.o
 .debug_ranges  0x000006b0      0x128 src/ASF/sam0/drivers/sercom/usart/usart.o
 .debug_ranges  0x000007d8      0x410 src/ASF/sam0/drivers/sercom/spi/spi.o
 .debug_ranges  0x00000be8       0x48 src/ASF/sam0/drivers/sercom/sercom.o
 .debug_ranges  0x00000c30       0x60 src/ASF/sam0/drivers/extint/extint_callback.o
 .debug_ranges  0x00000c90       0x18 src/ASF/sam0/drivers/port/port.o
 .debug_ranges  0x00000ca8       0x10 src/ASF/common2/boards/user_board/init.o
 .debug_ranges  0x00000cb8       0x18 src/ASF/common/utils/interrupt/interrupt_sam_nvic.o
 .debug_ranges  0x00000cd0       0x70 src/ASF/sam0/drivers/system/clock/clock_saml21/clock.o
 .debug_ranges  0x00000d40       0x70 src/ASF/sam0/drivers/system/clock/clock_saml21/gclk.o
 .debug_ranges  0x00000db0       0x30 src/ASF/sam0/drivers/system/pinmux/pinmux.o
 .debug_ranges  0x00000de0       0x18 src/ASF/sam0/drivers/system/system.o
 .debug_ranges  0x00000df8       0x18 src/ASF/sam0/utils/cmsis/saml21/source/gcc/startup_saml21.o
 .debug_ranges  0x00000e10       0x18 src/main.o

.debug_macro    0x00000000    0x1ff21
 .debug_macro   0x00000000      0x7c9 src/ADT7420.o
 .debug_macro   0x000007c9      0x874 src/ADT7420.o
 .debug_macro   0x0000103d      0x166 src/ADT7420.o
 .debug_macro   0x000011a3      0x621 src/ADT7420.o
 .debug_macro   0x000017c4       0x22 src/ADT7420.o
 .debug_macro   0x000017e6       0x44 src/ADT7420.o
 .debug_macro   0x0000182a       0x58 src/ADT7420.o
 .debug_macro   0x00001882       0x22 src/ADT7420.o
 .debug_macro   0x000018a4      0x1df src/ADT7420.o
 .debug_macro   0x00001a83       0x10 src/ADT7420.o
 .debug_macro   0x00001a93       0x76 src/ADT7420.o
 .debug_macro   0x00001b09       0x16 src/ADT7420.o
 .debug_macro   0x00001b1f      0x6e5 src/ADT7420.o
 .debug_macro   0x00002204      0xde2 src/ADT7420.o
 .debug_macro   0x00002fe6       0x22 src/ADT7420.o
 .debug_macro   0x00003008       0x40 src/ADT7420.o
 .debug_macro   0x00003048       0x3a src/ADT7420.o
 .debug_macro   0x00003082       0x1f src/ADT7420.o
 .debug_macro   0x000030a1      0x250 src/ADT7420.o
 .debug_macro   0x000032f1      0x71a src/ADT7420.o
 .debug_macro   0x00003a0b      0x979 src/ADT7420.o
 .debug_macro   0x00004384      0x2b8 src/ADT7420.o
 .debug_macro   0x0000463c      0x226 src/ADT7420.o
 .debug_macro   0x00004862      0x4dd src/ADT7420.o
 .debug_macro   0x00004d3f      0xd24 src/ADT7420.o
 .debug_macro   0x00005a63      0x5b8 src/ADT7420.o
 .debug_macro   0x0000601b      0x5c3 src/ADT7420.o
 .debug_macro   0x000065de      0x832 src/ADT7420.o
 .debug_macro   0x00006e10      0x297 src/ADT7420.o
 .debug_macro   0x000070a7      0x5de src/ADT7420.o
 .debug_macro   0x00007685      0x225 src/ADT7420.o
 .debug_macro   0x000078aa      0x7a3 src/ADT7420.o
 .debug_macro   0x0000804d      0x174 src/ADT7420.o
 .debug_macro   0x000081c1      0x719 src/ADT7420.o
 .debug_macro   0x000088da      0x293 src/ADT7420.o
 .debug_macro   0x00008b6d      0x702 src/ADT7420.o
 .debug_macro   0x0000926f      0x2e3 src/ADT7420.o
 .debug_macro   0x00009552      0x3cb src/ADT7420.o
 .debug_macro   0x0000991d      0x1ae src/ADT7420.o
 .debug_macro   0x00009acb     0x122b src/ADT7420.o
 .debug_macro   0x0000acf6      0xf4e src/ADT7420.o
 .debug_macro   0x0000bc44      0x873 src/ADT7420.o
 .debug_macro   0x0000c4b7      0xa39 src/ADT7420.o
 .debug_macro   0x0000cef0      0x8bc src/ADT7420.o
 .debug_macro   0x0000d7ac     0x19cc src/ADT7420.o
 .debug_macro   0x0000f178       0xea src/ADT7420.o
 .debug_macro   0x0000f262     0x13b0 src/ADT7420.o
 .debug_macro   0x00010612      0x378 src/ADT7420.o
 .debug_macro   0x0001098a       0x7c src/ADT7420.o
 .debug_macro   0x00010a06       0xac src/ADT7420.o
 .debug_macro   0x00010ab2       0xca src/ADT7420.o
 .debug_macro   0x00010b7c       0x4c src/ADT7420.o
 .debug_macro   0x00010bc8       0x94 src/ADT7420.o
 .debug_macro   0x00010c5c       0xd6 src/ADT7420.o
 .debug_macro   0x00010d32       0xb2 src/ADT7420.o
 .debug_macro   0x00010de4       0x64 src/ADT7420.o
 .debug_macro   0x00010e48      0x5d5 src/ADT7420.o
 .debug_macro   0x0001141d      0x1ab src/ADT7420.o
 .debug_macro   0x000115c8       0x70 src/ADT7420.o
 .debug_macro   0x00011638       0xa0 src/ADT7420.o
 .debug_macro   0x000116d8       0xc4 src/ADT7420.o
 .debug_macro   0x0001179c       0x28 src/ADT7420.o
 .debug_macro   0x000117c4       0xa0 src/ADT7420.o
 .debug_macro   0x00011864       0x40 src/ADT7420.o
 .debug_macro   0x000118a4       0x7c src/ADT7420.o
 .debug_macro   0x00011920       0x40 src/ADT7420.o
 .debug_macro   0x00011960      0x178 src/ADT7420.o
 .debug_macro   0x00011ad8       0x34 src/ADT7420.o
 .debug_macro   0x00011b0c       0xee src/ADT7420.o
 .debug_macro   0x00011bfa      0x136 src/ADT7420.o
 .debug_macro   0x00011d30      0x136 src/ADT7420.o
 .debug_macro   0x00011e66      0x136 src/ADT7420.o
 .debug_macro   0x00011f9c      0x136 src/ADT7420.o
 .debug_macro   0x000120d2      0x136 src/ADT7420.o
 .debug_macro   0x00012208      0x136 src/ADT7420.o
 .debug_macro   0x0001233e       0x5e src/ADT7420.o
 .debug_macro   0x0001239c      0x1a6 src/ADT7420.o
 .debug_macro   0x00012542       0xfa src/ADT7420.o
 .debug_macro   0x0001263c       0xfa src/ADT7420.o
 .debug_macro   0x00012736       0xfa src/ADT7420.o
 .debug_macro   0x00012830      0x124 src/ADT7420.o
 .debug_macro   0x00012954       0xfa src/ADT7420.o
 .debug_macro   0x00012a4e       0xee src/ADT7420.o
 .debug_macro   0x00012b3c       0x2e src/ADT7420.o
 .debug_macro   0x00012b6a      0x408 src/ADT7420.o
 .debug_macro   0x00012f72       0x3a src/ADT7420.o
 .debug_macro   0x00012fac      0x417 src/ADT7420.o
 .debug_macro   0x000133c3     0x1324 src/ADT7420.o
 .debug_macro   0x000146e7       0x90 src/ADT7420.o
 .debug_macro   0x00014777       0x58 src/ADT7420.o
 .debug_macro   0x000147cf       0x35 src/ADT7420.o
 .debug_macro   0x00014804       0x9c src/ADT7420.o
 .debug_macro   0x000148a0       0x16 src/ADT7420.o
 .debug_macro   0x000148b6       0x35 src/ADT7420.o
 .debug_macro   0x000148eb      0x29d src/ADT7420.o
 .debug_macro   0x00014b88       0x10 src/ADT7420.o
 .debug_macro   0x00014b98       0x52 src/ADT7420.o
 .debug_macro   0x00014bea       0x16 src/ADT7420.o
 .debug_macro   0x00014c00       0x43 src/ADT7420.o
 .debug_macro   0x00014c43      0x180 src/ADT7420.o
 .debug_macro   0x00014dc3       0x10 src/ADT7420.o
 .debug_macro   0x00014dd3       0x22 src/ADT7420.o
 .debug_macro   0x00014df5       0xbe src/ADT7420.o
 .debug_macro   0x00014eb3       0x16 src/ADT7420.o
 .debug_macro   0x00014ec9      0x197 src/ADT7420.o
 .debug_macro   0x00015060       0x16 src/ADT7420.o
 .debug_macro   0x00015076       0x16 src/ADT7420.o
 .debug_macro   0x0001508c       0x29 src/ADT7420.o
 .debug_macro   0x000150b5       0x51 src/ADT7420.o
 .debug_macro   0x00015106       0x3f src/ADT7420.o
 .debug_macro   0x00015145      0x3df src/ADT7420.o
 .debug_macro   0x00015524       0x27 src/ADT7420.o
 .debug_macro   0x0001554b       0x18 src/ADT7420.o
 .debug_macro   0x00015563       0x12 src/ADT7420.o
 .debug_macro   0x00015575      0x279 src/ADT7420.o
 .debug_macro   0x000157ee       0x1f src/ADT7420.o
 .debug_macro   0x0001580d       0x18 src/ADT7420.o
 .debug_macro   0x00015825      0x29e src/ADT7420.o
 .debug_macro   0x00015ac3       0x2e src/ADT7420.o
 .debug_macro   0x00015af1       0x27 src/ADT7420.o
 .debug_macro   0x00015b18       0x22 src/ADT7420.o
 .debug_macro   0x00015b3a       0xb2 src/ADT7420.o
 .debug_macro   0x00015bec       0x10 src/ADT7420.o
 .debug_macro   0x00015bfc       0x27 src/ADT7420.o
 .debug_macro   0x00015c23       0x16 src/ADT7420.o
 .debug_macro   0x00015c39       0x1c src/ADT7420.o
 .debug_macro   0x00015c55       0x2e src/ADT7420.o
 .debug_macro   0x00015c83       0x49 src/ADT7420.o
 .debug_macro   0x00015ccc       0x10 src/ADT7420.o
 .debug_macro   0x00015cdc       0xab src/ADT7420.o
 .debug_macro   0x00015d87      0x228 src/ADT7420.o
 .debug_macro   0x00015faf       0x87 src/ADT7420.o
 .debug_macro   0x00016036       0x9c src/ADT7420.o
 .debug_macro   0x000160d2      0x24b src/ADT7420.o
 .debug_macro   0x0001631d      0x162 src/ADT7420.o
 .debug_macro   0x0001647f       0x16 src/ADT7420.o
 .debug_macro   0x00016495       0x1c src/ADT7420.o
 .debug_macro   0x000164b1      0x192 src/ADT7420.o
 .debug_macro   0x00016643       0x94 src/ADT7420.o
 .debug_macro   0x000166d7      0x1bc src/ADT7420.o
 .debug_macro   0x00016893       0x22 src/ADT7420.o
 .debug_macro   0x000168b5       0x64 src/ADT7420.o
 .debug_macro   0x00016919       0x40 src/ADT7420.o
 .debug_macro   0x00016959      0x7cf src/ADXL375.o
 .debug_macro   0x00017128      0x1b6 src/ADXL375.o
 .debug_macro   0x000172de      0x54a src/ASF/sam0/drivers/events/events_hooks.o
 .debug_macro   0x00017828      0x579 src/ASF/sam0/drivers/events/events_sam_l_c/events.o
 .debug_macro   0x00017da1      0x57b src/ASF/sam0/drivers/extint/extint_sam_l_c/extint.o
 .debug_macro   0x0001831c       0x18 src/ASF/sam0/drivers/extint/extint_sam_l_c/extint.o
 .debug_macro   0x00018334       0x16 src/ASF/sam0/drivers/extint/extint_sam_l_c/extint.o
 .debug_macro   0x0001834a      0x554 src/ASF/sam0/drivers/rtc/rtc_sam_l_c/rtc_calendar.o
 .debug_macro   0x0001889e       0x10 src/ASF/sam0/drivers/rtc/rtc_sam_l_c/rtc_calendar.o
 .debug_macro   0x000188ae      0x555 src/ASF/sam0/drivers/rtc/rtc_sam_l_c/rtc_calendar_interrupt.o
 .debug_macro   0x00018e03      0x58f src/ASF/sam0/drivers/sercom/i2c/i2c_sam0/i2c_master.o
 .debug_macro   0x00019392      0x569 src/ASF/sam0/drivers/tc/tc_interrupt.o
 .debug_macro   0x000198fb       0x43 src/ASF/sam0/drivers/tc/tc_interrupt.o
 .debug_macro   0x0001993e       0x66 src/ASF/sam0/drivers/tc/tc_interrupt.o
 .debug_macro   0x000199a4      0x5bb src/ASF/sam0/drivers/usb/usb_sam_l/usb.o
 .debug_macro   0x00019f5f      0x7cf src/HAL.o
 .debug_macro   0x0001a72e      0x7d0 src/S70FL01.o
 .debug_macro   0x0001aefe      0x7d0 src/SP1ML.o
 .debug_macro   0x0001b6ce      0x581 src/ASF/sam0/drivers/sercom/usart/usart.o
 .debug_macro   0x0001bc4f       0x51 src/ASF/sam0/drivers/sercom/usart/usart.o
 .debug_macro   0x0001bca0      0x5b4 src/ASF/sam0/drivers/sercom/spi/spi.o
 .debug_macro   0x0001c254       0x12 src/ASF/sam0/drivers/sercom/spi/spi.o
 .debug_macro   0x0001c266       0x35 src/ASF/sam0/drivers/sercom/spi/spi.o
 .debug_macro   0x0001c29b      0x589 src/ASF/sam0/drivers/sercom/sercom.o
 .debug_macro   0x0001c824      0x51f src/ASF/sam0/drivers/extint/extint_callback.o
 .debug_macro   0x0001cd43      0x514 src/ASF/sam0/drivers/port/port.o
 .debug_macro   0x0001d257      0x791 src/ASF/common2/boards/user_board/init.o
 .debug_macro   0x0001d9e8      0x4fa src/ASF/common/utils/interrupt/interrupt_sam_nvic.o
 .debug_macro   0x0001dee2      0x561 src/ASF/sam0/drivers/system/clock/clock_saml21/clock.o
 .debug_macro   0x0001e443      0x531 src/ASF/sam0/drivers/system/clock/clock_saml21/gclk.o
 .debug_macro   0x0001e974      0x50a src/ASF/sam0/drivers/system/pinmux/pinmux.o
 .debug_macro   0x0001ee7e       0x12 src/ASF/sam0/drivers/system/pinmux/pinmux.o
 .debug_macro   0x0001ee90      0x53f src/ASF/sam0/drivers/system/system.o
 .debug_macro   0x0001f3cf      0x34e src/ASF/sam0/utils/cmsis/saml21/source/gcc/startup_saml21.o
 .debug_macro   0x0001f71d       0x3a src/ASF/sam0/utils/cmsis/saml21/source/gcc/startup_saml21.o
 .debug_macro   0x0001f757      0x7ca src/main.o

.debug_line     0x00000000    0x1566c
 .debug_line    0x00000000     0x1042 src/ADT7420.o
 .debug_line    0x00001042     0x11f4 src/ADXL375.o
 .debug_line    0x00002236      0xa3d src/ASF/sam0/drivers/events/events_hooks.o
 .debug_line    0x00002c73      0xc59 src/ASF/sam0/drivers/events/events_sam_l_c/events.o
 .debug_line    0x000038cc      0xc28 src/ASF/sam0/drivers/extint/extint_sam_l_c/extint.o
 .debug_line    0x000044f4      0xc57 src/ASF/sam0/drivers/rtc/rtc_sam_l_c/rtc_calendar.o
 .debug_line    0x0000514b      0xaa9 src/ASF/sam0/drivers/rtc/rtc_sam_l_c/rtc_calendar_interrupt.o
 .debug_line    0x00005bf4      0xdb0 src/ASF/sam0/drivers/sercom/i2c/i2c_sam0/i2c_master.o
 .debug_line    0x000069a4      0xa63 src/ASF/sam0/drivers/tc/tc_interrupt.o
 .debug_line    0x00007407      0xfc4 src/ASF/sam0/drivers/usb/usb_sam_l/usb.o
 .debug_line    0x000083cb     0x1257 src/HAL.o
 .debug_line    0x00009622     0x1567 src/S70FL01.o
 .debug_line    0x0000ab89     0x121c src/SP1ML.o
 .debug_line    0x0000bda5      0xccc src/ASF/sam0/drivers/sercom/usart/usart.o
 .debug_line    0x0000ca71     0x1342 src/ASF/sam0/drivers/sercom/spi/spi.o
 .debug_line    0x0000ddb3      0xba8 src/ASF/sam0/drivers/sercom/sercom.o
 .debug_line    0x0000e95b      0x9b7 src/ASF/sam0/drivers/extint/extint_callback.o
 .debug_line    0x0000f312      0x8ee src/ASF/sam0/drivers/port/port.o
 .debug_line    0x0000fc00      0xf62 src/ASF/common2/boards/user_board/init.o
 .debug_line    0x00010b62      0x8c2 src/ASF/common/utils/interrupt/interrupt_sam_nvic.o
 .debug_line    0x00011424      0xca4 src/ASF/sam0/drivers/system/clock/clock_saml21/clock.o
 .debug_line    0x000120c8      0xbf0 src/ASF/sam0/drivers/system/clock/clock_saml21/gclk.o
 .debug_line    0x00012cb8      0x934 src/ASF/sam0/drivers/system/pinmux/pinmux.o
 .debug_line    0x000135ec      0x9d2 src/ASF/sam0/drivers/system/system.o
 .debug_line    0x00013fbe      0x6b7 src/ASF/sam0/utils/cmsis/saml21/source/gcc/startup_saml21.o
 .debug_line    0x00014675      0xff7 src/main.o

.debug_str      0x00000000    0x99949
 .debug_str     0x00000000    0x927f5 src/ADT7420.o
                              0x930a6 (size before relaxing)
 .debug_str     0x000927f5      0x24f src/ADXL375.o
                              0x9325b (size before relaxing)
 .debug_str     0x00092a44      0x911 src/ASF/sam0/drivers/events/events_hooks.o
                              0x8a084 (size before relaxing)
 .debug_str     0x00093355      0x6cc src/ASF/sam0/drivers/events/events_sam_l_c/events.o
                              0x8a4b4 (size before relaxing)
 .debug_str     0x00093a21      0x5cb src/ASF/sam0/drivers/extint/extint_sam_l_c/extint.o
                              0x8a8fd (size before relaxing)
 .debug_str     0x00093fec      0x59c src/ASF/sam0/drivers/rtc/rtc_sam_l_c/rtc_calendar.o
                              0x8bec9 (size before relaxing)
 .debug_str     0x00094588       0xf3 src/ASF/sam0/drivers/rtc/rtc_sam_l_c/rtc_calendar_interrupt.o
                              0x8af98 (size before relaxing)
 .debug_str     0x0009467b      0x608 src/ASF/sam0/drivers/sercom/i2c/i2c_sam0/i2c_master.o
                              0x8b2b3 (size before relaxing)
 .debug_str     0x00094c83      0x101 src/ASF/sam0/drivers/tc/tc_interrupt.o
                              0x8a1f3 (size before relaxing)
 .debug_str     0x00094d84     0x1458 src/ASF/sam0/drivers/usb/usb_sam_l/usb.o
                              0x8bd4f (size before relaxing)
 .debug_str     0x000961dc      0xb08 src/HAL.o
                              0x93df6 (size before relaxing)
 .debug_str     0x00096ce4      0x582 src/S70FL01.o
                              0x93596 (size before relaxing)
 .debug_str     0x00097266      0x153 src/SP1ML.o
                              0x93155 (size before relaxing)
 .debug_str     0x000973b9      0x1de src/ASF/sam0/drivers/sercom/usart/usart.o
                              0x8b4b6 (size before relaxing)
 .debug_str     0x00097597      0x236 src/ASF/sam0/drivers/sercom/spi/spi.o
                              0x8b6ed (size before relaxing)
 .debug_str     0x000977cd      0x2d7 src/ASF/sam0/drivers/sercom/sercom.o
                              0x8a8fc (size before relaxing)
 .debug_str     0x00097aa4      0x100 src/ASF/sam0/drivers/extint/extint_callback.o
                              0x898e7 (size before relaxing)
 .debug_str     0x00097ba4       0x4e src/ASF/sam0/drivers/port/port.o
                              0x896cd (size before relaxing)
 .debug_str     0x00097bf2       0x3e src/ASF/common2/boards/user_board/init.o
                              0x8f4be (size before relaxing)
 .debug_str     0x00097c30       0x9b src/ASF/common/utils/interrupt/interrupt_sam_nvic.o
                              0x8927a (size before relaxing)
 .debug_str     0x00097ccb     0x1534 src/ASF/sam0/drivers/system/clock/clock_saml21/clock.o
                              0x8c7c1 (size before relaxing)
 .debug_str     0x000991ff      0x1c8 src/ASF/sam0/drivers/system/clock/clock_saml21/gclk.o
                              0x89ef0 (size before relaxing)
 .debug_str     0x000993c7      0x156 src/ASF/sam0/drivers/system/pinmux/pinmux.o
                              0x8977a (size before relaxing)
 .debug_str     0x0009951d       0x47 src/ASF/sam0/drivers/system/system.o
                              0x8930a (size before relaxing)
 .debug_str     0x00099564      0x3a8 src/ASF/sam0/utils/cmsis/saml21/source/gcc/startup_saml21.o
                              0x7535d (size before relaxing)
 .debug_str     0x0009990c       0x3d src/main.o
                              0x92fc1 (size before relaxing)

.debug_frame    0x00000000     0x170c
 .debug_frame   0x00000000       0x58 src/ADT7420.o
 .debug_frame   0x00000058      0x174 src/ADXL375.o
 .debug_frame   0x000001cc       0xb8 src/ASF/sam0/drivers/events/events_hooks.o
 .debug_frame   0x00000284      0x100 src/ASF/sam0/drivers/events/events_sam_l_c/events.o
 .debug_frame   0x00000384       0xc8 src/ASF/sam0/drivers/extint/extint_sam_l_c/extint.o
 .debug_frame   0x0000044c      0x148 src/ASF/sam0/drivers/rtc/rtc_sam_l_c/rtc_calendar.o
 .debug_frame   0x00000594       0x8c src/ASF/sam0/drivers/rtc/rtc_sam_l_c/rtc_calendar_interrupt.o
 .debug_frame   0x00000620      0x1e4 src/ASF/sam0/drivers/sercom/i2c/i2c_sam0/i2c_master.o
 .debug_frame   0x00000804       0x94 src/ASF/sam0/drivers/tc/tc_interrupt.o
 .debug_frame   0x00000898      0x3a8 src/ASF/sam0/drivers/usb/usb_sam_l/usb.o
 .debug_frame   0x00000c40      0x10c src/HAL.o
 .debug_frame   0x00000d4c       0x90 src/S70FL01.o
 .debug_frame   0x00000ddc       0xec src/SP1ML.o
 .debug_frame   0x00000ec8       0xac src/ASF/sam0/drivers/sercom/usart/usart.o
 .debug_frame   0x00000f74      0x120 src/ASF/sam0/drivers/sercom/spi/spi.o
 .debug_frame   0x00001094       0x9c src/ASF/sam0/drivers/sercom/sercom.o
 .debug_frame   0x00001130       0x7c src/ASF/sam0/drivers/extint/extint_callback.o
 .debug_frame   0x000011ac       0x44 src/ASF/sam0/drivers/port/port.o
 .debug_frame   0x000011f0       0x20 src/ASF/common2/boards/user_board/init.o
 .debug_frame   0x00001210       0x30 src/ASF/common/utils/interrupt/interrupt_sam_nvic.o
 .debug_frame   0x00001240      0x170 src/ASF/sam0/drivers/system/clock/clock_saml21/clock.o
 .debug_frame   0x000013b0      0x150 src/ASF/sam0/drivers/system/clock/clock_saml21/gclk.o
 .debug_frame   0x00001500       0x98 src/ASF/sam0/drivers/system/pinmux/pinmux.o
 .debug_frame   0x00001598       0x38 src/ASF/sam0/drivers/system/system.o
 .debug_frame   0x000015d0       0x38 src/ASF/sam0/utils/cmsis/saml21/source/gcc/startup_saml21.o
 .debug_frame   0x00001608       0x3c src/main.o
 .debug_frame   0x00001644       0x20 c:/program files (x86)/atmel/studio/7.0/toolchain/arm/arm-gnu-toolchain/bin/../lib/gcc/arm-none-eabi/4.9.3/armv6-m\libgcc.a(_udivsi3.o)
 .debug_frame   0x00001664       0x20 c:/program files (x86)/atmel/studio/7.0/toolchain/arm/arm-gnu-toolchain/bin/../lib/gcc/arm-none-eabi/4.9.3/armv6-m\libgcc.a(_divsi3.o)
 .debug_frame   0x00001684       0x34 c:/program files (x86)/atmel/studio/7.0/toolchain/arm/arm-gnu-toolchain/bin/../lib/gcc/arm-none-eabi/4.9.3/armv6-m\libgcc.a(_muldi3.o)
 .debug_frame   0x000016b8       0x2c c:/program files (x86)/atmel/studio/7.0/toolchain/arm/arm-gnu-toolchain/bin/../lib/gcc/arm-none-eabi/4.9.3/../../../../arm-none-eabi/lib/armv6-m\libc_nano.a(lib_a-init.o)
 .debug_frame   0x000016e4       0x28 c:/program files (x86)/atmel/studio/7.0/toolchain/arm/arm-gnu-toolchain/bin/../lib/gcc/arm-none-eabi/4.9.3/../../../../arm-none-eabi/lib/armv6-m\libc_nano.a(lib_a-memcpy.o)

Cross Reference Table

Symbol                                            File
AC_Handler                                        src/ASF/sam0/utils/cmsis/saml21/source/gcc/startup_saml21.o
ADC_Handler                                       src/ASF/sam0/utils/cmsis/saml21/source/gcc/startup_saml21.o
ADT7420_read_temp                                 src/ADT7420.o
                                                  src/main.o
                                                  src/HAL.o
ADXL375_ISR_Handler                               src/ADXL375.o
ADXL375_begin_sampling                            src/ADXL375.o
ADXL375_buffer_full_count                         src/main.o
                                                  src/SP1ML.o
                                                  src/S70FL01.o
                                                  src/HAL.o
                                                  src/ADXL375.o
                                                  src/ADT7420.o
ADXL375_calibrate                                 src/ADXL375.o
ADXL375_disable_interrupt                         src/ADXL375.o
                                                  src/ADT7420.o
ADXL375_enable_interrupt                          src/ADXL375.o
                                                  src/ADT7420.o
ADXL375_end_sampling                              src/ADXL375.o
ADXL375_inactive_interrupts                       src/main.o
                                                  src/SP1ML.o
                                                  src/S70FL01.o
                                                  src/HAL.o
                                                  src/ADXL375.o
                                                  src/ADT7420.o
ADXL375_read_samples                              src/ADXL375.o
ADXL375_set_activity_thresh                       src/ADXL375.o
ADXL375_set_inactivity_thresh                     src/ADXL375.o
AES_Handler                                       src/ASF/sam0/utils/cmsis/saml21/source/gcc/startup_saml21.o
DAC_Handler                                       src/ASF/sam0/utils/cmsis/saml21/source/gcc/startup_saml21.o
DMAC_Handler                                      src/ASF/sam0/utils/cmsis/saml21/source/gcc/startup_saml21.o
Dummy_Handler                                     src/ASF/sam0/utils/cmsis/saml21/source/gcc/startup_saml21.o
EIC_Handler                                       src/ASF/sam0/drivers/extint/extint_callback.o
EVSYS_Handler                                     src/ASF/sam0/drivers/events/events_hooks.o
HardFault_Handler                                 src/ASF/sam0/utils/cmsis/saml21/source/gcc/startup_saml21.o
NMI_Handler                                       src/ASF/sam0/utils/cmsis/saml21/source/gcc/startup_saml21.o
NVMCTRL_Handler                                   src/ASF/sam0/utils/cmsis/saml21/source/gcc/startup_saml21.o
PTC_Handler                                       src/ASF/sam0/utils/cmsis/saml21/source/gcc/startup_saml21.o
PendSV_Handler                                    src/ASF/sam0/utils/cmsis/saml21/source/gcc/startup_saml21.o
RTC_Handler                                       src/ASF/sam0/drivers/rtc/rtc_sam_l_c/rtc_calendar_interrupt.o
Reset_Handler                                     src/ASF/sam0/utils/cmsis/saml21/source/gcc/startup_saml21.o
S70FL01_active_die                                src/main.o
                                                  src/SP1ML.o
                                                  src/S70FL01.o
                                                  src/HAL.o
                                                  src/ADXL375.o
                                                  src/ADT7420.o
S70FL01_address                                   src/main.o
                                                  src/SP1ML.o
                                                  src/S70FL01.o
                                                  src/HAL.o
                                                  src/ADXL375.o
                                                  src/ADT7420.o
S70FL01_read_byte                                 src/S70FL01.o
S70FL01_verified_write                            src/S70FL01.o
                                                  src/HAL.o
SERCOM0_Handler                                   src/ASF/sam0/utils/cmsis/saml21/source/gcc/startup_saml21.o
SERCOM1_Handler                                   src/ASF/sam0/utils/cmsis/saml21/source/gcc/startup_saml21.o
SERCOM2_Handler                                   src/ASF/sam0/utils/cmsis/saml21/source/gcc/startup_saml21.o
SERCOM3_Handler                                   src/ASF/sam0/utils/cmsis/saml21/source/gcc/startup_saml21.o
SERCOM4_Handler                                   src/ASF/sam0/utils/cmsis/saml21/source/gcc/startup_saml21.o
SERCOM5_Handler                                   src/ASF/sam0/utils/cmsis/saml21/source/gcc/startup_saml21.o
SP1ML_enter_cmd_mode                              src/SP1ML.o
SP1ML_enter_op_mode                               src/SP1ML.o
SP1ML_set_baud                                    src/SP1ML.o
SP1ML_set_output_power                            src/SP1ML.o
SP1ML_transmit_data                               src/SP1ML.o
SP1ML_transmit_debug                              src/SP1ML.o
SVC_Handler                                       src/ASF/sam0/utils/cmsis/saml21/source/gcc/startup_saml21.o
SYSTEM_Handler                                    src/ASF/sam0/utils/cmsis/saml21/source/gcc/startup_saml21.o
SysTick_Handler                                   src/ASF/sam0/utils/cmsis/saml21/source/gcc/startup_saml21.o
SystemCoreClock                                   src/ASF/sam0/utils/cmsis/saml21/source/system_saml21.o
SystemCoreClockUpdate                             src/ASF/sam0/utils/cmsis/saml21/source/system_saml21.o
SystemInit                                        src/ASF/sam0/utils/cmsis/saml21/source/system_saml21.o
TC0_Handler                                       src/ASF/sam0/drivers/tc/tc_interrupt.o
TC1_Handler                                       src/ASF/sam0/drivers/tc/tc_interrupt.o
TC4_Handler                                       src/ASF/sam0/drivers/tc/tc_interrupt.o
TCC0_Handler                                      src/ASF/sam0/utils/cmsis/saml21/source/gcc/startup_saml21.o
TCC1_Handler                                      src/ASF/sam0/utils/cmsis/saml21/source/gcc/startup_saml21.o
TCC2_Handler                                      src/ASF/sam0/utils/cmsis/saml21/source/gcc/startup_saml21.o
TRNG_Handler                                      src/ASF/sam0/utils/cmsis/saml21/source/gcc/startup_saml21.o
USB_Handler                                       src/ASF/sam0/drivers/usb/usb_sam_l/usb.o
WDT_Handler                                       src/ASF/sam0/utils/cmsis/saml21/source/gcc/startup_saml21.o
_Jv_RegisterClasses                               c:/program files (x86)/atmel/studio/7.0/toolchain/arm/arm-gnu-toolchain/bin/../lib/gcc/arm-none-eabi/4.9.3/armv6-m/crtbegin.o
__aeabi_idiv                                      c:/program files (x86)/atmel/studio/7.0/toolchain/arm/arm-gnu-toolchain/bin/../lib/gcc/arm-none-eabi/4.9.3/armv6-m\libgcc.a(_divsi3.o)
                                                  c:/program files (x86)/atmel/studio/7.0/toolchain/arm/arm-gnu-toolchain/bin/../lib/gcc/arm-none-eabi/4.9.3/../../../../arm-none-eabi/lib/armv6-m\libc_nano.a(lib_a-fvwrite.o)
                                                  src/ASF/sam0/drivers/sercom/i2c/i2c_sam0/i2c_master.o
                                                  src/ADXL375.o
__aeabi_idiv0                                     c:/program files (x86)/atmel/studio/7.0/toolchain/arm/arm-gnu-toolchain/bin/../lib/gcc/arm-none-eabi/4.9.3/armv6-m\libgcc.a(_dvmd_tls.o)
                                                  c:/program files (x86)/atmel/studio/7.0/toolchain/arm/arm-gnu-toolchain/bin/../lib/gcc/arm-none-eabi/4.9.3/armv6-m\libgcc.a(_divsi3.o)
                                                  c:/program files (x86)/atmel/studio/7.0/toolchain/arm/arm-gnu-toolchain/bin/../lib/gcc/arm-none-eabi/4.9.3/armv6-m\libgcc.a(_udivsi3.o)
__aeabi_idivmod                                   c:/program files (x86)/atmel/studio/7.0/toolchain/arm/arm-gnu-toolchain/bin/../lib/gcc/arm-none-eabi/4.9.3/armv6-m\libgcc.a(_divsi3.o)
                                                  src/ASF/sam0/drivers/usb/stack_interface/usb_device_udd.o
__aeabi_ldiv0                                     c:/program files (x86)/atmel/studio/7.0/toolchain/arm/arm-gnu-toolchain/bin/../lib/gcc/arm-none-eabi/4.9.3/armv6-m\libgcc.a(_dvmd_tls.o)
__aeabi_lmul                                      c:/program files (x86)/atmel/studio/7.0/toolchain/arm/arm-gnu-toolchain/bin/../lib/gcc/arm-none-eabi/4.9.3/armv6-m\libgcc.a(_muldi3.o)
                                                  src/ASF/sam0/drivers/sercom/sercom.o
__aeabi_uidiv                                     c:/program files (x86)/atmel/studio/7.0/toolchain/arm/arm-gnu-toolchain/bin/../lib/gcc/arm-none-eabi/4.9.3/armv6-m\libgcc.a(_udivsi3.o)
                                                  c:/program files (x86)/atmel/studio/7.0/toolchain/arm/arm-gnu-toolchain/bin/../lib/gcc/arm-none-eabi/4.9.3/../../../../arm-none-eabi/lib/armv6-m\libc_nano.a(lib_a-nano-vfprintf_i.o)
                                                  src/ASF/sam0/drivers/system/clock/clock_saml21/gclk.o
                                                  src/ASF/sam0/drivers/system/clock/clock_saml21/clock.o
                                                  src/ASF/sam0/drivers/sercom/i2c/i2c_sam0/i2c_master.o
                                                  src/ASF/sam0/drivers/nvm/nvm.o
__aeabi_uidivmod                                  c:/program files (x86)/atmel/studio/7.0/toolchain/arm/arm-gnu-toolchain/bin/../lib/gcc/arm-none-eabi/4.9.3/armv6-m\libgcc.a(_udivsi3.o)
                                                  c:/program files (x86)/atmel/studio/7.0/toolchain/arm/arm-gnu-toolchain/bin/../lib/gcc/arm-none-eabi/4.9.3/../../../../arm-none-eabi/lib/armv6-m\libc_nano.a(lib_a-nano-vfprintf_i.o)
                                                  src/HAL.o
                                                  src/ASF/sam0/drivers/usb/stack_interface/usb_device_udd.o
                                                  src/ASF/sam0/drivers/rtc/rtc_sam_l_c/rtc_calendar.o
                                                  src/ASF/sam0/drivers/nvm/nvm.o
__bss_end__                                       c:/program files (x86)/atmel/studio/7.0/toolchain/arm/arm-gnu-toolchain/bin/../lib/gcc/arm-none-eabi/4.9.3/../../../../arm-none-eabi/lib/armv6-m/crt0.o
__bss_start__                                     c:/program files (x86)/atmel/studio/7.0/toolchain/arm/arm-gnu-toolchain/bin/../lib/gcc/arm-none-eabi/4.9.3/../../../../arm-none-eabi/lib/armv6-m/crt0.o
__call_exitprocs                                  c:/program files (x86)/atmel/studio/7.0/toolchain/arm/arm-gnu-toolchain/bin/../lib/gcc/arm-none-eabi/4.9.3/../../../../arm-none-eabi/lib/armv6-m\libc_nano.a(lib_a-exit.o)
__clzsi2                                          c:/program files (x86)/atmel/studio/7.0/toolchain/arm/arm-gnu-toolchain/bin/../lib/gcc/arm-none-eabi/4.9.3/armv6-m\libgcc.a(_clzsi2.o)
                                                  src/ASF/sam0/drivers/usb/usb_sam_l/usb.o
__ctzsi2                                          c:/program files (x86)/atmel/studio/7.0/toolchain/arm/arm-gnu-toolchain/bin/../lib/gcc/arm-none-eabi/4.9.3/armv6-m\libgcc.a(_ctzsi2.o)
                                                  src/ASF/sam0/drivers/usb/usb_sam_l/usb.o
__deregister_frame_info                           c:/program files (x86)/atmel/studio/7.0/toolchain/arm/arm-gnu-toolchain/bin/../lib/gcc/arm-none-eabi/4.9.3/armv6-m/crtbegin.o
__divsi3                                          c:/program files (x86)/atmel/studio/7.0/toolchain/arm/arm-gnu-toolchain/bin/../lib/gcc/arm-none-eabi/4.9.3/armv6-m\libgcc.a(_divsi3.o)
__dso_handle                                      c:/program files (x86)/atmel/studio/7.0/toolchain/arm/arm-gnu-toolchain/bin/../lib/gcc/arm-none-eabi/4.9.3/armv6-m/crtbegin.o
__fp_lock_all                                     c:/program files (x86)/atmel/studio/7.0/toolchain/arm/arm-gnu-toolchain/bin/../lib/gcc/arm-none-eabi/4.9.3/../../../../arm-none-eabi/lib/armv6-m\libc_nano.a(lib_a-findfp.o)
__fp_unlock_all                                   c:/program files (x86)/atmel/studio/7.0/toolchain/arm/arm-gnu-toolchain/bin/../lib/gcc/arm-none-eabi/4.9.3/../../../../arm-none-eabi/lib/armv6-m\libc_nano.a(lib_a-findfp.o)
__init_array_end                                  c:/program files (x86)/atmel/studio/7.0/toolchain/arm/arm-gnu-toolchain/bin/../lib/gcc/arm-none-eabi/4.9.3/../../../../arm-none-eabi/lib/armv6-m\libc_nano.a(lib_a-init.o)
__init_array_start                                c:/program files (x86)/atmel/studio/7.0/toolchain/arm/arm-gnu-toolchain/bin/../lib/gcc/arm-none-eabi/4.9.3/../../../../arm-none-eabi/lib/armv6-m\libc_nano.a(lib_a-init.o)
__libc_fini_array                                 c:/program files (x86)/atmel/studio/7.0/toolchain/arm/arm-gnu-toolchain/bin/../lib/gcc/arm-none-eabi/4.9.3/../../../../arm-none-eabi/lib/armv6-m/crt0.o
__libc_init_array                                 c:/program files (x86)/atmel/studio/7.0/toolchain/arm/arm-gnu-toolchain/bin/../lib/gcc/arm-none-eabi/4.9.3/../../../../arm-none-eabi/lib/armv6-m\libc_nano.a(lib_a-init.o)
                                                  src/ASF/sam0/utils/cmsis/saml21/source/gcc/startup_saml21.o
                                                  c:/program files (x86)/atmel/studio/7.0/toolchain/arm/arm-gnu-toolchain/bin/../lib/gcc/arm-none-eabi/4.9.3/../../../../arm-none-eabi/lib/armv6-m/crt0.o
__malloc_free_list                                c:/program files (x86)/atmel/studio/7.0/toolchain/arm/arm-gnu-toolchain/bin/../lib/gcc/arm-none-eabi/4.9.3/../../../../arm-none-eabi/lib/armv6-m\libc_nano.a(lib_a-nano-mallocr.o)
                                                  c:/program files (x86)/atmel/studio/7.0/toolchain/arm/arm-gnu-toolchain/bin/../lib/gcc/arm-none-eabi/4.9.3/../../../../arm-none-eabi/lib/armv6-m\libc_nano.a(lib_a-nano-freer.o)
__malloc_sbrk_start                               c:/program files (x86)/atmel/studio/7.0/toolchain/arm/arm-gnu-toolchain/bin/../lib/gcc/arm-none-eabi/4.9.3/../../../../arm-none-eabi/lib/armv6-m\libc_nano.a(lib_a-nano-mallocr.o)
__muldi3                                          c:/program files (x86)/atmel/studio/7.0/toolchain/arm/arm-gnu-toolchain/bin/../lib/gcc/arm-none-eabi/4.9.3/armv6-m\libgcc.a(_muldi3.o)
__preinit_array_end                               c:/program files (x86)/atmel/studio/7.0/toolchain/arm/arm-gnu-toolchain/bin/../lib/gcc/arm-none-eabi/4.9.3/../../../../arm-none-eabi/lib/armv6-m\libc_nano.a(lib_a-init.o)
__preinit_array_start                             c:/program files (x86)/atmel/studio/7.0/toolchain/arm/arm-gnu-toolchain/bin/../lib/gcc/arm-none-eabi/4.9.3/../../../../arm-none-eabi/lib/armv6-m\libc_nano.a(lib_a-init.o)
__register_frame_info                             c:/program files (x86)/atmel/studio/7.0/toolchain/arm/arm-gnu-toolchain/bin/../lib/gcc/arm-none-eabi/4.9.3/armv6-m/crtbegin.o
__sclose                                          c:/program files (x86)/atmel/studio/7.0/toolchain/arm/arm-gnu-toolchain/bin/../lib/gcc/arm-none-eabi/4.9.3/../../../../arm-none-eabi/lib/armv6-m\libc_nano.a(lib_a-stdio.o)
                                                  c:/program files (x86)/atmel/studio/7.0/toolchain/arm/arm-gnu-toolchain/bin/../lib/gcc/arm-none-eabi/4.9.3/../../../../arm-none-eabi/lib/armv6-m\libc_nano.a(lib_a-findfp.o)
__seofread                                        c:/program files (x86)/atmel/studio/7.0/toolchain/arm/arm-gnu-toolchain/bin/../lib/gcc/arm-none-eabi/4.9.3/../../../../arm-none-eabi/lib/armv6-m\libc_nano.a(lib_a-stdio.o)
__sf_fake_stderr                                  c:/program files (x86)/atmel/studio/7.0/toolchain/arm/arm-gnu-toolchain/bin/../lib/gcc/arm-none-eabi/4.9.3/../../../../arm-none-eabi/lib/armv6-m\libc_nano.a(lib_a-findfp.o)
                                                  c:/program files (x86)/atmel/studio/7.0/toolchain/arm/arm-gnu-toolchain/bin/../lib/gcc/arm-none-eabi/4.9.3/../../../../arm-none-eabi/lib/armv6-m\libc_nano.a(lib_a-fflush.o)
                                                  c:/program files (x86)/atmel/studio/7.0/toolchain/arm/arm-gnu-toolchain/bin/../lib/gcc/arm-none-eabi/4.9.3/../../../../arm-none-eabi/lib/armv6-m\libc_nano.a(lib_a-wsetup.o)
                                                  c:/program files (x86)/atmel/studio/7.0/toolchain/arm/arm-gnu-toolchain/bin/../lib/gcc/arm-none-eabi/4.9.3/../../../../arm-none-eabi/lib/armv6-m\libc_nano.a(lib_a-wbuf.o)
                                                  c:/program files (x86)/atmel/studio/7.0/toolchain/arm/arm-gnu-toolchain/bin/../lib/gcc/arm-none-eabi/4.9.3/../../../../arm-none-eabi/lib/armv6-m\libc_nano.a(lib_a-nano-vfprintf.o)
                                                  c:/program files (x86)/atmel/studio/7.0/toolchain/arm/arm-gnu-toolchain/bin/../lib/gcc/arm-none-eabi/4.9.3/../../../../arm-none-eabi/lib/armv6-m\libc_nano.a(lib_a-impure.o)
__sf_fake_stdin                                   c:/program files (x86)/atmel/studio/7.0/toolchain/arm/arm-gnu-toolchain/bin/../lib/gcc/arm-none-eabi/4.9.3/../../../../arm-none-eabi/lib/armv6-m\libc_nano.a(lib_a-findfp.o)
                                                  c:/program files (x86)/atmel/studio/7.0/toolchain/arm/arm-gnu-toolchain/bin/../lib/gcc/arm-none-eabi/4.9.3/../../../../arm-none-eabi/lib/armv6-m\libc_nano.a(lib_a-fflush.o)
                                                  c:/program files (x86)/atmel/studio/7.0/toolchain/arm/arm-gnu-toolchain/bin/../lib/gcc/arm-none-eabi/4.9.3/../../../../arm-none-eabi/lib/armv6-m\libc_nano.a(lib_a-wsetup.o)
                                                  c:/program files (x86)/atmel/studio/7.0/toolchain/arm/arm-gnu-toolchain/bin/../lib/gcc/arm-none-eabi/4.9.3/../../../../arm-none-eabi/lib/armv6-m\libc_nano.a(lib_a-wbuf.o)
                                                  c:/program files (x86)/atmel/studio/7.0/toolchain/arm/arm-gnu-toolchain/bin/../lib/gcc/arm-none-eabi/4.9.3/../../../../arm-none-eabi/lib/armv6-m\libc_nano.a(lib_a-nano-vfprintf.o)
                                                  c:/program files (x86)/atmel/studio/7.0/toolchain/arm/arm-gnu-toolchain/bin/../lib/gcc/arm-none-eabi/4.9.3/../../../../arm-none-eabi/lib/armv6-m\libc_nano.a(lib_a-impure.o)
__sf_fake_stdout                                  c:/program files (x86)/atmel/studio/7.0/toolchain/arm/arm-gnu-toolchain/bin/../lib/gcc/arm-none-eabi/4.9.3/../../../../arm-none-eabi/lib/armv6-m\libc_nano.a(lib_a-findfp.o)
                                                  c:/program files (x86)/atmel/studio/7.0/toolchain/arm/arm-gnu-toolchain/bin/../lib/gcc/arm-none-eabi/4.9.3/../../../../arm-none-eabi/lib/armv6-m\libc_nano.a(lib_a-fflush.o)
                                                  c:/program files (x86)/atmel/studio/7.0/toolchain/arm/arm-gnu-toolchain/bin/../lib/gcc/arm-none-eabi/4.9.3/../../../../arm-none-eabi/lib/armv6-m\libc_nano.a(lib_a-wsetup.o)
                                                  c:/program files (x86)/atmel/studio/7.0/toolchain/arm/arm-gnu-toolchain/bin/../lib/gcc/arm-none-eabi/4.9.3/../../../../arm-none-eabi/lib/armv6-m\libc_nano.a(lib_a-wbuf.o)
                                                  c:/program files (x86)/atmel/studio/7.0/toolchain/arm/arm-gnu-toolchain/bin/../lib/gcc/arm-none-eabi/4.9.3/../../../../arm-none-eabi/lib/armv6-m\libc_nano.a(lib_a-nano-vfprintf.o)
                                                  c:/program files (x86)/atmel/studio/7.0/toolchain/arm/arm-gnu-toolchain/bin/../lib/gcc/arm-none-eabi/4.9.3/../../../../arm-none-eabi/lib/armv6-m\libc_nano.a(lib_a-impure.o)
__sflush_r                                        c:/program files (x86)/atmel/studio/7.0/toolchain/arm/arm-gnu-toolchain/bin/../lib/gcc/arm-none-eabi/4.9.3/../../../../arm-none-eabi/lib/armv6-m\libc_nano.a(lib_a-fflush.o)
__sfmoreglue                                      c:/program files (x86)/atmel/studio/7.0/toolchain/arm/arm-gnu-toolchain/bin/../lib/gcc/arm-none-eabi/4.9.3/../../../../arm-none-eabi/lib/armv6-m\libc_nano.a(lib_a-findfp.o)
__sfp                                             c:/program files (x86)/atmel/studio/7.0/toolchain/arm/arm-gnu-toolchain/bin/../lib/gcc/arm-none-eabi/4.9.3/../../../../arm-none-eabi/lib/armv6-m\libc_nano.a(lib_a-findfp.o)
__sfp_lock_acquire                                c:/program files (x86)/atmel/studio/7.0/toolchain/arm/arm-gnu-toolchain/bin/../lib/gcc/arm-none-eabi/4.9.3/../../../../arm-none-eabi/lib/armv6-m\libc_nano.a(lib_a-findfp.o)
__sfp_lock_release                                c:/program files (x86)/atmel/studio/7.0/toolchain/arm/arm-gnu-toolchain/bin/../lib/gcc/arm-none-eabi/4.9.3/../../../../arm-none-eabi/lib/armv6-m\libc_nano.a(lib_a-findfp.o)
__sfputs_r                                        c:/program files (x86)/atmel/studio/7.0/toolchain/arm/arm-gnu-toolchain/bin/../lib/gcc/arm-none-eabi/4.9.3/../../../../arm-none-eabi/lib/armv6-m\libc_nano.a(lib_a-nano-vfprintf.o)
__sfvwrite_r                                      c:/program files (x86)/atmel/studio/7.0/toolchain/arm/arm-gnu-toolchain/bin/../lib/gcc/arm-none-eabi/4.9.3/../../../../arm-none-eabi/lib/armv6-m\libc_nano.a(lib_a-fvwrite.o)
                                                  c:/program files (x86)/atmel/studio/7.0/toolchain/arm/arm-gnu-toolchain/bin/../lib/gcc/arm-none-eabi/4.9.3/../../../../arm-none-eabi/lib/armv6-m\libc_nano.a(lib_a-nano-vfprintf.o)
__sinit                                           c:/program files (x86)/atmel/studio/7.0/toolchain/arm/arm-gnu-toolchain/bin/../lib/gcc/arm-none-eabi/4.9.3/../../../../arm-none-eabi/lib/armv6-m\libc_nano.a(lib_a-findfp.o)
                                                  c:/program files (x86)/atmel/studio/7.0/toolchain/arm/arm-gnu-toolchain/bin/../lib/gcc/arm-none-eabi/4.9.3/../../../../arm-none-eabi/lib/armv6-m\libc_nano.a(lib_a-fflush.o)
                                                  c:/program files (x86)/atmel/studio/7.0/toolchain/arm/arm-gnu-toolchain/bin/../lib/gcc/arm-none-eabi/4.9.3/../../../../arm-none-eabi/lib/armv6-m\libc_nano.a(lib_a-wsetup.o)
                                                  c:/program files (x86)/atmel/studio/7.0/toolchain/arm/arm-gnu-toolchain/bin/../lib/gcc/arm-none-eabi/4.9.3/../../../../arm-none-eabi/lib/armv6-m\libc_nano.a(lib_a-wbuf.o)
                                                  c:/program files (x86)/atmel/studio/7.0/toolchain/arm/arm-gnu-toolchain/bin/../lib/gcc/arm-none-eabi/4.9.3/../../../../arm-none-eabi/lib/armv6-m\libc_nano.a(lib_a-nano-vfprintf.o)
                                                  c:/program files (x86)/atmel/studio/7.0/toolchain/arm/arm-gnu-toolchain/bin/../lib/gcc/arm-none-eabi/4.9.3/../../../../arm-none-eabi/lib/armv6-m\libc_nano.a(lib_a-printf.o)
__sinit_lock_acquire                              c:/program files (x86)/atmel/studio/7.0/toolchain/arm/arm-gnu-toolchain/bin/../lib/gcc/arm-none-eabi/4.9.3/../../../../arm-none-eabi/lib/armv6-m\libc_nano.a(lib_a-findfp.o)
__sinit_lock_release                              c:/program files (x86)/atmel/studio/7.0/toolchain/arm/arm-gnu-toolchain/bin/../lib/gcc/arm-none-eabi/4.9.3/../../../../arm-none-eabi/lib/armv6-m\libc_nano.a(lib_a-findfp.o)