Archive member included because of file (symbol)

c:/program files (x86)/atmel/studio/7.0/toolchain/arm/arm-gnu-toolchain/bin/../lib/gcc/arm-none-eabi/4.9.3/armv6-m\libgcc.a(_udivsi3.o)
                              src/ASF/sam0/drivers/nvm/nvm.o (__aeabi_uidiv)
c:/program files (x86)/atmel/studio/7.0/toolchain/arm/arm-gnu-toolchain/bin/../lib/gcc/arm-none-eabi/4.9.3/armv6-m\libgcc.a(_divsi3.o)
                              src/ADXL375.o (__aeabi_idiv)
c:/program files (x86)/atmel/studio/7.0/toolchain/arm/arm-gnu-toolchain/bin/../lib/gcc/arm-none-eabi/4.9.3/armv6-m\libgcc.a(_dvmd_tls.o)
                              c:/program files (x86)/atmel/studio/7.0/toolchain/arm/arm-gnu-toolchain/bin/../lib/gcc/arm-none-eabi/4.9.3/armv6-m\libgcc.a(_udivsi3.o) (__aeabi_idiv0)
c:/program files (x86)/atmel/studio/7.0/toolchain/arm/arm-gnu-toolchain/bin/../lib/gcc/arm-none-eabi/4.9.3/armv6-m\libgcc.a(_clzsi2.o)
                              src/ASF/sam0/drivers/usb/usb_sam_l/usb.o (__clzsi2)
c:/program files (x86)/atmel/studio/7.0/toolchain/arm/arm-gnu-toolchain/bin/../lib/gcc/arm-none-eabi/4.9.3/armv6-m\libgcc.a(_ctzsi2.o)
                              src/ASF/sam0/drivers/usb/usb_sam_l/usb.o (__ctzsi2)
c:/program files (x86)/atmel/studio/7.0/toolchain/arm/arm-gnu-toolchain/bin/../lib/gcc/arm-none-eabi/4.9.3/armv6-m\libgcc.a(_muldi3.o)
                              src/ASF/sam0/drivers/sercom/sercom.o (__aeabi_lmul)
c:/program files (x86)/atmel/studio/7.0/toolchain/arm/arm-gnu-toolchain/bin/../lib/gcc/arm-none-eabi/4.9.3/../../../../arm-none-eabi/lib/armv6-m\libc_nano.a(lib_a-exit.o)
                              c:/program files (x86)/atmel/studio/7.0/toolchain/arm/arm-gnu-toolchain/bin/../lib/gcc/arm-none-eabi/4.9.3/../../../../arm-none-eabi/lib/armv6-m/crt0.o (exit)
c:/program files (x86)/atmel/studio/7.0/toolchain/arm/arm-gnu-toolchain/bin/../lib/gcc/arm-none-eabi/4.9.3/../../../../arm-none-eabi/lib/armv6-m\libc_nano.a(lib_a-impure.o)
                              c:/program files (x86)/atmel/studio/7.0/toolchain/arm/arm-gnu-toolchain/bin/../lib/gcc/arm-none-eabi/4.9.3/../../../../arm-none-eabi/lib/armv6-m\libc_nano.a(lib_a-exit.o) (_global_impure_ptr)
c:/program files (x86)/atmel/studio/7.0/toolchain/arm/arm-gnu-toolchain/bin/../lib/gcc/arm-none-eabi/4.9.3/../../../../arm-none-eabi/lib/armv6-m\libc_nano.a(lib_a-init.o)
                              c:/program files (x86)/atmel/studio/7.0/toolchain/arm/arm-gnu-toolchain/bin/../lib/gcc/arm-none-eabi/4.9.3/../../../../arm-none-eabi/lib/armv6-m/crt0.o (__libc_init_array)
c:/program files (x86)/atmel/studio/7.0/toolchain/arm/arm-gnu-toolchain/bin/../lib/gcc/arm-none-eabi/4.9.3/../../../../arm-none-eabi/lib/armv6-m\libc_nano.a(lib_a-memcpy.o)
                              src/ADT7420.o (memcpy)
c:/program files (x86)/atmel/studio/7.0/toolchain/arm/arm-gnu-toolchain/bin/../lib/gcc/arm-none-eabi/4.9.3/../../../../arm-none-eabi/lib/armv6-m\libc_nano.a(lib_a-memset.o)
                              c:/program files (x86)/atmel/studio/7.0/toolchain/arm/arm-gnu-toolchain/bin/../lib/gcc/arm-none-eabi/4.9.3/../../../../arm-none-eabi/lib/armv6-m/crt0.o (memset)
c:/program files (x86)/atmel/studio/7.0/toolchain/arm/arm-gnu-toolchain/bin/../lib/gcc/arm-none-eabi/4.9.3/../../../../arm-none-eabi/lib/armv6-m\libc_nano.a(lib_a-printf.o)
                              src/ASF/sam0/utils/syscalls/gcc/syscalls.o (printf)
c:/program files (x86)/atmel/studio/7.0/toolchain/arm/arm-gnu-toolchain/bin/../lib/gcc/arm-none-eabi/4.9.3/../../../../arm-none-eabi/lib/armv6-m\libc_nano.a(lib_a-sprintf.o)
                              src/SP1ML.o (sprintf)
c:/program files (x86)/atmel/studio/7.0/toolchain/arm/arm-gnu-toolchain/bin/../lib/gcc/arm-none-eabi/4.9.3/../../../../arm-none-eabi/lib/armv6-m\libc_nano.a(lib_a-findfp.o)
                              c:/program files (x86)/atmel/studio/7.0/toolchain/arm/arm-gnu-toolchain/bin/../lib/gcc/arm-none-eabi/4.9.3/../../../../arm-none-eabi/lib/armv6-m\libc_nano.a(lib_a-printf.o) (__sinit)
c:/program files (x86)/atmel/studio/7.0/toolchain/arm/arm-gnu-toolchain/bin/../lib/gcc/arm-none-eabi/4.9.3/../../../../arm-none-eabi/lib/armv6-m\libc_nano.a(lib_a-fwalk.o)
                              c:/program files (x86)/atmel/studio/7.0/toolchain/arm/arm-gnu-toolchain/bin/../lib/gcc/arm-none-eabi/4.9.3/../../../../arm-none-eabi/lib/armv6-m\libc_nano.a(lib_a-findfp.o) (_fwalk)
c:/program files (x86)/atmel/studio/7.0/toolchain/arm/arm-gnu-toolchain/bin/../lib/gcc/arm-none-eabi/4.9.3/../../../../arm-none-eabi/lib/armv6-m\libc_nano.a(lib_a-nano-mallocr.o)
                              c:/program files (x86)/atmel/studio/7.0/toolchain/arm/arm-gnu-toolchain/bin/../lib/gcc/arm-none-eabi/4.9.3/../../../../arm-none-eabi/lib/armv6-m\libc_nano.a(lib_a-findfp.o) (_malloc_r)
c:/program files (x86)/atmel/studio/7.0/toolchain/arm/arm-gnu-toolchain/bin/../lib/gcc/arm-none-eabi/4.9.3/../../../../arm-none-eabi/lib/armv6-m\libc_nano.a(lib_a-nano-svfprintf.o)
[...]
Memory Configuration

Name             Origin             Length             Attributes
rom              0x00000000         0x00040000         xr
ram              0x20000000         0x00008000         xrw
lpram            0x30000000         0x00002000         xrw
*default*        0x00000000         0xffffffff

Linker script and memory map

LOAD c:/program files (x86)/atmel/studio/7.0/toolchain/arm/arm-gnu-toolchain/bin/../lib/gcc/arm-none-eabi/4.9.3/armv6-m/crti.o
LOAD c:/program files (x86)/atmel/studio/7.0/toolchain/arm/arm-gnu-toolchain/bin/../lib/gcc/arm-none-eabi/4.9.3/armv6-m/crtbegin.o
LOAD c:/program files (x86)/atmel/studio/7.0/toolchain/arm/arm-gnu-toolchain/bin/../lib/gcc/arm-none-eabi/4.9.3/../../../../arm-none-eabi/lib/armv6-m/crt0.o
LOAD src/ADT7420.o
LOAD src/ADXL375.o
LOAD src/ASF/common/services/sleepmgr/saml/sleepmgr.o
LOAD src/ASF/common/services/usb/class/cdc/device/udi_cdc.o
LOAD src/ASF/common/services/usb/class/cdc/device/udi_cdc_desc.o
LOAD src/ASF/common/services/usb/udc/udc.o
LOAD src/ASF/sam0/drivers/events/events_hooks.o
LOAD src/ASF/sam0/drivers/events/events_sam_l_c/events.o
LOAD src/ASF/sam0/drivers/extint/extint_sam_l_c/extint.o
LOAD src/ASF/sam0/drivers/nvm/nvm.o
LOAD src/ASF/sam0/drivers/rtc/rtc_sam_l_c/rtc_calendar.o
LOAD src/ASF/sam0/drivers/rtc/rtc_sam_l_c/rtc_calendar_interrupt.o
LOAD src/ASF/sam0/drivers/sercom/i2c/i2c_sam0/i2c_master.o
LOAD src/ASF/sam0/drivers/tc/tc_interrupt.o
LOAD src/ASF/sam0/drivers/tc/tc_sam_l_c/tc.o
LOAD src/ASF/sam0/drivers/usb/stack_interface/usb_device_udd.o
LOAD src/ASF/sam0/drivers/usb/stack_interface/usb_dual.o
LOAD src/ASF/sam0/drivers/usb/usb_sam_l/usb.o
LOAD src/HAL.o
LOAD src/S70FL01.o
LOAD src/SP1ML.o
LOAD src/ASF/sam0/drivers/sercom/usart/usart.o
LOAD src/ASF/sam0/drivers/sercom/spi/spi.o
LOAD src/ASF/sam0/drivers/sercom/sercom.o
LOAD src/ASF/sam0/drivers/extint/extint_callback.o
LOAD src/ASF/sam0/drivers/port/port.o
LOAD src/ASF/common2/boards/user_board/init.o
LOAD src/ASF/common/utils/interrupt/interrupt_sam_nvic.o
LOAD src/ASF/sam0/drivers/system/clock/clock_saml21/clock.o
LOAD src/ASF/sam0/drivers/system/clock/clock_saml21/gclk.o
LOAD src/ASF/sam0/drivers/system/interrupt/system_interrupt.o
LOAD src/ASF/sam0/drivers/system/pinmux/pinmux.o
LOAD src/ASF/sam0/drivers/system/system.o
LOAD src/ASF/sam0/utils/cmsis/saml21/source/gcc/startup_saml21.o
LOAD src/ASF/sam0/utils/cmsis/saml21/source/system_saml21.o
LOAD src/ASF/sam0/utils/syscalls/gcc/syscalls.o
LOAD src/main.o
START GROUP
LOAD ../src/ASF/thirdparty/CMSIS/Lib/GCC\libarm_cortexM0l_math.a
LOAD c:/program files (x86)/atmel/studio/7.0/toolchain/arm/arm-gnu-toolchain/bin/../lib/gcc/arm-none-eabi/4.9.3/../../../../arm-none-eabi/lib/armv6-m\libm.a
END GROUP
START GROUP
LOAD c:/program files (x86)/atmel/studio/7.0/toolchain/arm/arm-gnu-toolchain/bin/../lib/gcc/arm-none-eabi/4.9.3/armv6-m\libgcc.a
LOAD c:/program files (x86)/atmel/studio/7.0/toolchain/arm/arm-gnu-toolchain/bin/../lib/gcc/arm-none-eabi/4.9.3/../../../../arm-none-eabi/lib/armv6-m\libc_nano.a
END GROUP
START GROUP
LOAD c:/program files (x86)/atmel/studio/7.0/toolchain/arm/arm-gnu-toolchain/bin/../lib/gcc/arm-none-eabi/4.9.3/armv6-m\libgcc.a
LOAD c:/program files (x86)/atmel/studio/7.0/toolchain/arm/arm-gnu-toolchain/bin/../lib/gcc/arm-none-eabi/4.9.3/../../../../arm-none-eabi/lib/armv6-m\libc_nano.a
END GROUP
LOAD c:/program files (x86)/atmel/studio/7.0/toolchain/arm/arm-gnu-toolchain/bin/../lib/gcc/arm-none-eabi/4.9.3/armv6-m/crtend.o
LOAD c:/program files (x86)/atmel/studio/7.0/toolchain/arm/arm-gnu-toolchain/bin/../lib/gcc/arm-none-eabi/4.9.3/armv6-m/crtn.o
                0x00002000                STACK_SIZE = DEFINED (STACK_SIZE)?STACK_SIZE:DEFINED (__stack_size__)?__stack_size__:0x2000

.text           0x00000000     0x4338
                0x00000000                . = ALIGN (0x4)
                0x00000000                _sfixed = .
 *(.vectors .vectors.*)
 .vectors       0x00000000       0xb4 src/ASF/sam0/utils/cmsis/saml21/source/gcc/startup_saml21.o
                0x00000000                exception_table
 *(.text .text.* .gnu.linkonce.t.*)
 .text          0x000000b4       0x60 c:/program files (x86)/atmel/studio/7.0/toolchain/arm/arm-gnu-toolchain/bin/../lib/gcc/arm-none-eabi/4.9.3/armv6-m/crtbegin.o
 .text.configure_ADT7420
                0x00000114       0x98 src/ADT7420.o
                0x00000114                configure_ADT7420
 .text.ADXL375_disable_interrupt
                0x000001ac       0xc0 src/ADXL375.o
                0x000001ac                ADXL375_disable_interrupt
 .text.ADXL375_set_activity_thresh
                0x0000026c      0x10c src/ADXL375.o
                0x0000026c                ADXL375_set_activity_thresh
 .text.ADXL375_set_inactivity_thresh
                0x00000378      0x13c src/ADXL375.o
                0x00000378                ADXL375_set_inactivity_thresh
 .text.ADXL375_begin_sampling
                0x000004b4       0x94 src/ADXL375.o
                0x000004b4                ADXL375_begin_sampling
 .text.ADXL375_end_sampling
                0x00000548       0x60 src/ADXL375.o
                0x00000548                ADXL375_end_sampling
 .text.ADXL375_calibrate
                0x000005a8      0x25c src/ADXL375.o
                0x000005a8                ADXL375_calibrate
 .text.configure_ADXL375
                0x00000804      0x1ec src/ADXL375.o
                0x00000804                configure_ADXL375
 .text.ADXL375_read_samples
                0x000009f0       0xd0 src/ADXL375.o
                0x000009f0                ADXL375_read_samples
 .text.ADXL375_ISR_Handler
                0x00000ac0      0x120 src/ADXL375.o
                0x00000ac0                ADXL375_ISR_Handler
 .text.EVSYS_Handler
                0x00000be0       0x3c src/ASF/sam0/drivers/events/events_hooks.o
                0x00000be0                EVSYS_Handler
 .text._system_events_init
                0x00000c1c       0x20 src/ASF/sam0/drivers/events/events_sam_l_c/events.o
                0x00000c1c                _system_events_init
 .text._extint_enable
                0x00000c3c       0x20 src/ASF/sam0/drivers/extint/extint_sam_l_c/extint.o
 .text._system_extint_init
                0x00000c5c       0x84 src/ASF/sam0/drivers/extint/extint_sam_l_c/extint.o
                0x00000c5c                _system_extint_init
 .text.rtc_calendar_enable
                0x00000ce0       0x28 src/ASF/sam0/drivers/rtc/rtc_sam_l_c/rtc_calendar.o
                0x00000ce0                rtc_calendar_enable
 .text.rtc_calendar_disable
                0x00000d08       0x2c src/ASF/sam0/drivers/rtc/rtc_sam_l_c/rtc_calendar.o
                0x00000d08                rtc_calendar_disable
 .text.rtc_calendar_reset
                0x00000d34       0x30 src/ASF/sam0/drivers/rtc/rtc_sam_l_c/rtc_calendar.o
                0x00000d34                rtc_calendar_reset
 .text.rtc_calendar_time_to_register_value
                0x00000d64       0x3c src/ASF/sam0/drivers/rtc/rtc_sam_l_c/rtc_calendar.o
                0x00000d64                rtc_calendar_time_to_register_value
 .text.rtc_calendar_set_time
                0x00000da0       0x20 src/ASF/sam0/drivers/rtc/rtc_sam_l_c/rtc_calendar.o
                0x00000da0                rtc_calendar_set_time
 .text.rtc_calendar_set_alarm
                0x00000dc0       0x40 src/ASF/sam0/drivers/rtc/rtc_sam_l_c/rtc_calendar.o
                0x00000dc0                rtc_calendar_set_alarm
 .text.rtc_calendar_init
                0x00000e00       0x6c src/ASF/sam0/drivers/rtc/rtc_sam_l_c/rtc_calendar.o
                0x00000e00                rtc_calendar_init
 .text.rtc_calendar_register_callback
                0x00000e6c       0x20 src/ASF/sam0/drivers/rtc/rtc_sam_l_c/rtc_calendar_interrupt.o
                0x00000e6c                rtc_calendar_register_callback
 .text.rtc_calendar_enable_callback
                0x00000e8c       0x48 src/ASF/sam0/drivers/rtc/rtc_sam_l_c/rtc_calendar_interrupt.o
                0x00000e8c                rtc_calendar_enable_callback
 .text.RTC_Handler
                0x00000ed4       0xa4 src/ASF/sam0/drivers/rtc/rtc_sam_l_c/rtc_calendar_interrupt.o
                0x00000ed4                RTC_Handler
 .text._i2c_master_wait_for_sync
                0x00000f78        0xc src/ASF/sam0/drivers/sercom/i2c/i2c_sam0/i2c_master.o
 .text.i2c_master_init
                0x00000f84      0x1f4 src/ASF/sam0/drivers/sercom/i2c/i2c_sam0/i2c_master.o
                0x00000f84                i2c_master_init
 .text._i2c_master_address_response
                0x00001178       0x30 src/ASF/sam0/drivers/sercom/i2c/i2c_sam0/i2c_master.o
                0x00001178                _i2c_master_address_response
 .text._i2c_master_wait_for_bus
                0x000011a8       0x30 src/ASF/sam0/drivers/sercom/i2c/i2c_sam0/i2c_master.o
                0x000011a8                _i2c_master_wait_for_bus
 .text._i2c_master_send_hs_master_code
                0x000011d8       0x20 src/ASF/sam0/drivers/sercom/i2c/i2c_sam0/i2c_master.o
                0x000011d8                _i2c_master_send_hs_master_code
 .text._i2c_master_read_packet
                0x000011f8      0x17c src/ASF/sam0/drivers/sercom/i2c/i2c_sam0/i2c_master.o
 .text._i2c_master_write_packet
                0x00001374       0xf0 src/ASF/sam0/drivers/sercom/i2c/i2c_sam0/i2c_master.o
 .text.i2c_master_read_packet_wait
                0x00001464       0x14 src/ASF/sam0/drivers/sercom/i2c/i2c_sam0/i2c_master.o
                0x00001464                i2c_master_read_packet_wait
 .text.i2c_master_write_packet_wait
                0x00001478       0x14 src/ASF/sam0/drivers/sercom/i2c/i2c_sam0/i2c_master.o
                0x00001478                i2c_master_write_packet_wait
 .text._tc_interrupt_handler
                0x0000148c       0x5c src/ASF/sam0/drivers/tc/tc_interrupt.o
                0x0000148c                _tc_interrupt_handler
 .text.TC0_Handler
                0x000014e8       0x10 src/ASF/sam0/drivers/tc/tc_interrupt.o
                0x000014e8                TC0_Handler
 .text.TC1_Handler
                0x000014f8       0x10 src/ASF/sam0/drivers/tc/tc_interrupt.o
                0x000014f8                TC1_Handler
 .text.TC4_Handler
                0x00001508       0x10 src/ASF/sam0/drivers/tc/tc_interrupt.o
                0x00001508                TC4_Handler
 .text.USB_Handler
                0x00001518      0x5a0 src/ASF/sam0/drivers/usb/usb_sam_l/usb.o
                0x00001518                USB_Handler
 .text.rtc_match_callback
                0x00001ab8       0x6c src/HAL.o
                0x00001ab8                rtc_match_callback
 .text.sleep    0x00001b24       0x44 src/HAL.o
                0x00001b24                sleep
 .text.configure_sleepmode
                0x00001b68       0x54 src/HAL.o
                0x00001b68                configure_sleepmode
 .text.configure_rtc
                0x00001bbc       0xd0 src/HAL.o
                0x00001bbc                configure_rtc
 .text.configure_i2c
                0x00001c8c       0x98 src/HAL.o
                0x00001c8c                configure_i2c
 .text.configure_mag_sw_int
                0x00001d24       0xb8 src/HAL.o
                0x00001d24                configure_mag_sw_int
 .text.offload_data
                0x00001ddc      0x160 src/HAL.o
                0x00001ddc                offload_data
 .text.configure_S70FL01
                0x00001f3c      0x2fc src/S70FL01.o
                0x00001f3c                configure_S70FL01
 .text.S70FL01_verified_write
                0x00002238      0x31c src/S70FL01.o
                0x00002238                S70FL01_verified_write
 .text.configure_SP1ML
                0x00002554      0x124 src/SP1ML.o
                0x00002554                configure_SP1ML
 .text.usart_init
                0x00002678      0x314 src/ASF/sam0/drivers/sercom/usart/usart.o
                0x00002678                usart_init
 .text.spi_init
                0x0000298c      0x354 src/ASF/sam0/drivers/sercom/spi/spi.o
                0x0000298c                spi_init
 .text.spi_read_buffer_wait
                0x00002ce0      0x10c src/ASF/sam0/drivers/sercom/spi/spi.o
                0x00002ce0                spi_read_buffer_wait
 .text.spi_write_buffer_wait
                0x00002dec      0x20c src/ASF/sam0/drivers/sercom/spi/spi.o
                0x00002dec                spi_write_buffer_wait
 .text._sercom_get_sync_baud_val
                0x00002ff8       0x28 src/ASF/sam0/drivers/sercom/sercom.o
                0x00002ff8                _sercom_get_sync_baud_val
 .text._sercom_get_async_baud_val
                0x00003020      0x1c8 src/ASF/sam0/drivers/sercom/sercom.o
                0x00003020                _sercom_get_async_baud_val
 .text.sercom_set_gclk_generator
                0x000031e8       0x4c src/ASF/sam0/drivers/sercom/sercom.o
                0x000031e8                sercom_set_gclk_generator
 .text._sercom_get_default_pad
                0x00003234      0x16c src/ASF/sam0/drivers/sercom/sercom.o
                0x00003234                _sercom_get_default_pad
 .text._sercom_get_sercom_inst_index
                0x000033a0       0x3c src/ASF/sam0/drivers/sercom/sercom.o
                0x000033a0                _sercom_get_sercom_inst_index
 .text.extint_register_callback
                0x000033dc       0x2c src/ASF/sam0/drivers/extint/extint_callback.o
                0x000033dc                extint_register_callback
 .text.EIC_Handler
                0x00003408       0x68 src/ASF/sam0/drivers/extint/extint_callback.o
                0x00003408                EIC_Handler
 .text.port_pin_set_config
                0x00003470       0x24 src/ASF/sam0/drivers/port/port.o
                0x00003470                port_pin_set_config
 .text.system_board_init
                0x00003494        0x4 src/ASF/common2/boards/user_board/init.o
                0x00003494                board_init
                0x00003494                system_board_init
 .text.cpu_irq_enter_critical
                0x00003498       0x40 src/ASF/common/utils/interrupt/interrupt_sam_nvic.o
                0x00003498                cpu_irq_enter_critical
 .text.cpu_irq_leave_critical
                0x000034d8       0x30 src/ASF/common/utils/interrupt/interrupt_sam_nvic.o
                0x000034d8                cpu_irq_leave_critical
 .text.system_clock_source_get_hz
                0x00003508       0x94 src/ASF/sam0/drivers/system/clock/clock_saml21/clock.o
                0x00003508                system_clock_source_get_hz
 .text.system_clock_source_osc32k_set_config
                0x0000359c       0x88 src/ASF/sam0/drivers/system/clock/clock_saml21/clock.o
                0x0000359c                system_clock_source_osc32k_set_config
 .text.system_clock_source_xosc32k_set_config
                0x00003624       0xb4 src/ASF/sam0/drivers/system/clock/clock_saml21/clock.o
                0x00003624                system_clock_source_xosc32k_set_config
 .text.system_clock_source_enable
                0x000036d8       0xbc src/ASF/sam0/drivers/system/clock/clock_saml21/clock.o
                0x000036d8                system_clock_source_enable
 .text.system_clock_source_disable
                0x00003794       0x80 src/ASF/sam0/drivers/system/clock/clock_saml21/clock.o
                0x00003794                system_clock_source_disable
 .text.system_clock_init
                0x00003814      0x17c src/ASF/sam0/drivers/system/clock/clock_saml21/clock.o
                0x00003814                system_clock_init
 .text.system_gclk_init
                0x00003990       0x24 src/ASF/sam0/drivers/system/clock/clock_saml21/gclk.o
                0x00003990                system_gclk_init
 .text.system_gclk_gen_set_config
                0x000039b4       0xac src/ASF/sam0/drivers/system/clock/clock_saml21/gclk.o
                0x000039b4                system_gclk_gen_set_config
 .text.system_gclk_gen_enable
                0x00003a60       0x40 src/ASF/sam0/drivers/system/clock/clock_saml21/gclk.o
                0x00003a60                system_gclk_gen_enable
 .text.system_gclk_gen_get_hz
                0x00003aa0       0x6c src/ASF/sam0/drivers/system/clock/clock_saml21/gclk.o
                0x00003aa0                system_gclk_gen_get_hz
 .text.system_gclk_chan_enable
                0x00003b0c       0x34 src/ASF/sam0/drivers/system/clock/clock_saml21/gclk.o
                0x00003b0c                system_gclk_chan_enable
 .text.system_gclk_chan_disable
                0x00003b40       0x34 src/ASF/sam0/drivers/system/clock/clock_saml21/gclk.o
                0x00003b40                system_gclk_chan_disable
 .text.system_gclk_chan_set_config
                0x00003b74       0x24 src/ASF/sam0/drivers/system/clock/clock_saml21/gclk.o
                0x00003b74                system_gclk_chan_set_config
 .text.system_gclk_chan_get_hz
                0x00003b98       0x30 src/ASF/sam0/drivers/system/clock/clock_saml21/gclk.o
                0x00003b98                system_gclk_chan_get_hz
 .text._system_pinmux_config
                0x00003bc8       0xa8 src/ASF/sam0/drivers/system/pinmux/pinmux.o
 .text.system_pinmux_pin_set_config
                0x00003c70       0x30 src/ASF/sam0/drivers/system/pinmux/pinmux.o
                0x00003c70                system_pinmux_pin_set_config
 .text._system_dummy_init
                0x00003ca0        0x4 src/ASF/sam0/drivers/system/system.o
                0x00003ca0                _system_dummy_init
                0x00003ca0                _system_divas_init
 .text.system_init
                0x00003ca4       0x2c src/ASF/sam0/drivers/system/system.o
                0x00003ca4                system_init
 .text.Dummy_Handler
                0x00003cd0        0x4 src/ASF/sam0/utils/cmsis/saml21/source/gcc/startup_saml21.o
                0x00003cd0                DMAC_Handler
                0x00003cd0                TRNG_Handler
                0x00003cd0                HardFault_Handler
                0x00003cd0                AC_Handler
                0x00003cd0                SysTick_Handler
                0x00003cd0                PendSV_Handler
                0x00003cd0                NMI_Handler
                0x00003cd0                SERCOM1_Handler
                0x00003cd0                ADC_Handler
                0x00003cd0                TCC1_Handler
                0x00003cd0                SERCOM2_Handler
                0x00003cd0                TCC0_Handler
                0x00003cd0                WDT_Handler
                0x00003cd0                Dummy_Handler
                0x00003cd0                SERCOM5_Handler
                0x00003cd0                SVC_Handler
                0x00003cd0                TCC2_Handler
                0x00003cd0                SERCOM3_Handler
                0x00003cd0                SERCOM4_Handler
                0x00003cd0                NVMCTRL_Handler
                0x00003cd0                SYSTEM_Handler
                0x00003cd0                SERCOM0_Handler
                0x00003cd0                DAC_Handler
                0x00003cd0                PTC_Handler
                0x00003cd0                AES_Handler
 .text.Reset_Handler
                0x00003cd4       0xa8 src/ASF/sam0/utils/cmsis/saml21/source/gcc/startup_saml21.o
                0x00003cd4                Reset_Handler
 .text.extint_callback
                0x00003d7c        0x4 src/main.o
                0x00003d7c                extint_callback
 .text.main     0x00003d80       0xe0 src/main.o
                0x00003d80                main
 .text          0x00003e60      0x120 c:/program files (x86)/atmel/studio/7.0/toolchain/arm/arm-gnu-toolchain/bin/../lib/gcc/arm-none-eabi/4.9.3/armv6-m\libgcc.a(_udivsi3.o)
                0x00003e60                __aeabi_uidiv
                0x00003e60                __udivsi3
                0x00003f6c                __aeabi_uidivmod
 .text          0x00003f80      0x1e0 c:/program files (x86)/atmel/studio/7.0/toolchain/arm/arm-gnu-toolchain/bin/../lib/gcc/arm-none-eabi/4.9.3/armv6-m\libgcc.a(_divsi3.o)
                0x00003f80                __divsi3
                0x00003f80                __aeabi_idiv
                0x0000414c                __aeabi_idivmod
 .text          0x00004160        0x4 c:/program files (x86)/atmel/studio/7.0/toolchain/arm/arm-gnu-toolchain/bin/../lib/gcc/arm-none-eabi/4.9.3/armv6-m\libgcc.a(_dvmd_tls.o)
                0x00004160                __aeabi_idiv0
                0x00004160                __aeabi_ldiv0
 .text          0x00004164       0x40 c:/program files (x86)/atmel/studio/7.0/toolchain/arm/arm-gnu-toolchain/bin/../lib/gcc/arm-none-eabi/4.9.3/armv6-m\libgcc.a(_ctzsi2.o)
                0x00004164                __ctzsi2
 .text          0x000041a4       0x54 c:/program files (x86)/atmel/studio/7.0/toolchain/arm/arm-gnu-toolchain/bin/../lib/gcc/arm-none-eabi/4.9.3/armv6-m\libgcc.a(_muldi3.o)
                0x000041a4                __muldi3
                0x000041a4                __aeabi_lmul
 .text.__libc_init_array
                0x000041f8       0x4c c:/program files (x86)/atmel/studio/7.0/toolchain/arm/arm-gnu-toolchain/bin/../lib/gcc/arm-none-eabi/4.9.3/../../../../arm-none-eabi/lib/armv6-m\libc_nano.a(lib_a-init.o)
                0x000041f8                __libc_init_array
 .text.memcpy   0x00004244       0x12 c:/program files (x86)/atmel/studio/7.0/toolchain/arm/arm-gnu-toolchain/bin/../lib/gcc/arm-none-eabi/4.9.3/../../../../arm-none-eabi/lib/armv6-m\libc_nano.a(lib_a-memcpy.o)
                0x00004244                memcpy
 *(.glue_7t)
 .glue_7t       0x00000000        0x0 linker stubs
 *(.glue_7)
 .glue_7        0x00000000        0x0 linker stubs
 *(.rodata .rodata* .gnu.linkonce.r.*)
 *fill*         0x00004256        0x2 
 .rodata        0x00004258        0x2 src/ADT7420.o
 *fill*         0x0000425a        0x2 
 .rodata        0x0000425c       0x26 src/ADXL375.o
 *fill*         0x00004282        0x2 
 .rodata._usb_device_irq_bits
                0x00004284        0xe src/ASF/sam0/drivers/usb/usb_sam_l/usb.o
 *fill*         0x00004292        0x2 
 .rodata        0x00004294       0x18 src/ASF/sam0/drivers/sercom/sercom.o
 .rodata.system_clock_source_get_hz
                0x000042ac       0x24 src/ASF/sam0/drivers/system/clock/clock_saml21/clock.o
 .rodata.system_clock_source_enable
                0x000042d0       0x24 src/ASF/sam0/drivers/system/clock/clock_saml21/clock.o
 .rodata.system_clock_source_disable
                0x000042f4       0x24 src/ASF/sam0/drivers/system/clock/clock_saml21/clock.o
 *(.ARM.extab* .gnu.linkonce.armextab.*)
                0x00004318                . = ALIGN (0x4)
 *(.init)
 .init          0x00004318        0x4 c:/program files (x86)/atmel/studio/7.0/toolchain/arm/arm-gnu-toolchain/bin/../lib/gcc/arm-none-eabi/4.9.3/armv6-m/crti.o
                0x00004318                _init
 .init          0x0000431c        0x8 c:/program files (x86)/atmel/studio/7.0/toolchain/arm/arm-gnu-toolchain/bin/../lib/gcc/arm-none-eabi/4.9.3/armv6-m/crtn.o
                0x00004324                . = ALIGN (0x4)
                0x00004324                __preinit_array_start = .
 *(.preinit_array)
                0x00004324                __preinit_array_end = .
                0x00004324                . = ALIGN (0x4)
                0x00004324                __init_array_start = .
 *(SORT(.init_array.*))
 *(.init_array)
 .init_array    0x00004324        0x4 c:/program files (x86)/atmel/studio/7.0/toolchain/arm/arm-gnu-toolchain/bin/../lib/gcc/arm-none-eabi/4.9.3/armv6-m/crtbegin.o
                0x00004328                __init_array_end = .
                0x00004328                . = ALIGN (0x4)
 *crtbegin.o(.ctors)
 *(EXCLUDE_FILE(*crtend.o) .ctors)
 *(SORT(.ctors.*))
 *crtend.o(.ctors)
                0x00004328                . = ALIGN (0x4)
 *(.fini)
 .fini          0x00004328        0x4 c:/program files (x86)/atmel/studio/7.0/toolchain/arm/arm-gnu-toolchain/bin/../lib/gcc/arm-none-eabi/4.9.3/armv6-m/crti.o
                0x00004328                _fini
 .fini          0x0000432c        0x8 c:/program files (x86)/atmel/studio/7.0/toolchain/arm/arm-gnu-toolchain/bin/../lib/gcc/arm-none-eabi/4.9.3/armv6-m/crtn.o
                0x00004334                . = ALIGN (0x4)
                0x00004334                __fini_array_start = .
 *(.fini_array)
 .fini_array    0x00004334        0x4 c:/program files (x86)/atmel/studio/7.0/toolchain/arm/arm-gnu-toolchain/bin/../lib/gcc/arm-none-eabi/4.9.3/armv6-m/crtbegin.o
 *(SORT(.fini_array.*))
                0x00004338                __fini_array_end = .
 *crtbegin.o(.dtors)
 *(EXCLUDE_FILE(*crtend.o) .dtors)
 *(SORT(.dtors.*))
 *crtend.o(.dtors)
                0x00004338                . = ALIGN (0x4)
                0x00004338                _efixed = .
                0x00004338                PROVIDE (__exidx_start, .)

.vfp11_veneer   0x00004338        0x0
 .vfp11_veneer  0x00000000        0x0 linker stubs

.v4_bx          0x00004338        0x0
 .v4_bx         0x00000000        0x0 linker stubs

.iplt           0x00004338        0x0
 .iplt          0x00000000        0x0 c:/program files (x86)/atmel/studio/7.0/toolchain/arm/arm-gnu-toolchain/bin/../lib/gcc/arm-none-eabi/4.9.3/armv6-m/crtbegin.o

.eh_frame       0x00004338        0x0
 .eh_frame      0x00004338        0x0 c:/program files (x86)/atmel/studio/7.0/toolchain/arm/arm-gnu-toolchain/bin/../lib/gcc/arm-none-eabi/4.9.3/armv6-m/crtbegin.o

.rel.dyn        0x00004338        0x0
 .rel.iplt      0x00000000        0x0 c:/program files (x86)/atmel/studio/7.0/toolchain/arm/arm-gnu-toolchain/bin/../lib/gcc/arm-none-eabi/4.9.3/armv6-m/crtbegin.o

.jcr            0x00004338        0x0
 .jcr           0x00004338        0x0 c:/program files (x86)/atmel/studio/7.0/toolchain/arm/arm-gnu-toolchain/bin/../lib/gcc/arm-none-eabi/4.9.3/armv6-m/crtbegin.o

.igot.plt       0x00004338        0x0
 .igot.plt      0x00000000        0x0 c:/program files (x86)/atmel/studio/7.0/toolchain/arm/arm-gnu-toolchain/bin/../lib/gcc/arm-none-eabi/4.9.3/armv6-m/crtbegin.o

.ARM.exidx
 *(.ARM.exidx* .gnu.linkonce.armexidx.*)
                0x00004338                PROVIDE (__exidx_end, .)
                0x00004338                . = ALIGN (0x4)
                0x00004338                _etext = .

.relocate       0x20000000       0x18 load address 0x00004338
                0x20000000                . = ALIGN (0x4)
                0x20000000                _srelocate = .
 *(.ramfunc .ramfunc.*)
 *(.data .data.*)
 .data._events_inst
                0x20000000       0x14 src/ASF/sam0/drivers/events/events_sam_l_c/events.o
                0x20000000                _events_inst
 .data.g_interrupt_enabled
                0x20000014        0x1 src/ASF/common/utils/interrupt/interrupt_sam_nvic.o
                0x20000014                g_interrupt_enabled
                0x20000018                . = ALIGN (0x4)
 *fill*         0x20000015        0x3 
                0x20000018                _erelocate = .

.lpram          0x30000000        0x0
                0x30000000                . = ALIGN (0x8)
                0x30000000                _slpram = .
 *(.lpram .lpram.*)
                0x30000000                . = ALIGN (0x8)
                0x30000000                _elpram = .

.bss            0x20000018      0xfac load address 0x00004350
                0x20000018                . = ALIGN (0x4)
                0x20000018                _sbss = .
                0x20000018                _szero = .
 *(.bss .bss.*)
 .bss           0x20000018       0x1c c:/program files (x86)/atmel/studio/7.0/toolchain/arm/arm-gnu-toolchain/bin/../lib/gcc/arm-none-eabi/4.9.3/armv6-m/crtbegin.o
 .bss.device_callback_lpm_wakeup_enable
                0x20000034        0x4 src/ASF/sam0/drivers/usb/usb_sam_l/usb.o
 .bss.pipe_callback_para
                0x20000038        0x6 src/ASF/sam0/drivers/usb/usb_sam_l/usb.o
 *fill*         0x2000003e        0x2 
 .bss.host_pipe_job_busy_status
                0x20000040        0x4 src/ASF/sam0/drivers/usb/usb_sam_l/usb.o
                0x20000040                host_pipe_job_busy_status
 .bss.ep_callback_para
                0x20000044        0x8 src/ASF/sam0/drivers/usb/usb_sam_l/usb.o
 .bss._usb_instances
                0x2000004c        0x4 src/ASF/sam0/drivers/usb/usb_sam_l/usb.o
 .bss.rxBuffer.15842
                0x20000050       0x14 src/S70FL01.o
 .bss._sercom_config
                0x20000064        0x2 src/ASF/sam0/drivers/sercom/sercom.o
 *fill*         0x20000066        0x2 
 .bss.cpu_irq_critical_section_counter
                0x20000068        0x4 src/ASF/common/utils/interrupt/interrupt_sam_nvic.o
 .bss.cpu_irq_prev_interrupt_state
                0x2000006c        0x1 src/ASF/common/utils/interrupt/interrupt_sam_nvic.o
 *fill*         0x2000006d        0x3 
 .bss._system_clock_inst
                0x20000070       0x18 src/ASF/sam0/drivers/system/clock/clock_saml21/clock.o
 *(COMMON)
 COMMON         0x20000088      0xde8 src/ADT7420.o
                0x20000088                rtc_instance
                0x200000bc                usart_instance
                0x200000c8                spi_enabled
                0x200000cc                ucAccelerometerMatrix
                0x20000ccc                uiAccelerometerMatrixPtr
                0x20000cd0                alarm
                0x20000cda                ucTemperatureArrayPtr
                0x20000cdb                usart_enabled
                0x20000cdc                S70FL01_active_die
                0x20000cdd                ADXL375_inactive_interrupts
                0x20000ce0                config_usart
                0x20000d20                config_tc
                0x20000d58                i2c_enabled
                0x20000d5c                i2c_master_instance
                0x20000d68                config_i2c_master
                0x20000d9c                tc_instance_cap
                0x20000db8                ucCurrent_Mode
                0x20000dbc                spi_master_instance
                0x20000dc8                slave
                0x20000dcc                S70FL01_address
                0x20000dd0                spi_slave_inst
                0x20000ddc                status
                0x20000de0                uiTemperatureArray
 COMMON         0x20000e70       0x40 src/ASF/sam0/drivers/extint/extint_sam_l_c/extint.o
                0x20000e70                _extint_dev
 COMMON         0x20000eb0        0x4 src/ASF/sam0/drivers/rtc/rtc_sam_l_c/rtc_calendar.o
                0x20000eb0                _rtc_instance
 COMMON         0x20000eb4        0xc src/ASF/sam0/drivers/tc/tc_interrupt.o
                0x20000eb4                _tc_instances
 COMMON         0x20000ec0      0x100 src/ASF/sam0/drivers/usb/usb_sam_l/usb.o
                0x20000ec0                usb_descriptor_table
 COMMON         0x20000fc0        0x1 src/ASF/sam0/drivers/extint/extint_callback.o
                0x20000fc0                _current_channel
                0x20000fc4                . = ALIGN (0x4)
 *fill*         0x20000fc1        0x3 
                0x20000fc4                _ebss = .
                0x20000fc4                _ezero = .

.stack          0x20000fc4     0x2004 load address 0x000052fc
                0x20000fc8                . = ALIGN (0x8)
 *fill*         0x20000fc4        0x4 
                0x20000fc8                _sstack = .
                0x20002fc8                . = (. + STACK_SIZE)
 *fill*         0x20000fc8     0x2000 
                0x20002fc8                . = ALIGN (0x8)
                0x20002fc8                _estack = .
                0x20002fc8                . = ALIGN (0x4)
                0x20002fc8                _end = .
OUTPUT(Datalogger.elf elf32-littlearm)

.ARM.attributes
                0x00000000       0x28
 .ARM.attributes
                0x00000000       0x1e c:/program files (x86)/atmel/studio/7.0/toolchain/arm/arm-gnu-toolchain/bin/../lib/gcc/arm-none-eabi/4.9.3/armv6-m/crti.o
 .ARM.attributes
                0x0000001e       0x2c c:/program files (x86)/atmel/studio/7.0/toolchain/arm/arm-gnu-toolchain/bin/../lib/gcc/arm-none-eabi/4.9.3/armv6-m/crtbegin.o
 .ARM.attributes
                0x0000004a       0x32 src/ADT7420.o
 .ARM.attributes
                0x0000007c       0x32 src/ADXL375.o
 .ARM.attributes
                0x000000ae       0x32 src/ASF/sam0/drivers/events/events_hooks.o
 .ARM.attributes
                0x000000e0       0x32 src/ASF/sam0/drivers/events/events_sam_l_c/events.o
 .ARM.attributes
                0x00000112       0x32 src/ASF/sam0/drivers/extint/extint_sam_l_c/extint.o
 .ARM.attributes
                0x00000144       0x32 src/ASF/sam0/drivers/rtc/rtc_sam_l_c/rtc_calendar.o
 .ARM.attributes
                0x00000176       0x32 src/ASF/sam0/drivers/rtc/rtc_sam_l_c/rtc_calendar_interrupt.o
 .ARM.attributes
                0x000001a8       0x32 src/ASF/sam0/drivers/sercom/i2c/i2c_sam0/i2c_master.o
 .ARM.attributes
                0x000001da       0x32 src/ASF/sam0/drivers/tc/tc_interrupt.o
 .ARM.attributes
                0x0000020c       0x32 src/ASF/sam0/drivers/usb/usb_sam_l/usb.o
 .ARM.attributes
                0x0000023e       0x32 src/HAL.o
 .ARM.attributes
                0x00000270       0x32 src/S70FL01.o
 .ARM.attributes
                0x000002a2       0x32 src/SP1ML.o
 .ARM.attributes
                0x000002d4       0x32 src/ASF/sam0/drivers/sercom/usart/usart.o
 .ARM.attributes
                0x00000306       0x32 src/ASF/sam0/drivers/sercom/spi/spi.o
 .ARM.attributes
                0x00000338       0x32 src/ASF/sam0/drivers/sercom/sercom.o
 .ARM.attributes
                0x0000036a       0x32 src/ASF/sam0/drivers/extint/extint_callback.o
 .ARM.attributes
                0x0000039c       0x32 src/ASF/sam0/drivers/port/port.o
 .ARM.attributes
                0x000003ce       0x32 src/ASF/common2/boards/user_board/init.o
 .ARM.attributes
                0x00000400       0x32 src/ASF/common/utils/interrupt/interrupt_sam_nvic.o
 .ARM.attributes
                0x00000432       0x32 src/ASF/sam0/drivers/system/clock/clock_saml21/clock.o
 .ARM.attributes
                0x00000464       0x32 src/ASF/sam0/drivers/system/clock/clock_saml21/gclk.o
 .ARM.attributes
                0x00000496       0x32 src/ASF/sam0/drivers/system/pinmux/pinmux.o
 .ARM.attributes
                0x000004c8       0x32 src/ASF/sam0/drivers/system/system.o
 .ARM.attributes
                0x000004fa       0x32 src/ASF/sam0/utils/cmsis/saml21/source/gcc/startup_saml21.o
 .ARM.attributes
                0x0000052c       0x32 src/main.o
 .ARM.attributes
                0x0000055e       0x1e c:/program files (x86)/atmel/studio/7.0/toolchain/arm/arm-gnu-toolchain/bin/../lib/gcc/arm-none-eabi/4.9.3/armv6-m\libgcc.a(_udivsi3.o)
 .ARM.attributes
                0x0000057c       0x1e c:/program files (x86)/atmel/studio/7.0/toolchain/arm/arm-gnu-toolchain/bin/../lib/gcc/arm-none-eabi/4.9.3/armv6-m\libgcc.a(_divsi3.o)
 .ARM.attributes
                0x0000059a       0x1e c:/program files (x86)/atmel/studio/7.0/toolchain/arm/arm-gnu-toolchain/bin/../lib/gcc/arm-none-eabi/4.9.3/armv6-m\libgcc.a(_dvmd_tls.o)
 .ARM.attributes
                0x000005b8       0x1e c:/program files (x86)/atmel/studio/7.0/toolchain/arm/arm-gnu-toolchain/bin/../lib/gcc/arm-none-eabi/4.9.3/armv6-m\libgcc.a(_ctzsi2.o)
 .ARM.attributes
                0x000005d6       0x2c c:/program files (x86)/atmel/studio/7.0/toolchain/arm/arm-gnu-toolchain/bin/../lib/gcc/arm-none-eabi/4.9.3/armv6-m\libgcc.a(_muldi3.o)
 .ARM.attributes
                0x00000602       0x2c c:/program files (x86)/atmel/studio/7.0/toolchain/arm/arm-gnu-toolchain/bin/../lib/gcc/arm-none-eabi/4.9.3/../../../../arm-none-eabi/lib/armv6-m\libc_nano.a(lib_a-init.o)
 .ARM.attributes
                0x0000062e       0x2c c:/program files (x86)/atmel/studio/7.0/toolchain/arm/arm-gnu-toolchain/bin/../lib/gcc/arm-none-eabi/4.9.3/../../../../arm-none-eabi/lib/armv6-m\libc_nano.a(lib_a-memcpy.o)
 .ARM.attributes
                0x0000065a       0x1e c:/program files (x86)/atmel/studio/7.0/toolchain/arm/arm-gnu-toolchain/bin/../lib/gcc/arm-none-eabi/4.9.3/armv6-m/crtn.o

.comment        0x00000000       0x5b
 .comment       0x00000000       0x5b src/ADT7420.o
                                 0x5c (size before relaxing)
 .comment       0x00000000       0x5c src/ADXL375.o
 .comment       0x00000000       0x5c src/ASF/sam0/drivers/events/events_hooks.o
 .comment       0x00000000       0x5c src/ASF/sam0/drivers/events/events_sam_l_c/events.o
 .comment       0x00000000       0x5c src/ASF/sam0/drivers/extint/extint_sam_l_c/extint.o
 .comment       0x00000000       0x5c src/ASF/sam0/drivers/rtc/rtc_sam_l_c/rtc_calendar.o
 .comment       0x00000000       0x5c src/ASF/sam0/drivers/rtc/rtc_sam_l_c/rtc_calendar_interrupt.o
 .comment       0x00000000       0x5c src/ASF/sam0/drivers/sercom/i2c/i2c_sam0/i2c_master.o
 .comment       0x00000000       0x5c src/ASF/sam0/drivers/tc/tc_interrupt.o
 .comment       0x00000000       0x5c src/ASF/sam0/drivers/usb/usb_sam_l/usb.o
 .comment       0x00000000       0x5c src/HAL.o
 .comment       0x00000000       0x5c src/S70FL01.o
 .comment       0x00000000       0x5c src/SP1ML.o
 .comment       0x00000000       0x5c src/ASF/sam0/drivers/sercom/usart/usart.o
 .comment       0x00000000       0x5c src/ASF/sam0/drivers/sercom/spi/spi.o
 .comment       0x00000000       0x5c src/ASF/sam0/drivers/sercom/sercom.o
 .comment       0x00000000       0x5c src/ASF/sam0/drivers/extint/extint_callback.o
 .comment       0x00000000       0x5c src/ASF/sam0/drivers/port/port.o
 .comment       0x00000000       0x5c src/ASF/common2/boards/user_board/init.o
 .comment       0x00000000       0x5c src/ASF/common/utils/interrupt/interrupt_sam_nvic.o
 .comment       0x00000000       0x5c src/ASF/sam0/drivers/system/clock/clock_saml21/clock.o
 .comment       0x00000000       0x5c src/ASF/sam0/drivers/system/clock/clock_saml21/gclk.o
 .comment       0x00000000       0x5c src/ASF/sam0/drivers/system/pinmux/pinmux.o
 .comment       0x00000000       0x5c src/ASF/sam0/drivers/system/system.o
 .comment       0x00000000       0x5c src/ASF/sam0/utils/cmsis/saml21/source/gcc/startup_saml21.o
 .comment       0x00000000       0x5c src/main.o

.debug_info     0x00000000    0x53f01
 .debug_info    0x00000000     0x66d0 src/ADT7420.o
 .debug_info    0x000066d0     0x6ec7 src/ADXL375.o
 .debug_info    0x0000d597     0x1364 src/ASF/sam0/drivers/events/events_hooks.o
 .debug_info    0x0000e8fb     0x1ea2 src/ASF/sam0/drivers/events/events_sam_l_c/events.o
 .debug_info    0x0001079d     0x1bc0 src/ASF/sam0/drivers/extint/extint_sam_l_c/extint.o
 .debug_info    0x0001235d     0x3a7c src/ASF/sam0/drivers/rtc/rtc_sam_l_c/rtc_calendar.o
 .debug_info    0x00015dd9     0x210a src/ASF/sam0/drivers/rtc/rtc_sam_l_c/rtc_calendar_interrupt.o
 .debug_info    0x00017ee3     0x430c src/ASF/sam0/drivers/sercom/i2c/i2c_sam0/i2c_master.o
 .debug_info    0x0001c1ef     0x15ba src/ASF/sam0/drivers/tc/tc_interrupt.o
 .debug_info    0x0001d7a9     0x4819 src/ASF/sam0/drivers/usb/usb_sam_l/usb.o
 .debug_info    0x00021fc2     0x8151 src/HAL.o
 .debug_info    0x0002a113     0x843d src/S70FL01.o
 .debug_info    0x00032550     0x7203 src/SP1ML.o
 .debug_info    0x00039753     0x40a9 src/ASF/sam0/drivers/sercom/usart/usart.o
 .debug_info    0x0003d7fc     0x5ea5 src/ASF/sam0/drivers/sercom/spi/spi.o
 .debug_info    0x000436a1     0x2551 src/ASF/sam0/drivers/sercom/sercom.o
 .debug_info    0x00045bf2      0xaff src/ASF/sam0/drivers/extint/extint_callback.o
 .debug_info    0x000466f1      0xa61 src/ASF/sam0/drivers/port/port.o
 .debug_info    0x00047152      0x156 src/ASF/common2/boards/user_board/init.o
 .debug_info    0x000472a8      0x1ec src/ASF/common/utils/interrupt/interrupt_sam_nvic.o
 .debug_info    0x00047494     0x3a8e src/ASF/sam0/drivers/system/clock/clock_saml21/clock.o
 .debug_info    0x0004af22     0x1455 src/ASF/sam0/drivers/system/clock/clock_saml21/gclk.o
 .debug_info    0x0004c377      0xbbd src/ASF/sam0/drivers/system/pinmux/pinmux.o
 .debug_info    0x0004cf34      0x17a src/ASF/sam0/drivers/system/system.o
 .debug_info    0x0004d0ae      0x9f1 src/ASF/sam0/utils/cmsis/saml21/source/gcc/startup_saml21.o
 .debug_info    0x0004da9f     0x6462 src/main.o

.debug_abbrev   0x00000000     0x4e73
 .debug_abbrev  0x00000000      0x2f8 src/ADT7420.o
 .debug_abbrev  0x000002f8      0x392 src/ADXL375.o
 .debug_abbrev  0x0000068a      0x2ac src/ASF/sam0/drivers/events/events_hooks.o
 .debug_abbrev  0x00000936      0x418 src/ASF/sam0/drivers/events/events_sam_l_c/events.o
 .debug_abbrev  0x00000d4e      0x3d6 src/ASF/sam0/drivers/extint/extint_sam_l_c/extint.o
 .debug_abbrev  0x00001124      0x400 src/ASF/sam0/drivers/rtc/rtc_sam_l_c/rtc_calendar.o
 .debug_abbrev  0x00001524      0x287 src/ASF/sam0/drivers/rtc/rtc_sam_l_c/rtc_calendar_interrupt.o
 .debug_abbrev  0x000017ab      0x44a src/ASF/sam0/drivers/sercom/i2c/i2c_sam0/i2c_master.o
 .debug_abbrev  0x00001bf5      0x259 src/ASF/sam0/drivers/tc/tc_interrupt.o
 .debug_abbrev  0x00001e4e      0x44c src/ASF/sam0/drivers/usb/usb_sam_l/usb.o
 .debug_abbrev  0x0000229a      0x40b src/HAL.o
 .debug_abbrev  0x000026a5      0x417 src/S70FL01.o
 .debug_abbrev  0x00002abc      0x383 src/SP1ML.o
 .debug_abbrev  0x00002e3f      0x3b1 src/ASF/sam0/drivers/sercom/usart/usart.o
 .debug_abbrev  0x000031f0      0x45d src/ASF/sam0/drivers/sercom/spi/spi.o
 .debug_abbrev  0x0000364d      0x2fd src/ASF/sam0/drivers/sercom/sercom.o
 .debug_abbrev  0x0000394a      0x28a src/ASF/sam0/drivers/extint/extint_callback.o
 .debug_abbrev  0x00003bd4      0x1da src/ASF/sam0/drivers/port/port.o
 .debug_abbrev  0x00003dae       0xa1 src/ASF/common2/boards/user_board/init.o
 .debug_abbrev  0x00003e4f       0xf6 src/ASF/common/utils/interrupt/interrupt_sam_nvic.o
 .debug_abbrev  0x00003f45      0x3a1 src/ASF/sam0/drivers/system/clock/clock_saml21/clock.o
 .debug_abbrev  0x000042e6      0x338 src/ASF/sam0/drivers/system/clock/clock_saml21/gclk.o
 .debug_abbrev  0x0000461e      0x2ce src/ASF/sam0/drivers/system/pinmux/pinmux.o
 .debug_abbrev  0x000048ec       0xb9 src/ASF/sam0/drivers/system/system.o
 .debug_abbrev  0x000049a5      0x1c1 src/ASF/sam0/utils/cmsis/saml21/source/gcc/startup_saml21.o
 .debug_abbrev  0x00004b66      0x30d src/main.o

.debug_loc      0x00000000     0xcf1f
 .debug_loc     0x00000000      0x227 src/ADT7420.o
 .debug_loc     0x00000227      0xb48 src/ADXL375.o
 .debug_loc     0x00000d6f      0x4a6 src/ASF/sam0/drivers/events/events_hooks.o
 .debug_loc     0x00001215      0x4a7 src/ASF/sam0/drivers/events/events_sam_l_c/events.o
 .debug_loc     0x000016bc      0x481 src/ASF/sam0/drivers/extint/extint_sam_l_c/extint.o
 .debug_loc     0x00001b3d      0x8fe src/ASF/sam0/drivers/rtc/rtc_sam_l_c/rtc_calendar.o
 .debug_loc     0x0000243b      0x242 src/ASF/sam0/drivers/rtc/rtc_sam_l_c/rtc_calendar_interrupt.o
 .debug_loc     0x0000267d      0xe35 src/ASF/sam0/drivers/sercom/i2c/i2c_sam0/i2c_master.o
 .debug_loc     0x000034b2      0x17d src/ASF/sam0/drivers/tc/tc_interrupt.o
 .debug_loc     0x0000362f     0x1757 src/ASF/sam0/drivers/usb/usb_sam_l/usb.o
 .debug_loc     0x00004d86      0x2d3 src/HAL.o
 .debug_loc     0x00005059     0x1886 src/S70FL01.o
 .debug_loc     0x000068df      0x700 src/SP1ML.o
 .debug_loc     0x00006fdf      0xd46 src/ASF/sam0/drivers/sercom/usart/usart.o
 .debug_loc     0x00007d25     0x2e17 src/ASF/sam0/drivers/sercom/spi/spi.o
 .debug_loc     0x0000ab3c      0x950 src/ASF/sam0/drivers/sercom/sercom.o
 .debug_loc     0x0000b48c      0x215 src/ASF/sam0/drivers/extint/extint_callback.o
 .debug_loc     0x0000b6a1      0x16d src/ASF/sam0/drivers/port/port.o
 .debug_loc     0x0000b80e       0x1e src/ASF/common/utils/interrupt/interrupt_sam_nvic.o
 .debug_loc     0x0000b82c      0xdcf src/ASF/sam0/drivers/system/clock/clock_saml21/clock.o
 .debug_loc     0x0000c5fb      0x54a src/ASF/sam0/drivers/system/clock/clock_saml21/gclk.o
 .debug_loc     0x0000cb45      0x37a src/ASF/sam0/drivers/system/pinmux/pinmux.o
 .debug_loc     0x0000cebf       0x20 src/ASF/sam0/drivers/system/system.o
 .debug_loc     0x0000cedf       0x20 src/ASF/sam0/utils/cmsis/saml21/source/gcc/startup_saml21.o
 .debug_loc     0x0000ceff       0x20 src/main.o

.debug_aranges  0x00000000      0x8e0
 .debug_aranges
                0x00000000       0x28 src/ADT7420.o
 .debug_aranges
                0x00000028       0x68 src/ADXL375.o
 .debug_aranges
                0x00000090       0x58 src/ASF/sam0/drivers/events/events_hooks.o
 .debug_aranges
                0x000000e8       0x80 src/ASF/sam0/drivers/events/events_sam_l_c/events.o
 .debug_aranges
                0x00000168       0x58 src/ASF/sam0/drivers/extint/extint_sam_l_c/extint.o
 .debug_aranges
                0x000001c0       0x78 src/ASF/sam0/drivers/rtc/rtc_sam_l_c/rtc_calendar.o
 .debug_aranges
                0x00000238       0x40 src/ASF/sam0/drivers/rtc/rtc_sam_l_c/rtc_calendar_interrupt.o
 .debug_aranges
                0x00000278       0xa0 src/ASF/sam0/drivers/sercom/i2c/i2c_sam0/i2c_master.o
 .debug_aranges
                0x00000318       0x48 src/ASF/sam0/drivers/tc/tc_interrupt.o
 .debug_aranges
                0x00000360      0x158 src/ASF/sam0/drivers/usb/usb_sam_l/usb.o
 .debug_aranges
                0x000004b8       0x60 src/HAL.o
 .debug_aranges
                0x00000518       0x30 src/S70FL01.o
 .debug_aranges
                0x00000548       0x50 src/SP1ML.o
 .debug_aranges
                0x00000598       0x40 src/ASF/sam0/drivers/sercom/usart/usart.o
 .debug_aranges
                0x000005d8       0x58 src/ASF/sam0/drivers/sercom/spi/spi.o
 .debug_aranges
                0x00000630       0x40 src/ASF/sam0/drivers/sercom/sercom.o
 .debug_aranges
                0x00000670       0x48 src/ASF/sam0/drivers/extint/extint_callback.o
 .debug_aranges
                0x000006b8       0x28 src/ASF/sam0/drivers/port/port.o
 .debug_aranges
                0x000006e0       0x20 src/ASF/common2/boards/user_board/init.o
 .debug_aranges
                0x00000700       0x28 src/ASF/common/utils/interrupt/interrupt_sam_nvic.o
 .debug_aranges
                0x00000728       0x80 src/ASF/sam0/drivers/system/clock/clock_saml21/clock.o
 .debug_aranges
                0x000007a8       0x80 src/ASF/sam0/drivers/system/clock/clock_saml21/gclk.o
 .debug_aranges
                0x00000828       0x40 src/ASF/sam0/drivers/system/pinmux/pinmux.o
 .debug_aranges
                0x00000868       0x28 src/ASF/sam0/drivers/system/system.o
 .debug_aranges
                0x00000890       0x28 src/ASF/sam0/utils/cmsis/saml21/source/gcc/startup_saml21.o
 .debug_aranges
                0x000008b8       0x28 src/main.o

.debug_ranges   0x00000000      0xdd8
 .debug_ranges  0x00000000       0x18 src/ADT7420.o
 .debug_ranges  0x00000018       0x58 src/ADXL375.o
 .debug_ranges  0x00000070       0x48 src/ASF/sam0/drivers/events/events_hooks.o
 .debug_ranges  0x000000b8       0xb0 src/ASF/sam0/drivers/events/events_sam_l_c/events.o
 .debug_ranges  0x00000168       0x60 src/ASF/sam0/drivers/extint/extint_sam_l_c/extint.o
 .debug_ranges  0x000001c8       0xa0 src/ASF/sam0/drivers/rtc/rtc_sam_l_c/rtc_calendar.o
 .debug_ranges  0x00000268       0x30 src/ASF/sam0/drivers/rtc/rtc_sam_l_c/rtc_calendar_interrupt.o
 .debug_ranges  0x00000298       0xc0 src/ASF/sam0/drivers/sercom/i2c/i2c_sam0/i2c_master.o
 .debug_ranges  0x00000358       0x38 src/ASF/sam0/drivers/tc/tc_interrupt.o
 .debug_ranges  0x00000390      0x148 src/ASF/sam0/drivers/usb/usb_sam_l/usb.o
 .debug_ranges  0x000004d8       0x50 src/HAL.o
 .debug_ranges  0x00000528       0xf8 src/S70FL01.o
 .debug_ranges  0x00000620       0x40 src/SP1ML.o
 .debug_ranges  0x00000660      0x128 src/ASF/sam0/drivers/sercom/usart/usart.o
 .debug_ranges  0x00000788      0x410 src/ASF/sam0/drivers/sercom/spi/spi.o
 .debug_ranges  0x00000b98       0x48 src/ASF/sam0/drivers/sercom/sercom.o
 .debug_ranges  0x00000be0       0x60 src/ASF/sam0/drivers/extint/extint_callback.o
 .debug_ranges  0x00000c40       0x18 src/ASF/sam0/drivers/port/port.o
 .debug_ranges  0x00000c58       0x10 src/ASF/common2/boards/user_board/init.o
 .debug_ranges  0x00000c68       0x18 src/ASF/common/utils/interrupt/interrupt_sam_nvic.o
 .debug_ranges  0x00000c80       0x70 src/ASF/sam0/drivers/system/clock/clock_saml21/clock.o
 .debug_ranges  0x00000cf0       0x70 src/ASF/sam0/drivers/system/clock/clock_saml21/gclk.o
 .debug_ranges  0x00000d60       0x30 src/ASF/sam0/drivers/system/pinmux/pinmux.o
 .debug_ranges  0x00000d90       0x18 src/ASF/sam0/drivers/system/system.o
 .debug_ranges  0x00000da8       0x18 src/ASF/sam0/utils/cmsis/saml21/source/gcc/startup_saml21.o
 .debug_ranges  0x00000dc0       0x18 src/main.o

.debug_macro    0x00000000    0x1fefb
 .debug_macro   0x00000000      0x7c9 src/ADT7420.o
 .debug_macro   0x000007c9      0x874 src/ADT7420.o
 .debug_macro   0x0000103d      0x166 src/ADT7420.o
 .debug_macro   0x000011a3      0x621 src/ADT7420.o
 .debug_macro   0x000017c4       0x22 src/ADT7420.o
 .debug_macro   0x000017e6       0x44 src/ADT7420.o
 .debug_macro   0x0000182a       0x58 src/ADT7420.o
 .debug_macro   0x00001882       0x22 src/ADT7420.o
 .debug_macro   0x000018a4      0x1df src/ADT7420.o
 .debug_macro   0x00001a83       0x10 src/ADT7420.o
 .debug_macro   0x00001a93       0x76 src/ADT7420.o
 .debug_macro   0x00001b09       0x16 src/ADT7420.o
 .debug_macro   0x00001b1f      0x6e5 src/ADT7420.o
 .debug_macro   0x00002204      0xde2 src/ADT7420.o
 .debug_macro   0x00002fe6       0x22 src/ADT7420.o
 .debug_macro   0x00003008       0x40 src/ADT7420.o
 .debug_macro   0x00003048       0x3a src/ADT7420.o
 .debug_macro   0x00003082       0x1f src/ADT7420.o
 .debug_macro   0x000030a1      0x250 src/ADT7420.o
 .debug_macro   0x000032f1      0x71a src/ADT7420.o
 .debug_macro   0x00003a0b      0x979 src/ADT7420.o
 .debug_macro   0x00004384      0x2b8 src/ADT7420.o
 .debug_macro   0x0000463c      0x226 src/ADT7420.o
 .debug_macro   0x00004862      0x4dd src/ADT7420.o
 .debug_macro   0x00004d3f      0xd24 src/ADT7420.o
 .debug_macro   0x00005a63      0x5b8 src/ADT7420.o
 .debug_macro   0x0000601b      0x5c3 src/ADT7420.o
 .debug_macro   0x000065de      0x832 src/ADT7420.o
 .debug_macro   0x00006e10      0x297 src/ADT7420.o
 .debug_macro   0x000070a7      0x5de src/ADT7420.o
 .debug_macro   0x00007685      0x225 src/ADT7420.o
 .debug_macro   0x000078aa      0x7a3 src/ADT7420.o
 .debug_macro   0x0000804d      0x174 src/ADT7420.o
 .debug_macro   0x000081c1      0x719 src/ADT7420.o
 .debug_macro   0x000088da      0x293 src/ADT7420.o
 .debug_macro   0x00008b6d      0x702 src/ADT7420.o
 .debug_macro   0x0000926f      0x2e3 src/ADT7420.o
 .debug_macro   0x00009552      0x3cb src/ADT7420.o
 .debug_macro   0x0000991d      0x1ae src/ADT7420.o
 .debug_macro   0x00009acb     0x122b src/ADT7420.o
 .debug_macro   0x0000acf6      0xf4e src/ADT7420.o
 .debug_macro   0x0000bc44      0x873 src/ADT7420.o
 .debug_macro   0x0000c4b7      0xa39 src/ADT7420.o
 .debug_macro   0x0000cef0      0x8bc src/ADT7420.o
 .debug_macro   0x0000d7ac     0x19cc src/ADT7420.o
 .debug_macro   0x0000f178       0xea src/ADT7420.o
 .debug_macro   0x0000f262     0x13b0 src/ADT7420.o
 .debug_macro   0x00010612      0x378 src/ADT7420.o
 .debug_macro   0x0001098a       0x7c src/ADT7420.o
 .debug_macro   0x00010a06       0xac src/ADT7420.o
 .debug_macro   0x00010ab2       0xca src/ADT7420.o
 .debug_macro   0x00010b7c       0x4c src/ADT7420.o
 .debug_macro   0x00010bc8       0x94 src/ADT7420.o
 .debug_macro   0x00010c5c       0xd6 src/ADT7420.o
 .debug_macro   0x00010d32       0xb2 src/ADT7420.o
 .debug_macro   0x00010de4       0x64 src/ADT7420.o
 .debug_macro   0x00010e48      0x5d5 src/ADT7420.o
 .debug_macro   0x0001141d      0x1ab src/ADT7420.o
 .debug_macro   0x000115c8       0x70 src/ADT7420.o
 .debug_macro   0x00011638       0xa0 src/ADT7420.o
 .debug_macro   0x000116d8       0xc4 src/ADT7420.o
 .debug_macro   0x0001179c       0x28 src/ADT7420.o
 .debug_macro   0x000117c4       0xa0 src/ADT7420.o
 .debug_macro   0x00011864       0x40 src/ADT7420.o
 .debug_macro   0x000118a4       0x7c src/ADT7420.o
 .debug_macro   0x00011920       0x40 src/ADT7420.o
 .debug_macro   0x00011960      0x178 src/ADT7420.o
 .debug_macro   0x00011ad8       0x34 src/ADT7420.o
 .debug_macro   0x00011b0c       0xee src/ADT7420.o
 .debug_macro   0x00011bfa      0x136 src/ADT7420.o
 .debug_macro   0x00011d30      0x136 src/ADT7420.o
 .debug_macro   0x00011e66      0x136 src/ADT7420.o
 .debug_macro   0x00011f9c      0x136 src/ADT7420.o
 .debug_macro   0x000120d2      0x136 src/ADT7420.o
 .debug_macro   0x00012208      0x136 src/ADT7420.o
 .debug_macro   0x0001233e       0x5e src/ADT7420.o
 .debug_macro   0x0001239c      0x1a6 src/ADT7420.o
 .debug_macro   0x00012542       0xfa src/ADT7420.o
 .debug_macro   0x0001263c       0xfa src/ADT7420.o
 .debug_macro   0x00012736       0xfa src/ADT7420.o
 .debug_macro   0x00012830      0x124 src/ADT7420.o
 .debug_macro   0x00012954       0xfa src/ADT7420.o
 .debug_macro   0x00012a4e       0xee src/ADT7420.o
 .debug_macro   0x00012b3c       0x2e src/ADT7420.o
 .debug_macro   0x00012b6a      0x408 src/ADT7420.o
 .debug_macro   0x00012f72       0x3a src/ADT7420.o
 .debug_macro   0x00012fac      0x417 src/ADT7420.o
 .debug_macro   0x000133c3     0x1324 src/ADT7420.o
 .debug_macro   0x000146e7       0x90 src/ADT7420.o
 .debug_macro   0x00014777       0x58 src/ADT7420.o
 .debug_macro   0x000147cf       0x35 src/ADT7420.o
 .debug_macro   0x00014804       0x9c src/ADT7420.o
 .debug_macro   0x000148a0       0x16 src/ADT7420.o
 .debug_macro   0x000148b6       0x35 src/ADT7420.o
 .debug_macro   0x000148eb      0x29d src/ADT7420.o
 .debug_macro   0x00014b88       0x10 src/ADT7420.o
 .debug_macro   0x00014b98       0x52 src/ADT7420.o
 .debug_macro   0x00014bea       0x16 src/ADT7420.o
 .debug_macro   0x00014c00       0x43 src/ADT7420.o
 .debug_macro   0x00014c43      0x180 src/ADT7420.o
 .debug_macro   0x00014dc3       0x10 src/ADT7420.o
 .debug_macro   0x00014dd3       0x22 src/ADT7420.o
 .debug_macro   0x00014df5       0xbe src/ADT7420.o
 .debug_macro   0x00014eb3       0x16 src/ADT7420.o
 .debug_macro   0x00014ec9      0x197 src/ADT7420.o
 .debug_macro   0x00015060       0x16 src/ADT7420.o
 .debug_macro   0x00015076       0x16 src/ADT7420.o
 .debug_macro   0x0001508c       0x29 src/ADT7420.o
 .debug_macro   0x000150b5       0x51 src/ADT7420.o
 .debug_macro   0x00015106       0x3f src/ADT7420.o
 .debug_macro   0x00015145      0x3df src/ADT7420.o
 .debug_macro   0x00015524       0x27 src/ADT7420.o
 .debug_macro   0x0001554b       0x18 src/ADT7420.o
 .debug_macro   0x00015563       0x12 src/ADT7420.o
 .debug_macro   0x00015575      0x279 src/ADT7420.o
 .debug_macro   0x000157ee       0x1f src/ADT7420.o
 .debug_macro   0x0001580d       0x18 src/ADT7420.o
 .debug_macro   0x00015825      0x29e src/ADT7420.o
 .debug_macro   0x00015ac3       0x2e src/ADT7420.o
 .debug_macro   0x00015af1       0x27 src/ADT7420.o
 .debug_macro   0x00015b18       0x22 src/ADT7420.o
 .debug_macro   0x00015b3a       0xb2 src/ADT7420.o
 .debug_macro   0x00015bec       0x10 src/ADT7420.o
 .debug_macro   0x00015bfc       0x27 src/ADT7420.o
 .debug_macro   0x00015c23       0x16 src/ADT7420.o
 .debug_macro   0x00015c39       0x1c src/ADT7420.o
 .debug_macro   0x00015c55       0x2e src/ADT7420.o
 .debug_macro   0x00015c83       0x49 src/ADT7420.o
 .debug_macro   0x00015ccc       0x10 src/ADT7420.o
 .debug_macro   0x00015cdc       0xab src/ADT7420.o
 .debug_macro   0x00015d87      0x228 src/ADT7420.o
 .debug_macro   0x00015faf       0x87 src/ADT7420.o
 .debug_macro   0x00016036       0x9c src/ADT7420.o
 .debug_macro   0x000160d2      0x24b src/ADT7420.o
 .debug_macro   0x0001631d      0x162 src/ADT7420.o
 .debug_macro   0x0001647f       0x16 src/ADT7420.o
 .debug_macro   0x00016495       0x1c src/ADT7420.o
 .debug_macro   0x000164b1      0x192 src/ADT7420.o
 .debug_macro   0x00016643       0x94 src/ADT7420.o
 .debug_macro   0x000166d7      0x1bb src/ADT7420.o
 .debug_macro   0x00016892       0x22 src/ADT7420.o
 .debug_macro   0x000168b4       0x64 src/ADT7420.o
 .debug_macro   0x00016918       0x1c src/ADT7420.o
 .debug_macro   0x00016934      0x7cf src/ADXL375.o
 .debug_macro   0x00017103      0x1b5 src/ADXL375.o
 .debug_macro   0x000172b8      0x54a src/ASF/sam0/drivers/events/events_hooks.o
 .debug_macro   0x00017802      0x579 src/ASF/sam0/drivers/events/events_sam_l_c/events.o
 .debug_macro   0x00017d7b      0x57b src/ASF/sam0/drivers/extint/extint_sam_l_c/extint.o
 .debug_macro   0x000182f6       0x18 src/ASF/sam0/drivers/extint/extint_sam_l_c/extint.o
 .debug_macro   0x0001830e       0x16 src/ASF/sam0/drivers/extint/extint_sam_l_c/extint.o
 .debug_macro   0x00018324      0x554 src/ASF/sam0/drivers/rtc/rtc_sam_l_c/rtc_calendar.o
 .debug_macro   0x00018878       0x10 src/ASF/sam0/drivers/rtc/rtc_sam_l_c/rtc_calendar.o
 .debug_macro   0x00018888      0x555 src/ASF/sam0/drivers/rtc/rtc_sam_l_c/rtc_calendar_interrupt.o
 .debug_macro   0x00018ddd      0x58f src/ASF/sam0/drivers/sercom/i2c/i2c_sam0/i2c_master.o
 .debug_macro   0x0001936c      0x569 src/ASF/sam0/drivers/tc/tc_interrupt.o
 .debug_macro   0x000198d5       0x43 src/ASF/sam0/drivers/tc/tc_interrupt.o
 .debug_macro   0x00019918       0x66 src/ASF/sam0/drivers/tc/tc_interrupt.o
 .debug_macro   0x0001997e      0x5bb src/ASF/sam0/drivers/usb/usb_sam_l/usb.o
 .debug_macro   0x00019f39      0x7cf src/HAL.o
 .debug_macro   0x0001a708      0x7d0 src/S70FL01.o
 .debug_macro   0x0001aed8      0x7d0 src/SP1ML.o
 .debug_macro   0x0001b6a8      0x581 src/ASF/sam0/drivers/sercom/usart/usart.o
 .debug_macro   0x0001bc29       0x51 src/ASF/sam0/drivers/sercom/usart/usart.o
 .debug_macro   0x0001bc7a      0x5b4 src/ASF/sam0/drivers/sercom/spi/spi.o
 .debug_macro   0x0001c22e       0x12 src/ASF/sam0/drivers/sercom/spi/spi.o
 .debug_macro   0x0001c240       0x35 src/ASF/sam0/drivers/sercom/spi/spi.o
 .debug_macro   0x0001c275      0x589 src/ASF/sam0/drivers/sercom/sercom.o
 .debug_macro   0x0001c7fe      0x51f src/ASF/sam0/drivers/extint/extint_callback.o
 .debug_macro   0x0001cd1d      0x514 src/ASF/sam0/drivers/port/port.o
 .debug_macro   0x0001d231      0x791 src/ASF/common2/boards/user_board/init.o
 .debug_macro   0x0001d9c2      0x4fa src/ASF/common/utils/interrupt/interrupt_sam_nvic.o
 .debug_macro   0x0001debc      0x561 src/ASF/sam0/drivers/system/clock/clock_saml21/clock.o
 .debug_macro   0x0001e41d      0x531 src/ASF/sam0/drivers/system/clock/clock_saml21/gclk.o
 .debug_macro   0x0001e94e      0x50a src/ASF/sam0/drivers/system/pinmux/pinmux.o
 .debug_macro   0x0001ee58       0x12 src/ASF/sam0/drivers/system/pinmux/pinmux.o
 .debug_macro   0x0001ee6a      0x53f src/ASF/sam0/drivers/system/system.o
 .debug_macro   0x0001f3a9      0x34e src/ASF/sam0/utils/cmsis/saml21/source/gcc/startup_saml21.o
 .debug_macro   0x0001f6f7       0x3a src/ASF/sam0/utils/cmsis/saml21/source/gcc/startup_saml21.o
 .debug_macro   0x0001f731      0x7ca src/main.o

.debug_line     0x00000000    0x1557b
 .debug_line    0x00000000     0x1034 src/ADT7420.o
 .debug_line    0x00001034     0x11e5 src/ADXL375.o
 .debug_line    0x00002219      0xa3d src/ASF/sam0/drivers/events/events_hooks.o
 .debug_line    0x00002c56      0xc59 src/ASF/sam0/drivers/events/events_sam_l_c/events.o
 .debug_line    0x000038af      0xc28 src/ASF/sam0/drivers/extint/extint_sam_l_c/extint.o
 .debug_line    0x000044d7      0xc57 src/ASF/sam0/drivers/rtc/rtc_sam_l_c/rtc_calendar.o
 .debug_line    0x0000512e      0xaa9 src/ASF/sam0/drivers/rtc/rtc_sam_l_c/rtc_calendar_interrupt.o
 .debug_line    0x00005bd7      0xdb0 src/ASF/sam0/drivers/sercom/i2c/i2c_sam0/i2c_master.o
 .debug_line    0x00006987      0xa63 src/ASF/sam0/drivers/tc/tc_interrupt.o
 .debug_line    0x000073ea      0xfc4 src/ASF/sam0/drivers/usb/usb_sam_l/usb.o
 .debug_line    0x000083ae     0x1188 src/HAL.o
 .debug_line    0x00009536     0x1567 src/S70FL01.o
 .debug_line    0x0000aa9d     0x121c src/SP1ML.o
 .debug_line    0x0000bcb9      0xccc src/ASF/sam0/drivers/sercom/usart/usart.o
 .debug_line    0x0000c985     0x1342 src/ASF/sam0/drivers/sercom/spi/spi.o
 .debug_line    0x0000dcc7      0xba8 src/ASF/sam0/drivers/sercom/sercom.o
 .debug_line    0x0000e86f      0x9b7 src/ASF/sam0/drivers/extint/extint_callback.o
 .debug_line    0x0000f226      0x8ee src/ASF/sam0/drivers/port/port.o
 .debug_line    0x0000fb14      0xf62 src/ASF/common2/boards/user_board/init.o
 .debug_line    0x00010a76      0x8c2 src/ASF/common/utils/interrupt/interrupt_sam_nvic.o
 .debug_line    0x00011338      0xca4 src/ASF/sam0/drivers/system/clock/clock_saml21/clock.o
 .debug_line    0x00011fdc      0xbf0 src/ASF/sam0/drivers/system/clock/clock_saml21/gclk.o
 .debug_line    0x00012bcc      0x934 src/ASF/sam0/drivers/system/pinmux/pinmux.o
 .debug_line    0x00013500      0x9d2 src/ASF/sam0/drivers/system/system.o
 .debug_line    0x00013ed2      0x6b7 src/ASF/sam0/utils/cmsis/saml21/source/gcc/startup_saml21.o
 .debug_line    0x00014589      0xff2 src/main.o

.debug_str      0x00000000    0x99784
 .debug_str     0x00000000    0x92672 src/ADT7420.o
                              0x92f1c (size before relaxing)
 .debug_str     0x00092672      0x24d src/ADXL375.o
                              0x930d6 (size before relaxing)
 .debug_str     0x000928bf      0x911 src/ASF/sam0/drivers/events/events_hooks.o
                              0x8a07c (size before relaxing)
 .debug_str     0x000931d0      0x6cc src/ASF/sam0/drivers/events/events_sam_l_c/events.o
                              0x8a4ac (size before relaxing)
 .debug_str     0x0009389c      0x5cb src/ASF/sam0/drivers/extint/extint_sam_l_c/extint.o
                              0x8a8f5 (size before relaxing)
 .debug_str     0x00093e67      0x59c src/ASF/sam0/drivers/rtc/rtc_sam_l_c/rtc_calendar.o
                              0x8bec1 (size before relaxing)
 .debug_str     0x00094403       0xf3 src/ASF/sam0/drivers/rtc/rtc_sam_l_c/rtc_calendar_interrupt.o
                              0x8af90 (size before relaxing)
 .debug_str     0x000944f6      0x608 src/ASF/sam0/drivers/sercom/i2c/i2c_sam0/i2c_master.o
                              0x8b2ab (size before relaxing)
 .debug_str     0x00094afe      0x101 src/ASF/sam0/drivers/tc/tc_interrupt.o
                              0x8a1eb (size before relaxing)
 .debug_str     0x00094bff     0x1458 src/ASF/sam0/drivers/usb/usb_sam_l/usb.o
                              0x8bd47 (size before relaxing)
 .debug_str     0x00096057      0xac8 src/HAL.o
                              0x93c2c (size before relaxing)
 .debug_str     0x00096b1f      0x582 src/S70FL01.o
                              0x9340c (size before relaxing)
 .debug_str     0x000970a1      0x153 src/SP1ML.o
                              0x92fdb (size before relaxing)
 .debug_str     0x000971f4      0x1de src/ASF/sam0/drivers/sercom/usart/usart.o
                              0x8b4ae (size before relaxing)
 .debug_str     0x000973d2      0x236 src/ASF/sam0/drivers/sercom/spi/spi.o
                              0x8b6e5 (size before relaxing)
 .debug_str     0x00097608      0x2d7 src/ASF/sam0/drivers/sercom/sercom.o
                              0x8a8f4 (size before relaxing)
 .debug_str     0x000978df      0x100 src/ASF/sam0/drivers/extint/extint_callback.o
                              0x898df (size before relaxing)
 .debug_str     0x000979df       0x4e src/ASF/sam0/drivers/port/port.o
                              0x896c5 (size before relaxing)
 .debug_str     0x00097a2d       0x3e src/ASF/common2/boards/user_board/init.o
                              0x8f4b6 (size before relaxing)
 .debug_str     0x00097a6b       0x9b src/ASF/common/utils/interrupt/interrupt_sam_nvic.o
                              0x89272 (size before relaxing)
 .debug_str     0x00097b06     0x1534 src/ASF/sam0/drivers/system/clock/clock_saml21/clock.o
                              0x8c7b9 (size before relaxing)
 .debug_str     0x0009903a      0x1c8 src/ASF/sam0/drivers/system/clock/clock_saml21/gclk.o
                              0x89ee8 (size before relaxing)
 .debug_str     0x00099202      0x156 src/ASF/sam0/drivers/system/pinmux/pinmux.o
                              0x89772 (size before relaxing)
 .debug_str     0x00099358       0x47 src/ASF/sam0/drivers/system/system.o
                              0x89302 (size before relaxing)
 .debug_str     0x0009939f      0x3a8 src/ASF/sam0/utils/cmsis/saml21/source/gcc/startup_saml21.o
                              0x75355 (size before relaxing)
 .debug_str     0x00099747       0x3d src/main.o
                              0x92e37 (size before relaxing)

.debug_frame    0x00000000     0x1720
 .debug_frame   0x00000000       0x58 src/ADT7420.o
 .debug_frame   0x00000058      0x174 src/ADXL375.o
 .debug_frame   0x000001cc       0xb8 src/ASF/sam0/drivers/events/events_hooks.o
 .debug_frame   0x00000284      0x100 src/ASF/sam0/drivers/events/events_sam_l_c/events.o
 .debug_frame   0x00000384       0xc8 src/ASF/sam0/drivers/extint/extint_sam_l_c/extint.o
 .debug_frame   0x0000044c      0x148 src/ASF/sam0/drivers/rtc/rtc_sam_l_c/rtc_calendar.o
 .debug_frame   0x00000594       0x8c src/ASF/sam0/drivers/rtc/rtc_sam_l_c/rtc_calendar_interrupt.o
 .debug_frame   0x00000620      0x1e4 src/ASF/sam0/drivers/sercom/i2c/i2c_sam0/i2c_master.o
 .debug_frame   0x00000804       0x94 src/ASF/sam0/drivers/tc/tc_interrupt.o
 .debug_frame   0x00000898      0x3a8 src/ASF/sam0/drivers/usb/usb_sam_l/usb.o
 .debug_frame   0x00000c40      0x120 src/HAL.o
 .debug_frame   0x00000d60       0x90 src/S70FL01.o
 .debug_frame   0x00000df0       0xec src/SP1ML.o
 .debug_frame   0x00000edc       0xac src/ASF/sam0/drivers/sercom/usart/usart.o
 .debug_frame   0x00000f88      0x120 src/ASF/sam0/drivers/sercom/spi/spi.o
 .debug_frame   0x000010a8       0x9c src/ASF/sam0/drivers/sercom/sercom.o
 .debug_frame   0x00001144       0x7c src/ASF/sam0/drivers/extint/extint_callback.o
 .debug_frame   0x000011c0       0x44 src/ASF/sam0/drivers/port/port.o
 .debug_frame   0x00001204       0x20 src/ASF/common2/boards/user_board/init.o
 .debug_frame   0x00001224       0x30 src/ASF/common/utils/interrupt/interrupt_sam_nvic.o
 .debug_frame   0x00001254      0x170 src/ASF/sam0/drivers/system/clock/clock_saml21/clock.o
 .debug_frame   0x000013c4      0x150 src/ASF/sam0/drivers/system/clock/clock_saml21/gclk.o
 .debug_frame   0x00001514       0x98 src/ASF/sam0/drivers/system/pinmux/pinmux.o
 .debug_frame   0x000015ac       0x38 src/ASF/sam0/drivers/system/system.o
 .debug_frame   0x000015e4       0x38 src/ASF/sam0/utils/cmsis/saml21/source/gcc/startup_saml21.o
 .debug_frame   0x0000161c       0x3c src/main.o
 .debug_frame   0x00001658       0x20 c:/program files (x86)/atmel/studio/7.0/toolchain/arm/arm-gnu-toolchain/bin/../lib/gcc/arm-none-eabi/4.9.3/armv6-m\libgcc.a(_udivsi3.o)
 .debug_frame   0x00001678       0x20 c:/program files (x86)/atmel/studio/7.0/toolchain/arm/arm-gnu-toolchain/bin/../lib/gcc/arm-none-eabi/4.9.3/armv6-m\libgcc.a(_divsi3.o)
 .debug_frame   0x00001698       0x34 c:/program files (x86)/atmel/studio/7.0/toolchain/arm/arm-gnu-toolchain/bin/../lib/gcc/arm-none-eabi/4.9.3/armv6-m\libgcc.a(_muldi3.o)
 .debug_frame   0x000016cc       0x2c c:/program files (x86)/atmel/studio/7.0/toolchain/arm/arm-gnu-toolchain/bin/../lib/gcc/arm-none-eabi/4.9.3/../../../../arm-none-eabi/lib/armv6-m\libc_nano.a(lib_a-init.o)
 .debug_frame   0x000016f8       0x28 c:/program files (x86)/atmel/studio/7.0/toolchain/arm/arm-gnu-toolchain/bin/../lib/gcc/arm-none-eabi/4.9.3/../../../../arm-none-eabi/lib/armv6-m\libc_nano.a(lib_a-memcpy.o)

Cross Reference Table

Symbol                                            File
AC_Handler                                        src/ASF/sam0/utils/cmsis/saml21/source/gcc/startup_saml21.o
ADC_Handler                                       src/ASF/sam0/utils/cmsis/saml21/source/gcc/startup_saml21.o
ADT7420_read_temp                                 src/ADT7420.o
ADXL375_ISR_Handler                               src/ADXL375.o
ADXL375_begin_sampling                            src/ADXL375.o
ADXL375_calibrate                                 src/ADXL375.o
ADXL375_disable_interrupt                         src/ADXL375.o
ADXL375_enable_interrupt                          src/ADXL375.o
ADXL375_end_sampling                              src/ADXL375.o
ADXL375_inactive_interrupts                       src/main.o
                                                  src/SP1ML.o
                                                  src/S70FL01.o
                                                  src/HAL.o
                                                  src/ADXL375.o
                                                  src/ADT7420.o
ADXL375_read_samples                              src/ADXL375.o
ADXL375_set_activity_thresh                       src/ADXL375.o
ADXL375_set_inactivity_thresh                     src/ADXL375.o
AES_Handler                                       src/ASF/sam0/utils/cmsis/saml21/source/gcc/startup_saml21.o
DAC_Handler                                       src/ASF/sam0/utils/cmsis/saml21/source/gcc/startup_saml21.o
DMAC_Handler                                      src/ASF/sam0/utils/cmsis/saml21/source/gcc/startup_saml21.o
Dummy_Handler                                     src/ASF/sam0/utils/cmsis/saml21/source/gcc/startup_saml21.o
EIC_Handler                                       src/ASF/sam0/drivers/extint/extint_callback.o
EVSYS_Handler                                     src/ASF/sam0/drivers/events/events_hooks.o
HardFault_Handler                                 src/ASF/sam0/utils/cmsis/saml21/source/gcc/startup_saml21.o
NMI_Handler                                       src/ASF/sam0/utils/cmsis/saml21/source/gcc/startup_saml21.o
NVMCTRL_Handler                                   src/ASF/sam0/utils/cmsis/saml21/source/gcc/startup_saml21.o
PTC_Handler                                       src/ASF/sam0/utils/cmsis/saml21/source/gcc/startup_saml21.o
PendSV_Handler                                    src/ASF/sam0/utils/cmsis/saml21/source/gcc/startup_saml21.o
RTC_Handler                                       src/ASF/sam0/drivers/rtc/rtc_sam_l_c/rtc_calendar_interrupt.o
Reset_Handler                                     src/ASF/sam0/utils/cmsis/saml21/source/gcc/startup_saml21.o
S70FL01_active_die                                src/main.o
                                                  src/SP1ML.o
                                                  src/S70FL01.o
                                                  src/HAL.o
                                                  src/ADXL375.o
                                                  src/ADT7420.o
S70FL01_address                                   src/main.o
                                                  src/SP1ML.o
                                                  src/S70FL01.o
                                                  src/HAL.o
                                                  src/ADXL375.o
                                                  src/ADT7420.o
S70FL01_read_byte                                 src/S70FL01.o
S70FL01_verified_write                            src/S70FL01.o
                                                  src/HAL.o
SERCOM0_Handler                                   src/ASF/sam0/utils/cmsis/saml21/source/gcc/startup_saml21.o
SERCOM1_Handler                                   src/ASF/sam0/utils/cmsis/saml21/source/gcc/startup_saml21.o
SERCOM2_Handler                                   src/ASF/sam0/utils/cmsis/saml21/source/gcc/startup_saml21.o
SERCOM3_Handler                                   src/ASF/sam0/utils/cmsis/saml21/source/gcc/startup_saml21.o
SERCOM4_Handler                                   src/ASF/sam0/utils/cmsis/saml21/source/gcc/startup_saml21.o
SERCOM5_Handler                                   src/ASF/sam0/utils/cmsis/saml21/source/gcc/startup_saml21.o
SP1ML_enter_cmd_mode                              src/SP1ML.o
SP1ML_enter_op_mode                               src/SP1ML.o
SP1ML_set_baud                                    src/SP1ML.o
SP1ML_set_output_power                            src/SP1ML.o
SP1ML_transmit_data                               src/SP1ML.o
SP1ML_transmit_debug                              src/SP1ML.o
SVC_Handler                                       src/ASF/sam0/utils/cmsis/saml21/source/gcc/startup_saml21.o
SYSTEM_Handler                                    src/ASF/sam0/utils/cmsis/saml21/source/gcc/startup_saml21.o
SysTick_Handler                                   src/ASF/sam0/utils/cmsis/saml21/source/gcc/startup_saml21.o
SystemCoreClock                                   src/ASF/sam0/utils/cmsis/saml21/source/system_saml21.o
SystemCoreClockUpdate                             src/ASF/sam0/utils/cmsis/saml21/source/system_saml21.o
SystemInit                                        src/ASF/sam0/utils/cmsis/saml21/source/system_saml21.o
TC0_Handler                                       src/ASF/sam0/drivers/tc/tc_interrupt.o
TC1_Handler                                       src/ASF/sam0/drivers/tc/tc_interrupt.o
TC4_Handler                                       src/ASF/sam0/drivers/tc/tc_interrupt.o
TCC0_Handler                                      src/ASF/sam0/utils/cmsis/saml21/source/gcc/startup_saml21.o
TCC1_Handler                                      src/ASF/sam0/utils/cmsis/saml21/source/gcc/startup_saml21.o
TCC2_Handler                                      src/ASF/sam0/utils/cmsis/saml21/source/gcc/startup_saml21.o
TRNG_Handler                                      src/ASF/sam0/utils/cmsis/saml21/source/gcc/startup_saml21.o
USB_Handler                                       src/ASF/sam0/drivers/usb/usb_sam_l/usb.o
WDT_Handler                                       src/ASF/sam0/utils/cmsis/saml21/source/gcc/startup_saml21.o
_Jv_RegisterClasses                               c:/program files (x86)/atmel/studio/7.0/toolchain/arm/arm-gnu-toolchain/bin/../lib/gcc/arm-none-eabi/4.9.3/armv6-m/crtbegin.o
__aeabi_idiv                                      c:/program files (x86)/atmel/studio/7.0/toolchain/arm/arm-gnu-toolchain/bin/../lib/gcc/arm-none-eabi/4.9.3/armv6-m\libgcc.a(_divsi3.o)
                                                  c:/program files (x86)/atmel/studio/7.0/toolchain/arm/arm-gnu-toolchain/bin/../lib/gcc/arm-none-eabi/4.9.3/../../../../arm-none-eabi/lib/armv6-m\libc_nano.a(lib_a-fvwrite.o)
                                                  src/ASF/sam0/drivers/sercom/i2c/i2c_sam0/i2c_master.o
                                                  src/ADXL375.o
__aeabi_idiv0                                     c:/program files (x86)/atmel/studio/7.0/toolchain/arm/arm-gnu-toolchain/bin/../lib/gcc/arm-none-eabi/4.9.3/armv6-m\libgcc.a(_dvmd_tls.o)
                                                  c:/program files (x86)/atmel/studio/7.0/toolchain/arm/arm-gnu-toolchain/bin/../lib/gcc/arm-none-eabi/4.9.3/armv6-m\libgcc.a(_divsi3.o)
                                                  c:/program files (x86)/atmel/studio/7.0/toolchain/arm/arm-gnu-toolchain/bin/../lib/gcc/arm-none-eabi/4.9.3/armv6-m\libgcc.a(_udivsi3.o)
__aeabi_idivmod                                   c:/program files (x86)/atmel/studio/7.0/toolchain/arm/arm-gnu-toolchain/bin/../lib/gcc/arm-none-eabi/4.9.3/armv6-m\libgcc.a(_divsi3.o)
                                                  src/ASF/sam0/drivers/usb/stack_interface/usb_device_udd.o
__aeabi_ldiv0                                     c:/program files (x86)/atmel/studio/7.0/toolchain/arm/arm-gnu-toolchain/bin/../lib/gcc/arm-none-eabi/4.9.3/armv6-m\libgcc.a(_dvmd_tls.o)
__aeabi_lmul                                      c:/program files (x86)/atmel/studio/7.0/toolchain/arm/arm-gnu-toolchain/bin/../lib/gcc/arm-none-eabi/4.9.3/armv6-m\libgcc.a(_muldi3.o)
                                                  src/ASF/sam0/drivers/sercom/sercom.o
__aeabi_uidiv                                     c:/program files (x86)/atmel/studio/7.0/toolchain/arm/arm-gnu-toolchain/bin/../lib/gcc/arm-none-eabi/4.9.3/armv6-m\libgcc.a(_udivsi3.o)
                                                  c:/program files (x86)/atmel/studio/7.0/toolchain/arm/arm-gnu-toolchain/bin/../lib/gcc/arm-none-eabi/4.9.3/../../../../arm-none-eabi/lib/armv6-m\libc_nano.a(lib_a-nano-vfprintf_i.o)
                                                  src/ASF/sam0/drivers/system/clock/clock_saml21/gclk.o
                                                  src/ASF/sam0/drivers/system/clock/clock_saml21/clock.o
                                                  src/ASF/sam0/drivers/sercom/i2c/i2c_sam0/i2c_master.o
                                                  src/ASF/sam0/drivers/nvm/nvm.o
__aeabi_uidivmod                                  c:/program files (x86)/atmel/studio/7.0/toolchain/arm/arm-gnu-toolchain/bin/../lib/gcc/arm-none-eabi/4.9.3/armv6-m\libgcc.a(_udivsi3.o)
                                                  c:/program files (x86)/atmel/studio/7.0/toolchain/arm/arm-gnu-toolchain/bin/../lib/gcc/arm-none-eabi/4.9.3/../../../../arm-none-eabi/lib/armv6-m\libc_nano.a(lib_a-nano-vfprintf_i.o)
                                                  src/HAL.o
                                                  src/ASF/sam0/drivers/usb/stack_interface/usb_device_udd.o
                                                  src/ASF/sam0/drivers/rtc/rtc_sam_l_c/rtc_calendar.o
                                                  src/ASF/sam0/drivers/nvm/nvm.o
__bss_end__                                       c:/program files (x86)/atmel/studio/7.0/toolchain/arm/arm-gnu-toolchain/bin/../lib/gcc/arm-none-eabi/4.9.3/../../../../arm-none-eabi/lib/armv6-m/crt0.o
__bss_start__                                     c:/program files (x86)/atmel/studio/7.0/toolchain/arm/arm-gnu-toolchain/bin/../lib/gcc/arm-none-eabi/4.9.3/../../../../arm-none-eabi/lib/armv6-m/crt0.o
__call_exitprocs                                  c:/program files (x86)/atmel/studio/7.0/toolchain/arm/arm-gnu-toolchain/bin/../lib/gcc/arm-none-eabi/4.9.3/../../../../arm-none-eabi/lib/armv6-m\libc_nano.a(lib_a-exit.o)
__clzsi2                                          c:/program files (x86)/atmel/studio/7.0/toolchain/arm/arm-gnu-toolchain/bin/../lib/gcc/arm-none-eabi/4.9.3/armv6-m\libgcc.a(_clzsi2.o)
                                                  src/ASF/sam0/drivers/usb/usb_sam_l/usb.o
__ctzsi2                                          c:/program files (x86)/atmel/studio/7.0/toolchain/arm/arm-gnu-toolchain/bin/../lib/gcc/arm-none-eabi/4.9.3/armv6-m\libgcc.a(_ctzsi2.o)
                                                  src/ASF/sam0/drivers/usb/usb_sam_l/usb.o
__deregister_frame_info                           c:/program files (x86)/atmel/studio/7.0/toolchain/arm/arm-gnu-toolchain/bin/../lib/gcc/arm-none-eabi/4.9.3/armv6-m/crtbegin.o
__divsi3                                          c:/program files (x86)/atmel/studio/7.0/toolchain/arm/arm-gnu-toolchain/bin/../lib/gcc/arm-none-eabi/4.9.3/armv6-m\libgcc.a(_divsi3.o)
__dso_handle                                      c:/program files (x86)/atmel/studio/7.0/toolchain/arm/arm-gnu-toolchain/bin/../lib/gcc/arm-none-eabi/4.9.3/armv6-m/crtbegin.o
__fp_lock_all                                     c:/program files (x86)/atmel/studio/7.0/toolchain/arm/arm-gnu-toolchain/bin/../lib/gcc/arm-none-eabi/4.9.3/../../../../arm-none-eabi/lib/armv6-m\libc_nano.a(lib_a-findfp.o)
__fp_unlock_all                                   c:/program files (x86)/atmel/studio/7.0/toolchain/arm/arm-gnu-toolchain/bin/../lib/gcc/arm-none-eabi/4.9.3/../../../../arm-none-eabi/lib/armv6-m\libc_nano.a(lib_a-findfp.o)
__init_array_end                                  c:/program files (x86)/atmel/studio/7.0/toolchain/arm/arm-gnu-toolchain/bin/../lib/gcc/arm-none-eabi/4.9.3/../../../../arm-none-eabi/lib/armv6-m\libc_nano.a(lib_a-init.o)
__init_array_start                                c:/program files (x86)/atmel/studio/7.0/toolchain/arm/arm-gnu-toolchain/bin/../lib/gcc/arm-none-eabi/4.9.3/../../../../arm-none-eabi/lib/armv6-m\libc_nano.a(lib_a-init.o)
__libc_fini_array                                 c:/program files (x86)/atmel/studio/7.0/toolchain/arm/arm-gnu-toolchain/bin/../lib/gcc/arm-none-eabi/4.9.3/../../../../arm-none-eabi/lib/armv6-m/crt0.o
__libc_init_array                                 c:/program files (x86)/atmel/studio/7.0/toolchain/arm/arm-gnu-toolchain/bin/../lib/gcc/arm-none-eabi/4.9.3/../../../../arm-none-eabi/lib/armv6-m\libc_nano.a(lib_a-init.o)
                                                  src/ASF/sam0/utils/cmsis/saml21/source/gcc/startup_saml21.o
                                                  c:/program files (x86)/atmel/studio/7.0/toolchain/arm/arm-gnu-toolchain/bin/../lib/gcc/arm-none-eabi/4.9.3/../../../../arm-none-eabi/lib/armv6-m/crt0.o
__malloc_free_list                                c:/program files (x86)/atmel/studio/7.0/toolchain/arm/arm-gnu-toolchain/bin/../lib/gcc/arm-none-eabi/4.9.3/../../../../arm-none-eabi/lib/armv6-m\libc_nano.a(lib_a-nano-mallocr.o)
                                                  c:/program files (x86)/atmel/studio/7.0/toolchain/arm/arm-gnu-toolchain/bin/../lib/gcc/arm-none-eabi/4.9.3/../../../../arm-none-eabi/lib/armv6-m\libc_nano.a(lib_a-nano-freer.o)
__malloc_sbrk_start                               c:/program files (x86)/atmel/studio/7.0/toolchain/arm/arm-gnu-toolchain/bin/../lib/gcc/arm-none-eabi/4.9.3/../../../../arm-none-eabi/lib/armv6-m\libc_nano.a(lib_a-nano-mallocr.o)
__muldi3                                          c:/program files (x86)/atmel/studio/7.0/toolchain/arm/arm-gnu-toolchain/bin/../lib/gcc/arm-none-eabi/4.9.3/armv6-m\libgcc.a(_muldi3.o)
__preinit_array_end                               c:/program files (x86)/atmel/studio/7.0/toolchain/arm/arm-gnu-toolchain/bin/../lib/gcc/arm-none-eabi/4.9.3/../../../../arm-none-eabi/lib/armv6-m\libc_nano.a(lib_a-init.o)
__preinit_array_start                             c:/program files (x86)/atmel/studio/7.0/toolchain/arm/arm-gnu-toolchain/bin/../lib/gcc/arm-none-eabi/4.9.3/../../../../arm-none-eabi/lib/armv6-m\libc_nano.a(lib_a-init.o)
__register_frame_info                             c:/program files (x86)/atmel/studio/7.0/toolchain/arm/arm-gnu-toolchain/bin/../lib/gcc/arm-none-eabi/4.9.3/armv6-m/crtbegin.o
__sclose                                          c:/program files (x86)/atmel/studio/7.0/toolchain/arm/arm-gnu-toolchain/bin/../lib/gcc/arm-none-eabi/4.9.3/../../../../arm-none-eabi/lib/armv6-m\libc_nano.a(lib_a-stdio.o)
                                                  c:/program files (x86)/atmel/studio/7.0/toolchain/arm/arm-gnu-toolchain/bin/../lib/gcc/arm-none-eabi/4.9.3/../../../../arm-none-eabi/lib/armv6-m\libc_nano.a(lib_a-findfp.o)
__seofread                                        c:/program files (x86)/atmel/studio/7.0/toolchain/arm/arm-gnu-toolchain/bin/../lib/gcc/arm-none-eabi/4.9.3/../../../../arm-none-eabi/lib/armv6-m\libc_nano.a(lib_a-stdio.o)
__sf_fake_stderr                                  c:/program files (x86)/atmel/studio/7.0/toolchain/arm/arm-gnu-toolchain/bin/../lib/gcc/arm-none-eabi/4.9.3/../../../../arm-none-eabi/lib/armv6-m\libc_nano.a(lib_a-findfp.o)
                                                  c:/program files (x86)/atmel/studio/7.0/toolchain/arm/arm-gnu-toolchain/bin/../lib/gcc/arm-none-eabi/4.9.3/../../../../arm-none-eabi/lib/armv6-m\libc_nano.a(lib_a-fflush.o)
                                                  c:/program files (x86)/atmel/studio/7.0/toolchain/arm/arm-gnu-toolchain/bin/../lib/gcc/arm-none-eabi/4.9.3/../../../../arm-none-eabi/lib/armv6-m\libc_nano.a(lib_a-wsetup.o)
                                                  c:/program files (x86)/atmel/studio/7.0/toolchain/arm/arm-gnu-toolchain/bin/../lib/gcc/arm-none-eabi/4.9.3/../../../../arm-none-eabi/lib/armv6-m\libc_nano.a(lib_a-wbuf.o)
                                                  c:/program files (x86)/atmel/studio/7.0/toolchain/arm/arm-gnu-toolchain/bin/../lib/gcc/arm-none-eabi/4.9.3/../../../../arm-none-eabi/lib/armv6-m\libc_nano.a(lib_a-nano-vfprintf.o)
                                                  c:/program files (x86)/atmel/studio/7.0/toolchain/arm/arm-gnu-toolchain/bin/../lib/gcc/arm-none-eabi/4.9.3/../../../../arm-none-eabi/lib/armv6-m\libc_nano.a(lib_a-impure.o)
__sf_fake_stdin                                   c:/program files (x86)/atmel/studio/7.0/toolchain/arm/arm-gnu-toolchain/bin/../lib/gcc/arm-none-eabi/4.9.3/../../../../arm-none-eabi/lib/armv6-m\libc_nano.a(lib_a-findfp.o)
                                                  c:/program files (x86)/atmel/studio/7.0/toolchain/arm/arm-gnu-toolchain/bin/../lib/gcc/arm-none-eabi/4.9.3/../../../../arm-none-eabi/lib/armv6-m\libc_nano.a(lib_a-fflush.o)
                                                  c:/program files (x86)/atmel/studio/7.0/toolchain/arm/arm-gnu-toolchain/bin/../lib/gcc/arm-none-eabi/4.9.3/../../../../arm-none-eabi/lib/armv6-m\libc_nano.a(lib_a-wsetup.o)
                                                  c:/program files (x86)/atmel/studio/7.0/toolchain/arm/arm-gnu-toolchain/bin/../lib/gcc/arm-none-eabi/4.9.3/../../../../arm-none-eabi/lib/armv6-m\libc_nano.a(lib_a-wbuf.o)
                                                  c:/program files (x86)/atmel/studio/7.0/toolchain/arm/arm-gnu-toolchain/bin/../lib/gcc/arm-none-eabi/4.9.3/../../../../arm-none-eabi/lib/armv6-m\libc_nano.a(lib_a-nano-vfprintf.o)
                                                  c:/program files (x86)/atmel/studio/7.0/toolchain/arm/arm-gnu-toolchain/bin/../lib/gcc/arm-none-eabi/4.9.3/../../../../arm-none-eabi/lib/armv6-m\libc_nano.a(lib_a-impure.o)
__sf_fake_stdout                                  c:/program files (x86)/atmel/studio/7.0/toolchain/arm/arm-gnu-toolchain/bin/../lib/gcc/arm-none-eabi/4.9.3/../../../../arm-none-eabi/lib/armv6-m\libc_nano.a(lib_a-findfp.o)
                                                  c:/program files (x86)/atmel/studio/7.0/toolchain/arm/arm-gnu-toolchain/bin/../lib/gcc/arm-none-eabi/4.9.3/../../../../arm-none-eabi/lib/armv6-m\libc_nano.a(lib_a-fflush.o)
                                                  c:/program files (x86)/atmel/studio/7.0/toolchain/arm/arm-gnu-toolchain/bin/../lib/gcc/arm-none-eabi/4.9.3/../../../../arm-none-eabi/lib/armv6-m\libc_nano.a(lib_a-wsetup.o)
                                                  c:/program files (x86)/atmel/studio/7.0/toolchain/arm/arm-gnu-toolchain/bin/../lib/gcc/arm-none-eabi/4.9.3/../../../../arm-none-eabi/lib/armv6-m\libc_nano.a(lib_a-wbuf.o)
                                                  c:/program files (x86)/atmel/studio/7.0/toolchain/arm/arm-gnu-toolchain/bin/../lib/gcc/arm-none-eabi/4.9.3/../../../../arm-none-eabi/lib/armv6-m\libc_nano.a(lib_a-nano-vfprintf.o)
                                                  c:/program files (x86)/atmel/studio/7.0/toolchain/arm/arm-gnu-toolchain/bin/../lib/gcc/arm-none-eabi/4.9.3/../../../../arm-none-eabi/lib/armv6-m\libc_nano.a(lib_a-impure.o)
__sflush_r                                        c:/program files (x86)/atmel/studio/7.0/toolchain/arm/arm-gnu-toolchain/bin/../lib/gcc/arm-none-eabi/4.9.3/../../../../arm-none-eabi/lib/armv6-m\libc_nano.a(lib_a-fflush.o)
__sfmoreglue                                      c:/program files (x86)/atmel/studio/7.0/toolchain/arm/arm-gnu-toolchain/bin/../lib/gcc/arm-none-eabi/4.9.3/../../../../arm-none-eabi/lib/armv6-m\libc_nano.a(lib_a-findfp.o)
__sfp                                             c:/program files (x86)/atmel/studio/7.0/toolchain/arm/arm-gnu-toolchain/bin/../lib/gcc/arm-none-eabi/4.9.3/../../../../arm-none-eabi/lib/armv6-m\libc_nano.a(lib_a-findfp.o)
__sfp_lock_acquire                                c:/program files (x86)/atmel/studio/7.0/toolchain/arm/arm-gnu-toolchain/bin/../lib/gcc/arm-none-eabi/4.9.3/../../../../arm-none-eabi/lib/armv6-m\libc_nano.a(lib_a-findfp.o)
__sfp_lock_release                                c:/program files (x86)/atmel/studio/7.0/toolchain/arm/arm-gnu-toolchain/bin/../lib/gcc/arm-none-eabi/4.9.3/../../../../arm-none-eabi/lib/armv6-m\libc_nano.a(lib_a-findfp.o)
__sfputs_r                                        c:/program files (x86)/atmel/studio/7.0/toolchain/arm/arm-gnu-toolchain/bin/../lib/gcc/arm-none-eabi/4.9.3/../../../../arm-none-eabi/lib/armv6-m\libc_nano.a(lib_a-nano-vfprintf.o)
__sfvwrite_r                                      c:/program files (x86)/atmel/studio/7.0/toolchain/arm/arm-gnu-toolchain/bin/../lib/gcc/arm-none-eabi/4.9.3/../../../../arm-none-eabi/lib/armv6-m\libc_nano.a(lib_a-fvwrite.o)
                                                  c:/program files (x86)/atmel/studio/7.0/toolchain/arm/arm-gnu-toolchain/bin/../lib/gcc/arm-none-eabi/4.9.3/../../../../arm-none-eabi/lib/armv6-m\libc_nano.a(lib_a-nano-vfprintf.o)
__sinit                                           c:/program files (x86)/atmel/studio/7.0/toolchain/arm/arm-gnu-toolchain/bin/../lib/gcc/arm-none-eabi/4.9.3/../../../../arm-none-eabi/lib/armv6-m\libc_nano.a(lib_a-findfp.o)
                                                  c:/program files (x86)/atmel/studio/7.0/toolchain/arm/arm-gnu-toolchain/bin/../lib/gcc/arm-none-eabi/4.9.3/../../../../arm-none-eabi/lib/armv6-m\libc_nano.a(lib_a-fflush.o)
                                                  c:/program files (x86)/atmel/studio/7.0/toolchain/arm/arm-gnu-toolchain/bin/../lib/gcc/arm-none-eabi/4.9.3/../../../../arm-none-eabi/lib/armv6-m\libc_nano.a(lib_a-wsetup.o)
                                                  c:/program files (x86)/atmel/studio/7.0/toolchain/arm/arm-gnu-toolchain/bin/../lib/gcc/arm-none-eabi/4.9.3/../../../../arm-none-eabi/lib/armv6-m\libc_nano.a(lib_a-wbuf.o)
                                                  c:/program files (x86)/atmel/studio/7.0/toolchain/arm/arm-gnu-toolchain/bin/../lib/gcc/arm-none-eabi/4.9.3/../../../../arm-none-eabi/lib/armv6-m\libc_nano.a(lib_a-nano-vfprintf.o)
                                                  c:/program files (x86)/atmel/studio/7.0/toolchain/arm/arm-gnu-toolchain/bin/../lib/gcc/arm-none-eabi/4.9.3/../../../../arm-none-eabi/lib/armv6-m\libc_nano.a(lib_a-printf.o)
__sinit_lock_acquire                              c:/program files (x86)/atmel/studio/7.0/toolchain/arm/arm-gnu-toolchain/bin/../lib/gcc/arm-none-eabi/4.9.3/../../../../arm-none-eabi/lib/armv6-m\libc_nano.a(lib_a-findfp.o)
__sinit_lock_release                              c:/program files (x86)/atmel/studio/7.0/toolchain/arm/arm-gnu-toolchain/bin/../lib/gcc/arm-none-eabi/4.9.3/../../../../arm-none-eabi/lib/armv6-m\libc_nano.a(lib_a-findfp.o)
__smakebuf_r                                      c:/program files (x86)/atmel/studio/7.0/toolchain/arm/arm-gnu-toolchain/bin/../lib/gcc/arm-none-eabi/4.9.3/../../../../arm-none-eabi/lib/armv6-m\libc_nano.a(lib_a-makebuf.o)
                                                  c:/program files (x86)/atmel/studio/7.0/toolchain/arm/arm-gnu-toolchain/bin/../lib/gcc/arm-none-eabi/4.9.3/../../../../arm-none-eabi/lib/armv6-m\libc_nano.a(lib_a-wsetup.o)
__sprint_r                                        c:/program files (x86)/atmel/studio/7.0/toolchain/arm/arm-gnu-toolchain/bin/../lib/gcc/arm-none-eabi/4.9.3/../../../../arm-none-eabi/lib/armv6-m\libc_nano.a(lib_a-nano-vfprintf.o)
__sread                                           c:/program files (x86)/atmel/studio/7.0/toolchain/arm/arm-gnu-toolchain/bin/../lib/gcc/arm-none-eabi/4.9.3/../../../../arm-none-eabi/lib/armv6-m\libc_nano.a(lib_a-stdio.o)
                                                  c:/program files (x86)/atmel/studio/7.0/toolchain/arm/arm-gnu-toolchain/bin/../lib/gcc/arm-none-eabi/4.9.3/../../../../arm-none-eabi/lib/armv6-m\libc_nano.a(lib_a-findfp.o)
__sseek                                           c:/program files (x86)/atmel/studio/7.0/toolchain/arm/arm-gnu-toolchain/bin/../lib/gcc/arm-none-eabi/4.9.3/../../../../arm-none-eabi/lib/armv6-m\libc_nano.a(lib_a-stdio.o)
                                                  c:/program files (x86)/atmel/studio/7.0/toolchain/arm/arm-gnu-toolchain/bin/../lib/gcc/arm-none-eabi/4.9.3/../../../../arm-none-eabi/lib/armv6-m\libc_nano.a(lib_a-findfp.o)
__ssprint_r                                       c:/program files (x86)/atmel/studio/7.0/toolchain/arm/arm-gnu-toolchain/bin/../lib/gcc/arm-none-eabi/4.9.3/../../../../arm-none-eabi/lib/armv6-m\libc_nano.a(lib_a-nano-svfprintf.o)
__ssputs_r                                        c:/program files (x86)/atmel/studio/7.0/toolchain/arm/arm-gnu-toolchain/bin/../lib/gcc/arm-none-eabi/4.9.3/../../../../arm-none-eabi/lib/armv6-m\libc_nano.a(lib_a-nano-svfprintf.o)
__stack                                           c:/program files (x86)/atmel/studio/7.0/toolchain/arm/arm-gnu-toolchain/bin/../lib/gcc/arm-none-eabi/4.9.3/../../../../arm-none-eabi/lib/armv6-m/crt0.o
__swbuf                                           c:/program files (x86)/atmel/studio/7.0/toolchain/arm/arm-gnu-toolchain/bin/../lib/gcc/arm-none-eabi/4.9.3/../../../../arm-none-eabi/lib/armv6-m\libc_nano.a(lib_a-wbuf.o)
__swbuf_r                                         c:/program files (x86)/atmel/studio/7.0/toolchain/arm/arm-gnu-toolchain/bin/../lib/gcc/arm-none-eabi/4.9.3/../../../../arm-none-eabi/lib/armv6-m\libc_nano.a(lib_a-wbuf.o)
                                                  c:/program files (x86)/atmel/studio/7.0/toolchain/arm/arm-gnu-toolchain/bin/../lib/gcc/arm-none-eabi/4.9.3/../../../../arm-none-eabi/lib/armv6-m\libc_nano.a(lib_a-nano-vfprintf.o)
__swrite                                          c:/program files (x86)/atmel/studio/7.0/toolchain/arm/arm-gnu-toolchain/bin/../lib/gcc/arm-none-eabi/4.9.3/../../../../arm-none-eabi/lib/armv6-m\libc_nano.a(lib_a-stdio.o)
                                                  c:/program files (x86)/atmel/studio/7.0/toolchain/arm/arm-gnu-toolchain/bin/../lib/gcc/arm-none-eabi/4.9.3/../../../../arm-none-eabi/lib/armv6-m\libc_nano.a(lib_a-findfp.o)
__swsetup_r                                       c:/program files (x86)/atmel/studio/7.0/toolchain/arm/arm-gnu-toolchain/bin/../lib/gcc/arm-none-eabi/4.9.3/../../../../arm-none-eabi/lib/armv6-m\libc_nano.a(lib_a-wsetup.o)
                                                  c:/program files (x86)/atmel/studio/7.0/toolchain/arm/arm-gnu-toolchain/bin/../lib/gcc/arm-none-eabi/4.9.3/../../../../arm-none-eabi/lib/armv6-m\libc_nano.a(lib_a-fvwrite.o)